../Core/Src/main.c:104:5:main	8	static
../Core/Src/main.c:191:6:SystemClock_Config	88	static
../Core/Src/main.c:237:13:MX_I2S3_Init	8	static
../Core/Src/main.c:271:13:MX_SPI1_Init	8	static
../Core/Src/main.c:309:13:MX_TIM1_Init	80	static
../Core/Src/main.c:379:13:MX_TIM2_Init	48	static
../Core/Src/main.c:436:13:MX_TIM3_Init	48	static
../Core/Src/main.c:497:13:MX_TIM4_Init	48	static
../Core/Src/main.c:546:13:MX_TIM9_Init	40	static
../Core/Src/main.c:592:13:MX_TIM12_Init	40	static
../Core/Src/main.c:634:13:MX_USART2_UART_Init	8	static
../Core/Src/main.c:667:13:MX_GPIO_Init	56	static
../Core/Src/main.c:793:6:Error_Handler	4	static,ignoring_inline_asm
