../Core/Src/main.c:104:5:main	1
../Core/Src/main.c:186:6:SystemClock_Config	3
../Core/Src/main.c:232:13:MX_I2S3_Init	2
../Core/Src/main.c:266:13:MX_SPI1_Init	2
../Core/Src/main.c:304:13:MX_TIM1_Init	6
../Core/Src/main.c:374:13:MX_TIM2_Init	6
../Core/Src/main.c:431:13:MX_TIM3_Init	7
../Core/Src/main.c:492:13:MX_TIM4_Init	7
../Core/Src/main.c:555:13:MX_TIM9_Init	4
../Core/Src/main.c:601:13:MX_TIM12_Init	3
../Core/Src/main.c:643:13:MX_USART2_UART_Init	2
../Core/Src/main.c:676:13:MX_GPIO_Init	1
../Core/Src/main.c:795:6:Error_Handler	1
