../Core/Src/main.c:98:5:main	8	static
../Core/Src/main.c:187:6:SystemClock_Config	88	static
../Core/Src/main.c:233:13:MX_I2C1_Init	8	static
../Core/Src/main.c:267:13:MX_I2S3_Init	8	static
../Core/Src/main.c:301:13:MX_SPI1_Init	8	static
../Core/Src/main.c:339:13:MX_TIM2_Init	48	static
../Core/Src/main.c:388:13:MX_TIM3_Init	48	static
../Core/Src/main.c:449:13:MX_USART2_UART_Init	8	static
../Core/Src/main.c:482:13:MX_GPIO_Init	56	static
../Core/Src/main.c:586:6:Error_Handler	4	static,ignoring_inline_asm
