../Core/Src/stm32f4xx_it.c:13:6:NMI_Handler	4	static
../Core/Src/stm32f4xx_it.c:14:6:HardFault_Handler	4	static
../Core/Src/stm32f4xx_it.c:15:6:MemManage_Handler	4	static
../Core/Src/stm32f4xx_it.c:16:6:BusFault_Handler	4	static
../Core/Src/stm32f4xx_it.c:17:6:UsageFault_Handler	4	static
../Core/Src/stm32f4xx_it.c:18:6:SVC_Handler	4	static
../Core/Src/stm32f4xx_it.c:19:6:DebugMon_Handler	4	static
../Core/Src/stm32f4xx_it.c:20:6:PendSV_Handler	4	static
../Core/Src/stm32f4xx_it.c:22:6:SysTick_Handler	8	static
../Core/Src/stm32f4xx_it.c:26:6:USART2_IRQHandler	8	static
../Core/Src/stm32f4xx_it.c:30:6:OTG_FS_IRQHandler	8	static
../Core/Src/stm32f4xx_it.c:39:6:HAL_UART_RxCpltCallback	16	static
