../Core/Src/user.c:28:10:millis	8	static
../Core/Src/user.c:35:6:recieve_uart	16	static
../Core/Src/user.c:55:6:parse_uart_data	96	static
../Core/Src/user.c:111:6:motor_set_speed	32	static
../Core/Src/user.c:125:6:motor_set_speed255	32	static
../Core/Src/user.c:138:6:Servo_WriteAngle	24	static
../Core/Src/user.c:148:6:Bldc_writePulse	24	static
../Core/Src/user.c:159:5:bldc_maping	32	static
../Core/Src/user.c:174:6:map	24	static
../Core/Src/user.c:181:6:Stepper_SetDirection	16	static
../Core/Src/user.c:191:6:Stepper_SetSpeed	32	static
