Archive member included to satisfy reference by file (symbol)

D:/STM32CubeIDE_1.19.0/STM32CubeIDE/plugins/com.st.stm32cube.ide.mcu.externaltools.gnu-tools-for-stm32.13.3.rel1.win32_1.0.0.202411081344/tools/bin/../lib/gcc/arm-none-eabi/13.3.1/../../../../arm-none-eabi/lib/thumb/v7e-m+fp/hard\libc_nano.a(libc_a-exit.o)
                              D:/STM32CubeIDE_1.19.0/STM32CubeIDE/plugins/com.st.stm32cube.ide.mcu.externaltools.gnu-tools-for-stm32.13.3.rel1.win32_1.0.0.202411081344/tools/bin/../lib/gcc/arm-none-eabi/13.3.1/../../../../arm-none-eabi/lib/thumb/v7e-m+fp/hard/crt0.o (exit)
D:/STM32CubeIDE_1.19.0/STM32CubeIDE/plugins/com.st.stm32cube.ide.mcu.externaltools.gnu-tools-for-stm32.13.3.rel1.win32_1.0.0.202411081344/tools/bin/../lib/gcc/arm-none-eabi/13.3.1/../../../../arm-none-eabi/lib/thumb/v7e-m+fp/hard\libc_nano.a(libc_a-findfp.o)
                              D:/STM32CubeIDE_1.19.0/STM32CubeIDE/plugins/com.st.stm32cube.ide.mcu.externaltools.gnu-tools-for-stm32.13.3.rel1.win32_1.0.0.202411081344/tools/bin/../lib/gcc/arm-none-eabi/13.3.1/../../../../arm-none-eabi/lib/thumb/v7e-m+fp/hard\libc_nano.a(libc_a-exit.o) (__stdio_exit_handler)
D:/STM32CubeIDE_1.19.0/STM32CubeIDE/plugins/com.st.stm32cube.ide.mcu.externaltools.gnu-tools-for-stm32.13.3.rel1.win32_1.0.0.202411081344/tools/bin/../lib/gcc/arm-none-eabi/13.3.1/../../../../arm-none-eabi/lib/thumb/v7e-m+fp/hard\libc_nano.a(libc_a-fwalk.o)
                              D:/STM32CubeIDE_1.19.0/STM32CubeIDE/plugins/com.st.stm32cube.ide.mcu.externaltools.gnu-tools-for-stm32.13.3.rel1.win32_1.0.0.202411081344/tools/bin/../lib/gcc/arm-none-eabi/13.3.1/../../../../arm-none-eabi/lib/thumb/v7e-m+fp/hard\libc_nano.a(libc_a-findfp.o) (_fwalk_sglue)
D:/STM32CubeIDE_1.19.0/STM32CubeIDE/plugins/com.st.stm32cube.ide.mcu.externaltools.gnu-tools-for-stm32.13.3.rel1.win32_1.0.0.202411081344/tools/bin/../lib/gcc/arm-none-eabi/13.3.1/../../../../arm-none-eabi/lib/thumb/v7e-m+fp/hard\libc_nano.a(libc_a-printf.o)
                              ./Core/Src/bot.o (printf)
D:/STM32CubeIDE_1.19.0/STM32CubeIDE/plugins/com.st.stm32cube.ide.mcu.externaltools.gnu-tools-for-stm32.13.3.rel1.win32_1.0.0.202411081344/tools/bin/../lib/gcc/arm-none-eabi/13.3.1/../../../../arm-none-eabi/lib/thumb/v7e-m+fp/hard\libc_nano.a(libc_a-puts.o)
                              ./Core/Src/bot.o (puts)
D:/STM32CubeIDE_1.19.0/STM32CubeIDE/plugins/com.st.stm32cube.ide.mcu.externaltools.gnu-tools-for-stm32.13.3.rel1.win32_1.0.0.202411081344/tools/bin/../lib/gcc/arm-none-eabi/13.3.1/../../../../arm-none-eabi/lib/thumb/v7e-m+fp/hard\libc_nano.a(libc_a-stdio.o)
                              D:/STM32CubeIDE_1.19.0/STM32CubeIDE/plugins/com.st.stm32cube.ide.mcu.externaltools.gnu-tools-for-stm32.13.3.rel1.win32_1.0.0.202411081344/tools/bin/../lib/gcc/arm-none-eabi/13.3.1/../../../../arm-none-eabi/lib/thumb/v7e-m+fp/hard\libc_nano.a(libc_a-findfp.o) (__sread)
D:/STM32CubeIDE_1.19.0/STM32CubeIDE/plugins/com.st.stm32cube.ide.mcu.externaltools.gnu-tools-for-stm32.13.3.rel1.win32_1.0.0.202411081344/tools/bin/../lib/gcc/arm-none-eabi/13.3.1/../../../../arm-none-eabi/lib/thumb/v7e-m+fp/hard\libc_nano.a(libc_a-wbuf.o)
                              D:/STM32CubeIDE_1.19.0/STM32CubeIDE/plugins/com.st.stm32cube.ide.mcu.externaltools.gnu-tools-for-stm32.13.3.rel1.win32_1.0.0.202411081344/tools/bin/../lib/gcc/arm-none-eabi/13.3.1/../../../../arm-none-eabi/lib/thumb/v7e-m+fp/hard\libc_nano.a(libc_a-puts.o) (__swbuf_r)
D:/STM32CubeIDE_1.19.0/STM32CubeIDE/plugins/com.st.stm32cube.ide.mcu.externaltools.gnu-tools-for-stm32.13.3.rel1.win32_1.0.0.202411081344/tools/bin/../lib/gcc/arm-none-eabi/13.3.1/../../../../arm-none-eabi/lib/thumb/v7e-m+fp/hard\libc_nano.a(libc_a-wsetup.o)
                              D:/STM32CubeIDE_1.19.0/STM32CubeIDE/plugins/com.st.stm32cube.ide.mcu.externaltools.gnu-tools-for-stm32.13.3.rel1.win32_1.0.0.202411081344/tools/bin/../lib/gcc/arm-none-eabi/13.3.1/../../../../arm-none-eabi/lib/thumb/v7e-m+fp/hard\libc_nano.a(libc_a-puts.o) (__swsetup_r)
D:/STM32CubeIDE_1.19.0/STM32CubeIDE/plugins/com.st.stm32cube.ide.mcu.externaltools.gnu-tools-for-stm32.13.3.rel1.win32_1.0.0.202411081344/tools/bin/../lib/gcc/arm-none-eabi/13.3.1/../../../../arm-none-eabi/lib/thumb/v7e-m+fp/hard\libc_nano.a(libc_a-memset.o)
                              D:/STM32CubeIDE_1.19.0/STM32CubeIDE/plugins/com.st.stm32cube.ide.mcu.externaltools.gnu-tools-for-stm32.13.3.rel1.win32_1.0.0.202411081344/tools/bin/../lib/gcc/arm-none-eabi/13.3.1/../../../../arm-none-eabi/lib/thumb/v7e-m+fp/hard/crt0.o (memset)
D:/STM32CubeIDE_1.19.0/STM32CubeIDE/plugins/com.st.stm32cube.ide.mcu.externaltools.gnu-tools-for-stm32.13.3.rel1.win32_1.0.0.202411081344/tools/bin/../lib/gcc/arm-none-eabi/13.3.1/../../../../arm-none-eabi/lib/thumb/v7e-m+fp/hard\libc_nano.a(libc_a-closer.o)
[...]
Memory Configuration

Name             Origin             Length             Attributes
CCMRAM           0x10000000         0x00010000         xrw
RAM              0x20000000         0x00020000         xrw
FLASH            0x08000000         0x00080000         xr
*default*        0x00000000         0xffffffff

Linker script and memory map

LOAD D:/STM32CubeIDE_1.19.0/STM32CubeIDE/plugins/com.st.stm32cube.ide.mcu.externaltools.gnu-tools-for-stm32.13.3.rel1.win32_1.0.0.202411081344/tools/bin/../lib/gcc/arm-none-eabi/13.3.1/thumb/v7e-m+fp/hard/crti.o
LOAD D:/STM32CubeIDE_1.19.0/STM32CubeIDE/plugins/com.st.stm32cube.ide.mcu.externaltools.gnu-tools-for-stm32.13.3.rel1.win32_1.0.0.202411081344/tools/bin/../lib/gcc/arm-none-eabi/13.3.1/thumb/v7e-m+fp/hard/crtbegin.o
LOAD D:/STM32CubeIDE_1.19.0/STM32CubeIDE/plugins/com.st.stm32cube.ide.mcu.externaltools.gnu-tools-for-stm32.13.3.rel1.win32_1.0.0.202411081344/tools/bin/../lib/gcc/arm-none-eabi/13.3.1/../../../../arm-none-eabi/lib/thumb/v7e-m+fp/hard/crt0.o
LOAD ./Core/Src/bot.o
LOAD ./Core/Src/ksf_arm_control.o
LOAD ./Core/Src/locomotion.o
LOAD ./Core/Src/main.o
LOAD ./Core/Src/staff_arm_control.o
LOAD ./Core/Src/stm32f4xx_hal_msp.o
LOAD ./Core/Src/stm32f4xx_it.o
LOAD ./Core/Src/syscalls.o
LOAD ./Core/Src/sysmem.o
LOAD ./Core/Src/system_stm32f4xx.o
LOAD ./Core/Src/test_code.o
LOAD ./Core/Src/user.o
LOAD ./Core/Startup/startup_stm32f407vetx.o
LOAD ./Drivers/STM32F4xx_HAL_Driver/Src/stm32f4xx_hal.o
LOAD ./Drivers/STM32F4xx_HAL_Driver/Src/stm32f4xx_hal_cortex.o
LOAD ./Drivers/STM32F4xx_HAL_Driver/Src/stm32f4xx_hal_dma.o
LOAD ./Drivers/STM32F4xx_HAL_Driver/Src/stm32f4xx_hal_dma_ex.o
LOAD ./Drivers/STM32F4xx_HAL_Driver/Src/stm32f4xx_hal_exti.o
LOAD ./Drivers/STM32F4xx_HAL_Driver/Src/stm32f4xx_hal_flash.o
LOAD ./Drivers/STM32F4xx_HAL_Driver/Src/stm32f4xx_hal_flash_ex.o
LOAD ./Drivers/STM32F4xx_HAL_Driver/Src/stm32f4xx_hal_flash_ramfunc.o
LOAD ./Drivers/STM32F4xx_HAL_Driver/Src/stm32f4xx_hal_gpio.o
LOAD ./Drivers/STM32F4xx_HAL_Driver/Src/stm32f4xx_hal_pwr.o
LOAD ./Drivers/STM32F4xx_HAL_Driver/Src/stm32f4xx_hal_pwr_ex.o
LOAD ./Drivers/STM32F4xx_HAL_Driver/Src/stm32f4xx_hal_rcc.o
LOAD ./Drivers/STM32F4xx_HAL_Driver/Src/stm32f4xx_hal_rcc_ex.o
LOAD ./Drivers/STM32F4xx_HAL_Driver/Src/stm32f4xx_hal_tim.o
LOAD ./Drivers/STM32F4xx_HAL_Driver/Src/stm32f4xx_hal_tim_ex.o
LOAD ./Drivers/STM32F4xx_HAL_Driver/Src/stm32f4xx_hal_uart.o
START GROUP
LOAD D:/STM32CubeIDE_1.19.0/STM32CubeIDE/plugins/com.st.stm32cube.ide.mcu.externaltools.gnu-tools-for-stm32.13.3.rel1.win32_1.0.0.202411081344/tools/bin/../lib/gcc/arm-none-eabi/13.3.1/../../../../arm-none-eabi/lib/thumb/v7e-m+fp/hard\libc_nano.a
LOAD D:/STM32CubeIDE_1.19.0/STM32CubeIDE/plugins/com.st.stm32cube.ide.mcu.externaltools.gnu-tools-for-stm32.13.3.rel1.win32_1.0.0.202411081344/tools/bin/../lib/gcc/arm-none-eabi/13.3.1/../../../../arm-none-eabi/lib/thumb/v7e-m+fp/hard\libm.a
END GROUP
START GROUP
LOAD D:/STM32CubeIDE_1.19.0/STM32CubeIDE/plugins/com.st.stm32cube.ide.mcu.externaltools.gnu-tools-for-stm32.13.3.rel1.win32_1.0.0.202411081344/tools/bin/../lib/gcc/arm-none-eabi/13.3.1/thumb/v7e-m+fp/hard\libgcc.a
LOAD D:/STM32CubeIDE_1.19.0/STM32CubeIDE/plugins/com.st.stm32cube.ide.mcu.externaltools.gnu-tools-for-stm32.13.3.rel1.win32_1.0.0.202411081344/tools/bin/../lib/gcc/arm-none-eabi/13.3.1/../../../../arm-none-eabi/lib/thumb/v7e-m+fp/hard\libc_nano.a
END GROUP
START GROUP
LOAD D:/STM32CubeIDE_1.19.0/STM32CubeIDE/plugins/com.st.stm32cube.ide.mcu.externaltools.gnu-tools-for-stm32.13.3.rel1.win32_1.0.0.202411081344/tools/bin/../lib/gcc/arm-none-eabi/13.3.1/thumb/v7e-m+fp/hard\libgcc.a
LOAD D:/STM32CubeIDE_1.19.0/STM32CubeIDE/plugins/com.st.stm32cube.ide.mcu.externaltools.gnu-tools-for-stm32.13.3.rel1.win32_1.0.0.202411081344/tools/bin/../lib/gcc/arm-none-eabi/13.3.1/../../../../arm-none-eabi/lib/thumb/v7e-m+fp/hard\libc_nano.a
LOAD D:/STM32CubeIDE_1.19.0/STM32CubeIDE/plugins/com.st.stm32cube.ide.mcu.externaltools.gnu-tools-for-stm32.13.3.rel1.win32_1.0.0.202411081344/tools/bin/../lib/gcc/arm-none-eabi/13.3.1/../../../../arm-none-eabi/lib/thumb/v7e-m+fp/hard\libnosys.a
END GROUP
START GROUP
LOAD D:/STM32CubeIDE_1.19.0/STM32CubeIDE/plugins/com.st.stm32cube.ide.mcu.externaltools.gnu-tools-for-stm32.13.3.rel1.win32_1.0.0.202411081344/tools/bin/../lib/gcc/arm-none-eabi/13.3.1/thumb/v7e-m+fp/hard\libgcc.a
LOAD D:/STM32CubeIDE_1.19.0/STM32CubeIDE/plugins/com.st.stm32cube.ide.mcu.externaltools.gnu-tools-for-stm32.13.3.rel1.win32_1.0.0.202411081344/tools/bin/../lib/gcc/arm-none-eabi/13.3.1/../../../../arm-none-eabi/lib/thumb/v7e-m+fp/hard\libc_nano.a
LOAD D:/STM32CubeIDE_1.19.0/STM32CubeIDE/plugins/com.st.stm32cube.ide.mcu.externaltools.gnu-tools-for-stm32.13.3.rel1.win32_1.0.0.202411081344/tools/bin/../lib/gcc/arm-none-eabi/13.3.1/../../../../arm-none-eabi/lib/thumb/v7e-m+fp/hard\libnosys.a
END GROUP
LOAD D:/STM32CubeIDE_1.19.0/STM32CubeIDE/plugins/com.st.stm32cube.ide.mcu.externaltools.gnu-tools-for-stm32.13.3.rel1.win32_1.0.0.202411081344/tools/bin/../lib/gcc/arm-none-eabi/13.3.1/thumb/v7e-m+fp/hard/crtend.o
LOAD D:/STM32CubeIDE_1.19.0/STM32CubeIDE/plugins/com.st.stm32cube.ide.mcu.externaltools.gnu-tools-for-stm32.13.3.rel1.win32_1.0.0.202411081344/tools/bin/../lib/gcc/arm-none-eabi/13.3.1/thumb/v7e-m+fp/hard/crtn.o
                0x20020000                        _estack = (ORIGIN (RAM) + LENGTH (RAM))
                0x00000200                        _Min_Heap_Size = 0x200
                0x00000400                        _Min_Stack_Size = 0x400

.isr_vector     0x08000000      0x188
                0x08000000                        . = ALIGN (0x4)
 *(.isr_vector)
 .isr_vector    0x08000000      0x188 ./Core/Startup/startup_stm32f407vetx.o
                0x08000000                g_pfnVectors
                0x08000188                        . = ALIGN (0x4)

.text           0x08000190     0x59e4
                0x08000190                        . = ALIGN (0x4)
 *(.text)
 .text          0x08000190       0x40 D:/STM32CubeIDE_1.19.0/STM32CubeIDE/plugins/com.st.stm32cube.ide.mcu.externaltools.gnu-tools-for-stm32.13.3.rel1.win32_1.0.0.202411081344/tools/bin/../lib/gcc/arm-none-eabi/13.3.1/thumb/v7e-m+fp/hard/crtbegin.o
 .text          0x080001d0       0xa0 D:/STM32CubeIDE_1.19.0/STM32CubeIDE/plugins/com.st.stm32cube.ide.mcu.externaltools.gnu-tools-for-stm32.13.3.rel1.win32_1.0.0.202411081344/tools/bin/../lib/gcc/arm-none-eabi/13.3.1/../../../../arm-none-eabi/lib/thumb/v7e-m+fp/hard\libc_nano.a(libc_a-memchr.o)
                0x080001d0                memchr
 .text          0x08000270       0x30 D:/STM32CubeIDE_1.19.0/STM32CubeIDE/plugins/com.st.stm32cube.ide.mcu.externaltools.gnu-tools-for-stm32.13.3.rel1.win32_1.0.0.202411081344/tools/bin/../lib/gcc/arm-none-eabi/13.3.1/thumb/v7e-m+fp/hard\libgcc.a(_aeabi_uldivmod.o)
                0x08000270                __aeabi_uldivmod
 .text          0x080002a0      0x2f8 D:/STM32CubeIDE_1.19.0/STM32CubeIDE/plugins/com.st.stm32cube.ide.mcu.externaltools.gnu-tools-for-stm32.13.3.rel1.win32_1.0.0.202411081344/tools/bin/../lib/gcc/arm-none-eabi/13.3.1/thumb/v7e-m+fp/hard\libgcc.a(_udivmoddi4.o)
                0x080002a0                __udivmoddi4
 .text          0x08000598        0x4 D:/STM32CubeIDE_1.19.0/STM32CubeIDE/plugins/com.st.stm32cube.ide.mcu.externaltools.gnu-tools-for-stm32.13.3.rel1.win32_1.0.0.202411081344/tools/bin/../lib/gcc/arm-none-eabi/13.3.1/thumb/v7e-m+fp/hard\libgcc.a(_dvmd_tls.o)
                0x08000598                __aeabi_idiv0
                0x08000598                __aeabi_ldiv0
 *(.text*)
 .text.stop_kfs_actuators
                0x0800059c       0x28 ./Core/Src/bot.o
 .text.stop_staff_actuators
                0x080005c4       0x14 ./Core/Src/bot.o
 .text.update_mode_leds
                0x080005d8       0x4c ./Core/Src/bot.o
 .text.odu      0x08000624      0x11c ./Core/Src/bot.o
                0x08000624                odu
 .text.bot_setup
                0x08000740       0x50 ./Core/Src/bot.o
                0x08000740                bot_setup
 .text.kfs_arm_setup
                0x08000790       0x78 ./Core/Src/ksf_arm_control.o
                0x08000790                kfs_arm_setup
 .text.kfs_arm_handler
                0x08000808      0x280 ./Core/Src/ksf_arm_control.o
                0x08000808                kfs_arm_handler
 .text.lo_4_wheel_handler
                0x08000a88      0x1c0 ./Core/Src/locomotion.o
                0x08000a88                lo_4_wheel_handler
 .text.lo_4_wheel_calculation_staff_mode
                0x08000c48      0x1c0 ./Core/Src/locomotion.o
                0x08000c48                lo_4_wheel_calculation_staff_mode
 .text.lo_4_wheel_calculation_kfs_mode
                0x08000e08      0x1c0 ./Core/Src/locomotion.o
                0x08000e08                lo_4_wheel_calculation_kfs_mode
 .text.lo_4_wheel_run
                0x08000fc8       0xa4 ./Core/Src/locomotion.o
                0x08000fc8                lo_4_wheel_run
 .text.main     0x0800106c       0xe0 ./Core/Src/main.o
                0x0800106c                main
 .text.SystemClock_Config
                0x0800114c       0xbc ./Core/Src/main.o
                0x0800114c                SystemClock_Config
 .text.MX_TIM1_Init
                0x08001208      0x138 ./Core/Src/main.o
 .text.MX_TIM2_Init
                0x08001340       0xdc ./Core/Src/main.o
 .text.MX_TIM3_Init
                0x0800141c       0xf4 ./Core/Src/main.o
 .text.MX_TIM4_Init
                0x08001510       0xb4 ./Core/Src/main.o
 .text.MX_TIM9_Init
                0x080015c4       0xa0 ./Core/Src/main.o
 .text.MX_TIM12_Init
                0x08001664       0x8c ./Core/Src/main.o
 .text.MX_USART2_UART_Init
                0x080016f0       0x54 ./Core/Src/main.o
 .text.MX_GPIO_Init
                0x08001744      0x180 ./Core/Src/main.o
 .text.Error_Handler
                0x080018c4        0xc ./Core/Src/main.o
                0x080018c4                Error_Handler
 .text.staff_arm_setup
                0x080018d0       0x70 ./Core/Src/staff_arm_control.o
                0x080018d0                staff_arm_setup
 .text.staff_arm_control
                0x08001940       0x38 ./Core/Src/staff_arm_control.o
                0x08001940                staff_arm_control
 .text.manual_staff_arm_control
                0x08001978       0xb8 ./Core/Src/staff_arm_control.o
                0x08001978                manual_staff_arm_control
 .text.auto_staff_arm_control
                0x08001a30      0x238 ./Core/Src/staff_arm_control.o
                0x08001a30                auto_staff_arm_control
 .text.Pnuematic_OnOff
                0x08001c68       0x90 ./Core/Src/staff_arm_control.o
                0x08001c68                Pnuematic_OnOff
 .text.HAL_MspInit
                0x08001cf8       0x50 ./Core/Src/stm32f4xx_hal_msp.o
                0x08001cf8                HAL_MspInit
 .text.HAL_TIM_PWM_MspInit
                0x08001d48       0xf0 ./Core/Src/stm32f4xx_hal_msp.o
                0x08001d48                HAL_TIM_PWM_MspInit
 .text.HAL_TIM_OC_MspInit
                0x08001e38       0x44 ./Core/Src/stm32f4xx_hal_msp.o
                0x08001e38                HAL_TIM_OC_MspInit
 .text.HAL_TIM_MspPostInit
                0x08001e7c      0x278 ./Core/Src/stm32f4xx_hal_msp.o
                0x08001e7c                HAL_TIM_MspPostInit
 .text.HAL_UART_MspInit
                0x080020f4       0x90 ./Core/Src/stm32f4xx_hal_msp.o
                0x080020f4                HAL_UART_MspInit
 .text.NMI_Handler
                0x08002184        0x8 ./Core/Src/stm32f4xx_it.o
                0x08002184                NMI_Handler
 .text.HardFault_Handler
                0x0800218c        0x8 ./Core/Src/stm32f4xx_it.o
                0x0800218c                HardFault_Handler
 .text.MemManage_Handler
                0x08002194        0x8 ./Core/Src/stm32f4xx_it.o
                0x08002194                MemManage_Handler
 .text.BusFault_Handler
                0x0800219c        0x8 ./Core/Src/stm32f4xx_it.o
                0x0800219c                BusFault_Handler
 .text.UsageFault_Handler
                0x080021a4        0x8 ./Core/Src/stm32f4xx_it.o
                0x080021a4                UsageFault_Handler
 .text.SVC_Handler
                0x080021ac        0xe ./Core/Src/stm32f4xx_it.o
                0x080021ac                SVC_Handler
 .text.DebugMon_Handler
                0x080021ba        0xe ./Core/Src/stm32f4xx_it.o
                0x080021ba                DebugMon_Handler
 .text.PendSV_Handler
                0x080021c8        0xe ./Core/Src/stm32f4xx_it.o
                0x080021c8                PendSV_Handler
 .text.SysTick_Handler
                0x080021d6        0xc ./Core/Src/stm32f4xx_it.o
                0x080021d6                SysTick_Handler
 .text._read    0x080021e2       0x3a ./Core/Src/syscalls.o
                0x080021e2                _read
 .text._write   0x0800221c       0x38 ./Core/Src/syscalls.o
                0x0800221c                _write
 .text._close   0x08002254       0x18 ./Core/Src/syscalls.o
                0x08002254                _close
 .text._fstat   0x0800226c       0x20 ./Core/Src/syscalls.o
                0x0800226c                _fstat
 .text._isatty  0x0800228c       0x16 ./Core/Src/syscalls.o
                0x0800228c                _isatty
 .text._lseek   0x080022a2       0x1a ./Core/Src/syscalls.o
                0x080022a2                _lseek
 .text._sbrk    0x080022bc       0x6c ./Core/Src/sysmem.o
                0x080022bc                _sbrk
 .text.SystemInit
                0x08002328       0x24 ./Core/Src/system_stm32f4xx.o
                0x08002328                SystemInit
 .text.uart_start_receive
                0x0800234c       0x38 ./Core/Src/user.o
                0x0800234c                uart_start_receive
 .text.comm_watchdog_tick
                0x08002384      0x154 ./Core/Src/user.o
                0x08002384                comm_watchdog_tick
 .text.all_motors_stop
                0x080024d8       0x3c ./Core/Src/user.o
                0x080024d8                all_motors_stop
 .text.millis   0x08002514        0xe ./Core/Src/user.o
                0x08002514                millis
 *fill*         0x08002522        0x2 
 .text.motor_set_speed255
                0x08002524       0xa0 ./Core/Src/user.o
                0x08002524                motor_set_speed255
 .text.Servo_WriteAngle
                0x080025c4       0xd0 ./Core/Src/user.o
                0x080025c4                Servo_WriteAngle
 .text.Servo_WriteAngle_168Mhz
                0x08002694       0x7c ./Core/Src/user.o
                0x08002694                Servo_WriteAngle_168Mhz
 .text.Bldc_writePulse
                0x08002710       0x64 ./Core/Src/user.o
                0x08002710                Bldc_writePulse
 .text.Stepper_SetDirection
                0x08002774       0x30 ./Core/Src/user.o
                0x08002774                Stepper_SetDirection
 .text.Stepper_SetSpeed
                0x080027a4       0x88 ./Core/Src/user.o
                0x080027a4                Stepper_SetSpeed
 .text.Reset_Handler
                0x0800282c       0x50 ./Core/Startup/startup_stm32f407vetx.o
                0x0800282c                Reset_Handler
 .text.Default_Handler
                0x0800287c        0x2 ./Core/Startup/startup_stm32f407vetx.o
                0x0800287c                RTC_Alarm_IRQHandler
                0x0800287c                HASH_RNG_IRQHandler
                0x0800287c                EXTI2_IRQHandler
                0x0800287c                TIM8_CC_IRQHandler
                0x0800287c                TIM1_CC_IRQHandler
                0x0800287c                DMA2_Stream5_IRQHandler
                0x0800287c                DMA1_Stream5_IRQHandler
                0x0800287c                PVD_IRQHandler
                0x0800287c                SDIO_IRQHandler
                0x0800287c                TAMP_STAMP_IRQHandler
                0x0800287c                CAN2_RX1_IRQHandler
                0x0800287c                EXTI3_IRQHandler
                0x0800287c                TIM8_TRG_COM_TIM14_IRQHandler
                0x0800287c                TIM1_UP_TIM10_IRQHandler
                0x0800287c                TIM8_UP_TIM13_IRQHandler
                0x0800287c                I2C3_ER_IRQHandler
                0x0800287c                EXTI0_IRQHandler
                0x0800287c                I2C2_EV_IRQHandler
                0x0800287c                DMA1_Stream2_IRQHandler
                0x0800287c                CAN1_RX0_IRQHandler
                0x0800287c                FPU_IRQHandler
                0x0800287c                OTG_HS_WKUP_IRQHandler
                0x0800287c                CAN2_SCE_IRQHandler
                0x0800287c                DMA2_Stream2_IRQHandler
                0x0800287c                SPI1_IRQHandler
                0x0800287c                TIM6_DAC_IRQHandler
                0x0800287c                TIM1_BRK_TIM9_IRQHandler
                0x0800287c                DCMI_IRQHandler
                0x0800287c                CAN2_RX0_IRQHandler
                0x0800287c                DMA2_Stream3_IRQHandler
                0x0800287c                USART6_IRQHandler
                0x0800287c                USART3_IRQHandler
                0x0800287c                CAN1_RX1_IRQHandler
                0x0800287c                UART5_IRQHandler
                0x0800287c                DMA2_Stream0_IRQHandler
                0x0800287c                TIM4_IRQHandler
                0x0800287c                I2C1_EV_IRQHandler
                0x0800287c                DMA1_Stream6_IRQHandler
                0x0800287c                DMA1_Stream1_IRQHandler
                0x0800287c                UART4_IRQHandler
                0x0800287c                TIM3_IRQHandler
                0x0800287c                RCC_IRQHandler
                0x0800287c                TIM8_BRK_TIM12_IRQHandler
                0x0800287c                Default_Handler
                0x0800287c                EXTI15_10_IRQHandler
                0x0800287c                ADC_IRQHandler
                0x0800287c                DMA1_Stream7_IRQHandler
                0x0800287c                TIM7_IRQHandler
                0x0800287c                CAN2_TX_IRQHandler
                0x0800287c                TIM5_IRQHandler
                0x0800287c                DMA2_Stream7_IRQHandler
                0x0800287c                I2C3_EV_IRQHandler
                0x0800287c                EXTI9_5_IRQHandler
                0x0800287c                RTC_WKUP_IRQHandler
                0x0800287c                ETH_WKUP_IRQHandler
                0x0800287c                SPI2_IRQHandler
                0x0800287c                OTG_HS_EP1_IN_IRQHandler
                0x0800287c                DMA1_Stream0_IRQHandler
                0x0800287c                CAN1_TX_IRQHandler
                0x0800287c                EXTI4_IRQHandler
                0x0800287c                FSMC_IRQHandler
                0x0800287c                ETH_IRQHandler
                0x0800287c                OTG_HS_EP1_OUT_IRQHandler
                0x0800287c                WWDG_IRQHandler
                0x0800287c                TIM2_IRQHandler
                0x0800287c                OTG_FS_WKUP_IRQHandler
                0x0800287c                TIM1_TRG_COM_TIM11_IRQHandler
                0x0800287c                OTG_HS_IRQHandler
                0x0800287c                EXTI1_IRQHandler
                0x0800287c                USART2_IRQHandler
                0x0800287c                I2C2_ER_IRQHandler
                0x0800287c                DMA2_Stream1_IRQHandler
                0x0800287c                CAN1_SCE_IRQHandler
                0x0800287c                FLASH_IRQHandler
                0x0800287c                DMA2_Stream4_IRQHandler
                0x0800287c                USART1_IRQHandler
                0x0800287c                OTG_FS_IRQHandler
                0x0800287c                SPI3_IRQHandler
                0x0800287c                DMA1_Stream4_IRQHandler
                0x0800287c                I2C1_ER_IRQHandler
                0x0800287c                DMA2_Stream6_IRQHandler
                0x0800287c                DMA1_Stream3_IRQHandler
 *fill*         0x0800287e        0x2 
 .text.HAL_Init
                0x08002880       0x44 ./Drivers/STM32F4xx_HAL_Driver/Src/stm32f4xx_hal.o
                0x08002880                HAL_Init
 .text.HAL_InitTick
                0x080028c4       0x60 ./Drivers/STM32F4xx_HAL_Driver/Src/stm32f4xx_hal.o
                0x080028c4                HAL_InitTick
 .text.HAL_IncTick
                0x08002924       0x28 ./Drivers/STM32F4xx_HAL_Driver/Src/stm32f4xx_hal.o
                0x08002924                HAL_IncTick
 .text.HAL_GetTick
                0x0800294c       0x18 ./Drivers/STM32F4xx_HAL_Driver/Src/stm32f4xx_hal.o
                0x0800294c                HAL_GetTick
 .text.HAL_Delay
                0x08002964       0x48 ./Drivers/STM32F4xx_HAL_Driver/Src/stm32f4xx_hal.o
                0x08002964                HAL_Delay
 .text.__NVIC_SetPriorityGrouping
                0x080029ac       0x48 ./Drivers/STM32F4xx_HAL_Driver/Src/stm32f4xx_hal_cortex.o
 .text.__NVIC_GetPriorityGrouping
                0x080029f4       0x1c ./Drivers/STM32F4xx_HAL_Driver/Src/stm32f4xx_hal_cortex.o
 .text.__NVIC_SetPriority
                0x08002a10       0x54 ./Drivers/STM32F4xx_HAL_Driver/Src/stm32f4xx_hal_cortex.o
 .text.NVIC_EncodePriority
                0x08002a64       0x66 ./Drivers/STM32F4xx_HAL_Driver/Src/stm32f4xx_hal_cortex.o
 *fill*         0x08002aca        0x2 
 .text.SysTick_Config
                0x08002acc       0x44 ./Drivers/STM32F4xx_HAL_Driver/Src/stm32f4xx_hal_cortex.o
 .text.HAL_NVIC_SetPriorityGrouping
                0x08002b10       0x16 ./Drivers/STM32F4xx_HAL_Driver/Src/stm32f4xx_hal_cortex.o
                0x08002b10                HAL_NVIC_SetPriorityGrouping
 .text.HAL_NVIC_SetPriority
                0x08002b26       0x38 ./Drivers/STM32F4xx_HAL_Driver/Src/stm32f4xx_hal_cortex.o
                0x08002b26                HAL_NVIC_SetPriority
 .text.HAL_SYSTICK_Config
                0x08002b5e       0x18 ./Drivers/STM32F4xx_HAL_Driver/Src/stm32f4xx_hal_cortex.o
                0x08002b5e                HAL_SYSTICK_Config
 *fill*         0x08002b76        0x2 
 .text.HAL_GPIO_Init
                0x08002b78      0x338 ./Drivers/STM32F4xx_HAL_Driver/Src/stm32f4xx_hal_gpio.o
                0x08002b78                HAL_GPIO_Init
 .text.HAL_GPIO_ReadPin
                0x08002eb0       0x30 ./Drivers/STM32F4xx_HAL_Driver/Src/stm32f4xx_hal_gpio.o
                0x08002eb0                HAL_GPIO_ReadPin
 .text.HAL_GPIO_WritePin
                0x08002ee0       0x32 ./Drivers/STM32F4xx_HAL_Driver/Src/stm32f4xx_hal_gpio.o
                0x08002ee0                HAL_GPIO_WritePin
 *fill*         0x08002f12        0x2 
 .text.HAL_RCC_OscConfig
                0x08002f14      0x4f0 ./Drivers/STM32F4xx_HAL_Driver/Src/stm32f4xx_hal_rcc.o
                0x08002f14                HAL_RCC_OscConfig
 .text.HAL_RCC_ClockConfig
                0x08003404      0x1cc ./Drivers/STM32F4xx_HAL_Driver/Src/stm32f4xx_hal_rcc.o
                0x08003404                HAL_RCC_ClockConfig
 .text.HAL_RCC_GetSysClockFreq
                0x080035d0      0x18c ./Drivers/STM32F4xx_HAL_Driver/Src/stm32f4xx_hal_rcc.o
                0x080035d0                HAL_RCC_GetSysClockFreq
 .text.HAL_RCC_GetHCLKFreq
                0x0800375c       0x18 ./Drivers/STM32F4xx_HAL_Driver/Src/stm32f4xx_hal_rcc.o
                0x0800375c                HAL_RCC_GetHCLKFreq
 .text.HAL_RCC_GetPCLK1Freq
                0x08003774       0x28 ./Drivers/STM32F4xx_HAL_Driver/Src/stm32f4xx_hal_rcc.o
                0x08003774                HAL_RCC_GetPCLK1Freq
 .text.HAL_RCC_GetPCLK2Freq
                0x0800379c       0x28 ./Drivers/STM32F4xx_HAL_Driver/Src/stm32f4xx_hal_rcc.o
                0x0800379c                HAL_RCC_GetPCLK2Freq
 .text.HAL_TIM_OC_Init
                0x080037c4       0x9e ./Drivers/STM32F4xx_HAL_Driver/Src/stm32f4xx_hal_tim.o
                0x080037c4                HAL_TIM_OC_Init
 .text.HAL_TIM_PWM_Init
                0x08003862       0x9e ./Drivers/STM32F4xx_HAL_Driver/Src/stm32f4xx_hal_tim.o
                0x08003862                HAL_TIM_PWM_Init
 .text.HAL_TIM_PWM_Start
                0x08003900      0x190 ./Drivers/STM32F4xx_HAL_Driver/Src/stm32f4xx_hal_tim.o
                0x08003900                HAL_TIM_PWM_Start
 .text.HAL_TIM_PWM_Stop
                0x08003a90       0xe0 ./Drivers/STM32F4xx_HAL_Driver/Src/stm32f4xx_hal_tim.o
                0x08003a90                HAL_TIM_PWM_Stop
 .text.HAL_TIM_OC_ConfigChannel
                0x08003b70       0xb8 ./Drivers/STM32F4xx_HAL_Driver/Src/stm32f4xx_hal_tim.o
                0x08003b70                HAL_TIM_OC_ConfigChannel
 .text.HAL_TIM_PWM_ConfigChannel
                0x08003c28      0x184 ./Drivers/STM32F4xx_HAL_Driver/Src/stm32f4xx_hal_tim.o
                0x08003c28                HAL_TIM_PWM_ConfigChannel
 .text.TIM_Base_SetConfig
                0x08003dac      0x14c ./Drivers/STM32F4xx_HAL_Driver/Src/stm32f4xx_hal_tim.o
                0x08003dac                TIM_Base_SetConfig
 .text.TIM_OC1_SetConfig
                0x08003ef8       0xe0 ./Drivers/STM32F4xx_HAL_Driver/Src/stm32f4xx_hal_tim.o
 .text.TIM_OC2_SetConfig
                0x08003fd8       0xec ./Drivers/STM32F4xx_HAL_Driver/Src/stm32f4xx_hal_tim.o
                0x08003fd8                TIM_OC2_SetConfig
 .text.TIM_OC3_SetConfig
                0x080040c4       0xe8 ./Drivers/STM32F4xx_HAL_Driver/Src/stm32f4xx_hal_tim.o
 .text.TIM_OC4_SetConfig
                0x080041ac       0xac ./Drivers/STM32F4xx_HAL_Driver/Src/stm32f4xx_hal_tim.o
 .text.TIM_CCxChannelCmd
                0x08004258       0x4a ./Drivers/STM32F4xx_HAL_Driver/Src/stm32f4xx_hal_tim.o
                0x08004258                TIM_CCxChannelCmd
 *fill*         0x080042a2        0x2 
 .text.HAL_TIMEx_PWMN_Start
                0x080042a4      0x174 ./Drivers/STM32F4xx_HAL_Driver/Src/stm32f4xx_hal_tim_ex.o
                0x080042a4                HAL_TIMEx_PWMN_Start
 .text.HAL_TIMEx_MasterConfigSynchronization
                0x08004418       0xf8 ./Drivers/STM32F4xx_HAL_Driver/Src/stm32f4xx_hal_tim_ex.o
                0x08004418                HAL_TIMEx_MasterConfigSynchronization
 .text.HAL_TIMEx_ConfigBreakDeadTime
                0x08004510       0xa4 ./Drivers/STM32F4xx_HAL_Driver/Src/stm32f4xx_hal_tim_ex.o
                0x08004510                HAL_TIMEx_ConfigBreakDeadTime
 .text.TIM_CCxNChannelCmd
                0x080045b4       0x4a ./Drivers/STM32F4xx_HAL_Driver/Src/stm32f4xx_hal_tim_ex.o
 .text.HAL_UART_Init
                0x080045fe       0xa0 ./Drivers/STM32F4xx_HAL_Driver/Src/stm32f4xx_hal_uart.o
                0x080045fe                HAL_UART_Init
 .text.HAL_UART_Receive_IT
                0x0800469e       0x4a ./Drivers/STM32F4xx_HAL_Driver/Src/stm32f4xx_hal_uart.o
                0x0800469e                HAL_UART_Receive_IT
 .text.UART_Start_Receive_IT
                0x080046e8       0x74 ./Drivers/STM32F4xx_HAL_Driver/Src/stm32f4xx_hal_uart.o
                0x080046e8                UART_Start_Receive_IT
 .text.UART_SetConfig
                0x0800475c      0x4e8 ./Drivers/STM32F4xx_HAL_Driver/Src/stm32f4xx_hal_uart.o
 .text.std      0x08004c44       0x6c D:/STM32CubeIDE_1.19.0/STM32CubeIDE/plugins/com.st.stm32cube.ide.mcu.externaltools.gnu-tools-for-stm32.13.3.rel1.win32_1.0.0.202411081344/tools/bin/../lib/gcc/arm-none-eabi/13.3.1/../../../../arm-none-eabi/lib/thumb/v7e-m+fp/hard\libc_nano.a(libc_a-findfp.o)
 .text.stdio_exit_handler
                0x08004cb0       0x18 D:/STM32CubeIDE_1.19.0/STM32CubeIDE/plugins/com.st.stm32cube.ide.mcu.externaltools.gnu-tools-for-stm32.13.3.rel1.win32_1.0.0.202411081344/tools/bin/../lib/gcc/arm-none-eabi/13.3.1/../../../../arm-none-eabi/lib/thumb/v7e-m+fp/hard\libc_nano.a(libc_a-findfp.o)
 .text.cleanup_stdio
                0x08004cc8       0x40 D:/STM32CubeIDE_1.19.0/STM32CubeIDE/plugins/com.st.stm32cube.ide.mcu.externaltools.gnu-tools-for-stm32.13.3.rel1.win32_1.0.0.202411081344/tools/bin/../lib/gcc/arm-none-eabi/13.3.1/../../../../arm-none-eabi/lib/thumb/v7e-m+fp/hard\libc_nano.a(libc_a-findfp.o)
 .text.global_stdio_init.part.0
                0x08004d08       0x3c D:/STM32CubeIDE_1.19.0/STM32CubeIDE/plugins/com.st.stm32cube.ide.mcu.externaltools.gnu-tools-for-stm32.13.3.rel1.win32_1.0.0.202411081344/tools/bin/../lib/gcc/arm-none-eabi/13.3.1/../../../../arm-none-eabi/lib/thumb/v7e-m+fp/hard\libc_nano.a(libc_a-findfp.o)
 .text.__sfp_lock_acquire
                0x08004d44        0xc D:/STM32CubeIDE_1.19.0/STM32CubeIDE/plugins/com.st.stm32cube.ide.mcu.externaltools.gnu-tools-for-stm32.13.3.rel1.win32_1.0.0.202411081344/tools/bin/../lib/gcc/arm-none-eabi/13.3.1/../../../../arm-none-eabi/lib/thumb/v7e-m+fp/hard\libc_nano.a(libc_a-findfp.o)
                0x08004d44                __sfp_lock_acquire
 .text.__sfp_lock_release
                0x08004d50        0xc D:/STM32CubeIDE_1.19.0/STM32CubeIDE/plugins/com.st.stm32cube.ide.mcu.externaltools.gnu-tools-for-stm32.13.3.rel1.win32_1.0.0.202411081344/tools/bin/../lib/gcc/arm-none-eabi/13.3.1/../../../../arm-none-eabi/lib/thumb/v7e-m+fp/hard\libc_nano.a(libc_a-findfp.o)
                0x08004d50                __sfp_lock_release
 .text.__sinit  0x08004d5c       0x30 D:/STM32CubeIDE_1.19.0/STM32CubeIDE/plugins/com.st.stm32cube.ide.mcu.externaltools.gnu-tools-for-stm32.13.3.rel1.win32_1.0.0.202411081344/tools/bin/../lib/gcc/arm-none-eabi/13.3.1/../../../../arm-none-eabi/lib/thumb/v7e-m+fp/hard\libc_nano.a(libc_a-findfp.o)
                0x08004d5c                __sinit
 .text._fwalk_sglue
                0x08004d8c       0x3c D:/STM32CubeIDE_1.19.0/STM32CubeIDE/plugins/com.st.stm32cube.ide.mcu.externaltools.gnu-tools-for-stm32.13.3.rel1.win32_1.0.0.202411081344/tools/bin/../lib/gcc/arm-none-eabi/13.3.1/../../../../arm-none-eabi/lib/thumb/v7e-m+fp/hard\libc_nano.a(libc_a-fwalk.o)
                0x08004d8c                _fwalk_sglue
 .text.printf   0x08004dc8       0x24 D:/STM32CubeIDE_1.19.0/STM32CubeIDE/plugins/com.st.stm32cube.ide.mcu.externaltools.gnu-tools-for-stm32.13.3.rel1.win32_1.0.0.202411081344/tools/bin/../lib/gcc/arm-none-eabi/13.3.1/../../../../arm-none-eabi/lib/thumb/v7e-m+fp/hard\libc_nano.a(libc_a-printf.o)
                0x08004dc8                iprintf
                0x08004dc8                printf
 .text._puts_r  0x08004dec       0xaa D:/STM32CubeIDE_1.19.0/STM32CubeIDE/plugins/com.st.stm32cube.ide.mcu.externaltools.gnu-tools-for-stm32.13.3.rel1.win32_1.0.0.202411081344/tools/bin/../lib/gcc/arm-none-eabi/13.3.1/../../../../arm-none-eabi/lib/thumb/v7e-m+fp/hard\libc_nano.a(libc_a-puts.o)
                0x08004dec                _puts_r
 *fill*         0x08004e96        0x2 
 .text.puts     0x08004e98       0x10 D:/STM32CubeIDE_1.19.0/STM32CubeIDE/plugins/com.st.stm32cube.ide.mcu.externaltools.gnu-tools-for-stm32.13.3.rel1.win32_1.0.0.202411081344/tools/bin/../lib/gcc/arm-none-eabi/13.3.1/../../../../arm-none-eabi/lib/thumb/v7e-m+fp/hard\libc_nano.a(libc_a-puts.o)
                0x08004e98                puts
 .text.__sread  0x08004ea8       0x22 D:/STM32CubeIDE_1.19.0/STM32CubeIDE/plugins/com.st.stm32cube.ide.mcu.externaltools.gnu-tools-for-stm32.13.3.rel1.win32_1.0.0.202411081344/tools/bin/../lib/gcc/arm-none-eabi/13.3.1/../../../../arm-none-eabi/lib/thumb/v7e-m+fp/hard\libc_nano.a(libc_a-stdio.o)
                0x08004ea8                __sread
 .text.__swrite
                0x08004eca       0x38 D:/STM32CubeIDE_1.19.0/STM32CubeIDE/plugins/com.st.stm32cube.ide.mcu.externaltools.gnu-tools-for-stm32.13.3.rel1.win32_1.0.0.202411081344/tools/bin/../lib/gcc/arm-none-eabi/13.3.1/../../../../arm-none-eabi/lib/thumb/v7e-m+fp/hard\libc_nano.a(libc_a-stdio.o)
                0x08004eca                __swrite
 .text.__sseek  0x08004f02       0x24 D:/STM32CubeIDE_1.19.0/STM32CubeIDE/plugins/com.st.stm32cube.ide.mcu.externaltools.gnu-tools-for-stm32.13.3.rel1.win32_1.0.0.202411081344/tools/bin/../lib/gcc/arm-none-eabi/13.3.1/../../../../arm-none-eabi/lib/thumb/v7e-m+fp/hard\libc_nano.a(libc_a-stdio.o)
                0x08004f02                __sseek
 .text.__sclose
                0x08004f26        0x8 D:/STM32CubeIDE_1.19.0/STM32CubeIDE/plugins/com.st.stm32cube.ide.mcu.externaltools.gnu-tools-for-stm32.13.3.rel1.win32_1.0.0.202411081344/tools/bin/../lib/gcc/arm-none-eabi/13.3.1/../../../../arm-none-eabi/lib/thumb/v7e-m+fp/hard\libc_nano.a(libc_a-stdio.o)
                0x08004f26                __sclose
 .text.__swbuf_r
                0x08004f2e       0x7c D:/STM32CubeIDE_1.19.0/STM32CubeIDE/plugins/com.st.stm32cube.ide.mcu.externaltools.gnu-tools-for-stm32.13.3.rel1.win32_1.0.0.202411081344/tools/bin/../lib/gcc/arm-none-eabi/13.3.1/../../../../arm-none-eabi/lib/thumb/v7e-m+fp/hard\libc_nano.a(libc_a-wbuf.o)
                0x08004f2e                __swbuf_r
 *fill*         0x08004faa        0x2 
 .text.__swsetup_r
                0x08004fac       0xac D:/STM32CubeIDE_1.19.0/STM32CubeIDE/plugins/com.st.stm32cube.ide.mcu.externaltools.gnu-tools-for-stm32.13.3.rel1.win32_1.0.0.202411081344/tools/bin/../lib/gcc/arm-none-eabi/13.3.1/../../../../arm-none-eabi/lib/thumb/v7e-m+fp/hard\libc_nano.a(libc_a-wsetup.o)
                0x08004fac                __swsetup_r
 .text.memset   0x08005058       0x10 D:/STM32CubeIDE_1.19.0/STM32CubeIDE/plugins/com.st.stm32cube.ide.mcu.externaltools.gnu-tools-for-stm32.13.3.rel1.win32_1.0.0.202411081344/tools/bin/../lib/gcc/arm-none-eabi/13.3.1/../../../../arm-none-eabi/lib/thumb/v7e-m+fp/hard\libc_nano.a(libc_a-memset.o)
                0x08005058                memset
 .text._close_r
                0x08005068       0x20 D:/STM32CubeIDE_1.19.0/STM32CubeIDE/plugins/com.st.stm32cube.ide.mcu.externaltools.gnu-tools-for-stm32.13.3.rel1.win32_1.0.0.202411081344/tools/bin/../lib/gcc/arm-none-eabi/13.3.1/../../../../arm-none-eabi/lib/thumb/v7e-m+fp/hard\libc_nano.a(libc_a-closer.o)
                0x08005068                _close_r
 .text._lseek_r
                0x08005088       0x24 D:/STM32CubeIDE_1.19.0/STM32CubeIDE/plugins/com.st.stm32cube.ide.mcu.externaltools.gnu-tools-for-stm32.13.3.rel1.win32_1.0.0.202411081344/tools/bin/../lib/gcc/arm-none-eabi/13.3.1/../../../../arm-none-eabi/lib/thumb/v7e-m+fp/hard\libc_nano.a(libc_a-lseekr.o)
                0x08005088                _lseek_r
 .text._read_r  0x080050ac       0x24 D:/STM32CubeIDE_1.19.0/STM32CubeIDE/plugins/com.st.stm32cube.ide.mcu.externaltools.gnu-tools-for-stm32.13.3.rel1.win32_1.0.0.202411081344/tools/bin/../lib/gcc/arm-none-eabi/13.3.1/../../../../arm-none-eabi/lib/thumb/v7e-m+fp/hard\libc_nano.a(libc_a-readr.o)
                0x080050ac                _read_r
 .text._write_r
                0x080050d0       0x24 D:/STM32CubeIDE_1.19.0/STM32CubeIDE/plugins/com.st.stm32cube.ide.mcu.externaltools.gnu-tools-for-stm32.13.3.rel1.win32_1.0.0.202411081344/tools/bin/../lib/gcc/arm-none-eabi/13.3.1/../../../../arm-none-eabi/lib/thumb/v7e-m+fp/hard\libc_nano.a(libc_a-writer.o)
                0x080050d0                _write_r
 .text.__errno  0x080050f4        0xc D:/STM32CubeIDE_1.19.0/STM32CubeIDE/plugins/com.st.stm32cube.ide.mcu.externaltools.gnu-tools-for-stm32.13.3.rel1.win32_1.0.0.202411081344/tools/bin/../lib/gcc/arm-none-eabi/13.3.1/../../../../arm-none-eabi/lib/thumb/v7e-m+fp/hard\libc_nano.a(libc_a-errno.o)
                0x080050f4                __errno
 .text.__libc_init_array
                0x08005100       0x48 D:/STM32CubeIDE_1.19.0/STM32CubeIDE/plugins/com.st.stm32cube.ide.mcu.externaltools.gnu-tools-for-stm32.13.3.rel1.win32_1.0.0.202411081344/tools/bin/../lib/gcc/arm-none-eabi/13.3.1/../../../../arm-none-eabi/lib/thumb/v7e-m+fp/hard\libc_nano.a(libc_a-init.o)
                0x08005100                __libc_init_array
 .text.__retarget_lock_init_recursive
                0x08005148        0x2 D:/STM32CubeIDE_1.19.0/STM32CubeIDE/plugins/com.st.stm32cube.ide.mcu.externaltools.gnu-tools-for-stm32.13.3.rel1.win32_1.0.0.202411081344/tools/bin/../lib/gcc/arm-none-eabi/13.3.1/../../../../arm-none-eabi/lib/thumb/v7e-m+fp/hard\libc_nano.a(libc_a-lock.o)
                0x08005148                __retarget_lock_init_recursive
 .text.__retarget_lock_acquire_recursive
                0x0800514a        0x2 D:/STM32CubeIDE_1.19.0/STM32CubeIDE/plugins/com.st.stm32cube.ide.mcu.externaltools.gnu-tools-for-stm32.13.3.rel1.win32_1.0.0.202411081344/tools/bin/../lib/gcc/arm-none-eabi/13.3.1/../../../../arm-none-eabi/lib/thumb/v7e-m+fp/hard\libc_nano.a(libc_a-lock.o)
                0x0800514a                __retarget_lock_acquire_recursive
 .text.__retarget_lock_release_recursive
                0x0800514c        0x2 D:/STM32CubeIDE_1.19.0/STM32CubeIDE/plugins/com.st.stm32cube.ide.mcu.externaltools.gnu-tools-for-stm32.13.3.rel1.win32_1.0.0.202411081344/tools/bin/../lib/gcc/arm-none-eabi/13.3.1/../../../../arm-none-eabi/lib/thumb/v7e-m+fp/hard\libc_nano.a(libc_a-lock.o)
                0x0800514c                __retarget_lock_release_recursive
 *fill*         0x0800514e        0x2 
 .text._free_r  0x08005150       0x94 D:/STM32CubeIDE_1.19.0/STM32CubeIDE/plugins/com.st.stm32cube.ide.mcu.externaltools.gnu-tools-for-stm32.13.3.rel1.win32_1.0.0.202411081344/tools/bin/../lib/gcc/arm-none-eabi/13.3.1/../../../../arm-none-eabi/lib/thumb/v7e-m+fp/hard\libc_nano.a(libc_a-freer.o)
                0x08005150                _free_r
 .text.sbrk_aligned
                0x080051e4       0x44 D:/STM32CubeIDE_1.19.0/STM32CubeIDE/plugins/com.st.stm32cube.ide.mcu.externaltools.gnu-tools-for-stm32.13.3.rel1.win32_1.0.0.202411081344/tools/bin/../lib/gcc/arm-none-eabi/13.3.1/../../../../arm-none-eabi/lib/thumb/v7e-m+fp/hard\libc_nano.a(libc_a-mallocr.o)
 .text._malloc_r
                0x08005228      0x100 D:/STM32CubeIDE_1.19.0/STM32CubeIDE/plugins/com.st.stm32cube.ide.mcu.externaltools.gnu-tools-for-stm32.13.3.rel1.win32_1.0.0.202411081344/tools/bin/../lib/gcc/arm-none-eabi/13.3.1/../../../../arm-none-eabi/lib/thumb/v7e-m+fp/hard\libc_nano.a(libc_a-mallocr.o)
                0x08005228                _malloc_r
 .text.__malloc_lock
                0x08005328        0xc D:/STM32CubeIDE_1.19.0/STM32CubeIDE/plugins/com.st.stm32cube.ide.mcu.externaltools.gnu-tools-for-stm32.13.3.rel1.win32_1.0.0.202411081344/tools/bin/../lib/gcc/arm-none-eabi/13.3.1/../../../../arm-none-eabi/lib/thumb/v7e-m+fp/hard\libc_nano.a(libc_a-mlock.o)
                0x08005328                __malloc_lock
 .text.__malloc_unlock
                0x08005334        0xc D:/STM32CubeIDE_1.19.0/STM32CubeIDE/plugins/com.st.stm32cube.ide.mcu.externaltools.gnu-tools-for-stm32.13.3.rel1.win32_1.0.0.202411081344/tools/bin/../lib/gcc/arm-none-eabi/13.3.1/../../../../arm-none-eabi/lib/thumb/v7e-m+fp/hard\libc_nano.a(libc_a-mlock.o)
                0x08005334                __malloc_unlock
 .text.__sfputc_r
                0x08005340       0x2e D:/STM32CubeIDE_1.19.0/STM32CubeIDE/plugins/com.st.stm32cube.ide.mcu.externaltools.gnu-tools-for-stm32.13.3.rel1.win32_1.0.0.202411081344/tools/bin/../lib/gcc/arm-none-eabi/13.3.1/../../../../arm-none-eabi/lib/thumb/v7e-m+fp/hard\libc_nano.a(libc_a-nano-vfprintf.o)
 .text.__sfputs_r
                0x0800536e       0x24 D:/STM32CubeIDE_1.19.0/STM32CubeIDE/plugins/com.st.stm32cube.ide.mcu.externaltools.gnu-tools-for-stm32.13.3.rel1.win32_1.0.0.202411081344/tools/bin/../lib/gcc/arm-none-eabi/13.3.1/../../../../arm-none-eabi/lib/thumb/v7e-m+fp/hard\libc_nano.a(libc_a-nano-vfprintf.o)
                0x0800536e                __sfputs_r
 *fill*         0x08005392        0x2 
 .text._vfprintf_r
                0x08005394      0x230 D:/STM32CubeIDE_1.19.0/STM32CubeIDE/plugins/com.st.stm32cube.ide.mcu.externaltools.gnu-tools-for-stm32.13.3.rel1.win32_1.0.0.202411081344/tools/bin/../lib/gcc/arm-none-eabi/13.3.1/../../../../arm-none-eabi/lib/thumb/v7e-m+fp/hard\libc_nano.a(libc_a-nano-vfprintf.o)
                0x08005394                _vfprintf_r
                0x08005394                _vfiprintf_r
 .text._printf_common
                0x080055c4       0xda D:/STM32CubeIDE_1.19.0/STM32CubeIDE/plugins/com.st.stm32cube.ide.mcu.externaltools.gnu-tools-for-stm32.13.3.rel1.win32_1.0.0.202411081344/tools/bin/../lib/gcc/arm-none-eabi/13.3.1/../../../../arm-none-eabi/lib/thumb/v7e-m+fp/hard\libc_nano.a(libc_a-nano-vfprintf_i.o)
                0x080055c4                _printf_common
 *fill*         0x0800569e        0x2 
 .text._printf_i
                0x080056a0      0x23c D:/STM32CubeIDE_1.19.0/STM32CubeIDE/plugins/com.st.stm32cube.ide.mcu.externaltools.gnu-tools-for-stm32.13.3.rel1.win32_1.0.0.202411081344/tools/bin/../lib/gcc/arm-none-eabi/13.3.1/../../../../arm-none-eabi/lib/thumb/v7e-m+fp/hard\libc_nano.a(libc_a-nano-vfprintf_i.o)
                0x080056a0                _printf_i
 .text.__sflush_r
                0x080058dc      0x108 D:/STM32CubeIDE_1.19.0/STM32CubeIDE/plugins/com.st.stm32cube.ide.mcu.externaltools.gnu-tools-for-stm32.13.3.rel1.win32_1.0.0.202411081344/tools/bin/../lib/gcc/arm-none-eabi/13.3.1/../../../../arm-none-eabi/lib/thumb/v7e-m+fp/hard\libc_nano.a(libc_a-fflush.o)
                0x080058dc                __sflush_r
 .text._fflush_r
                0x080059e4       0x50 D:/STM32CubeIDE_1.19.0/STM32CubeIDE/plugins/com.st.stm32cube.ide.mcu.externaltools.gnu-tools-for-stm32.13.3.rel1.win32_1.0.0.202411081344/tools/bin/../lib/gcc/arm-none-eabi/13.3.1/../../../../arm-none-eabi/lib/thumb/v7e-m+fp/hard\libc_nano.a(libc_a-fflush.o)
                0x080059e4                _fflush_r
 .text.__swhatbuf_r
                0x08005a34       0x4c D:/STM32CubeIDE_1.19.0/STM32CubeIDE/plugins/com.st.stm32cube.ide.mcu.externaltools.gnu-tools-for-stm32.13.3.rel1.win32_1.0.0.202411081344/tools/bin/../lib/gcc/arm-none-eabi/13.3.1/../../../../arm-none-eabi/lib/thumb/v7e-m+fp/hard\libc_nano.a(libc_a-makebuf.o)
                0x08005a34                __swhatbuf_r
 .text.__smakebuf_r
                0x08005a80       0x78 D:/STM32CubeIDE_1.19.0/STM32CubeIDE/plugins/com.st.stm32cube.ide.mcu.externaltools.gnu-tools-for-stm32.13.3.rel1.win32_1.0.0.202411081344/tools/bin/../lib/gcc/arm-none-eabi/13.3.1/../../../../arm-none-eabi/lib/thumb/v7e-m+fp/hard\libc_nano.a(libc_a-makebuf.o)
                0x08005a80                __smakebuf_r
 .text._fstat_r
                0x08005af8       0x24 D:/STM32CubeIDE_1.19.0/STM32CubeIDE/plugins/com.st.stm32cube.ide.mcu.externaltools.gnu-tools-for-stm32.13.3.rel1.win32_1.0.0.202411081344/tools/bin/../lib/gcc/arm-none-eabi/13.3.1/../../../../arm-none-eabi/lib/thumb/v7e-m+fp/hard\libc_nano.a(libc_a-fstatr.o)
                0x08005af8                _fstat_r
 .text._isatty_r
                0x08005b1c       0x20 D:/STM32CubeIDE_1.19.0/STM32CubeIDE/plugins/com.st.stm32cube.ide.mcu.externaltools.gnu-tools-for-stm32.13.3.rel1.win32_1.0.0.202411081344/tools/bin/../lib/gcc/arm-none-eabi/13.3.1/../../../../arm-none-eabi/lib/thumb/v7e-m+fp/hard\libc_nano.a(libc_a-isattyr.o)
                0x08005b1c                _isatty_r
 .text._sbrk_r  0x08005b3c       0x20 D:/STM32CubeIDE_1.19.0/STM32CubeIDE/plugins/com.st.stm32cube.ide.mcu.externaltools.gnu-tools-for-stm32.13.3.rel1.win32_1.0.0.202411081344/tools/bin/../lib/gcc/arm-none-eabi/13.3.1/../../../../arm-none-eabi/lib/thumb/v7e-m+fp/hard\libc_nano.a(libc_a-sbrkr.o)
                0x08005b3c                _sbrk_r
 *(.glue_7)
 .glue_7        0x08005b5c        0x0 linker stubs
 *(.glue_7t)
 .glue_7t       0x08005b5c        0x0 linker stubs
 *(.eh_frame)
 .eh_frame      0x08005b5c        0x0 D:/STM32CubeIDE_1.19.0/STM32CubeIDE/plugins/com.st.stm32cube.ide.mcu.externaltools.gnu-tools-for-stm32.13.3.rel1.win32_1.0.0.202411081344/tools/bin/../lib/gcc/arm-none-eabi/13.3.1/thumb/v7e-m+fp/hard/crtbegin.o
 *(.init)
 .init          0x08005b5c        0x4 D:/STM32CubeIDE_1.19.0/STM32CubeIDE/plugins/com.st.stm32cube.ide.mcu.externaltools.gnu-tools-for-stm32.13.3.rel1.win32_1.0.0.202411081344/tools/bin/../lib/gcc/arm-none-eabi/13.3.1/thumb/v7e-m+fp/hard/crti.o
                0x08005b5c                _init
 .init          0x08005b60        0x8 D:/STM32CubeIDE_1.19.0/STM32CubeIDE/plugins/com.st.stm32cube.ide.mcu.externaltools.gnu-tools-for-stm32.13.3.rel1.win32_1.0.0.202411081344/tools/bin/../lib/gcc/arm-none-eabi/13.3.1/thumb/v7e-m+fp/hard/crtn.o
 *(.fini)
 .fini          0x08005b68        0x4 D:/STM32CubeIDE_1.19.0/STM32CubeIDE/plugins/com.st.stm32cube.ide.mcu.externaltools.gnu-tools-for-stm32.13.3.rel1.win32_1.0.0.202411081344/tools/bin/../lib/gcc/arm-none-eabi/13.3.1/thumb/v7e-m+fp/hard/crti.o
                0x08005b68                _fini
 .fini          0x08005b6c        0x8 D:/STM32CubeIDE_1.19.0/STM32CubeIDE/plugins/com.st.stm32cube.ide.mcu.externaltools.gnu-tools-for-stm32.13.3.rel1.win32_1.0.0.202411081344/tools/bin/../lib/gcc/arm-none-eabi/13.3.1/thumb/v7e-m+fp/hard/crtn.o
                0x08005b74                        . = ALIGN (0x4)
                0x08005b74                        _etext = .

.vfp11_veneer   0x08005b74        0x0
 .vfp11_veneer  0x08005b74        0x0 linker stubs

.v4_bx          0x08005b74        0x0
 .v4_bx         0x08005b74        0x0 linker stubs

.iplt           0x08005b74        0x0
 .iplt          0x08005b74        0x0 D:/STM32CubeIDE_1.19.0/STM32CubeIDE/plugins/com.st.stm32cube.ide.mcu.externaltools.gnu-tools-for-stm32.13.3.rel1.win32_1.0.0.202411081344/tools/bin/../lib/gcc/arm-none-eabi/13.3.1/thumb/v7e-m+fp/hard/crtbegin.o

.rodata         0x08005b74      0x19c
                0x08005b74                        . = ALIGN (0x4)
 *(.rodata)
 .rodata        0x08005b74       0x91 ./Core/Src/bot.o
 *fill*         0x08005c05        0x3 
 .rodata        0x08005c08       0xba ./Core/Src/user.o
 *(.rodata*)
 *fill*         0x08005cc2        0x2 
 .rodata.AHBPrescTable
                0x08005cc4       0x10 ./Core/Src/system_stm32f4xx.o
                0x08005cc4                AHBPrescTable
 .rodata.APBPrescTable
                0x08005cd4        0x8 ./Core/Src/system_stm32f4xx.o
                0x08005cd4                APBPrescTable
 .rodata._vfprintf_r.str1.1
                0x08005cdc       0x33 D:/STM32CubeIDE_1.19.0/STM32CubeIDE/plugins/com.st.stm32cube.ide.mcu.externaltools.gnu-tools-for-stm32.13.3.rel1.win32_1.0.0.202411081344/tools/bin/../lib/gcc/arm-none-eabi/13.3.1/../../../../arm-none-eabi/lib/thumb/v7e-m+fp/hard\libc_nano.a(libc_a-nano-vfprintf.o)
                                 0x11 (size before relaxing)
 .rodata._printf_i.str1.1
                0x08005d0f       0x22 D:/STM32CubeIDE_1.19.0/STM32CubeIDE/plugins/com.st.stm32cube.ide.mcu.externaltools.gnu-tools-for-stm32.13.3.rel1.win32_1.0.0.202411081344/tools/bin/../lib/gcc/arm-none-eabi/13.3.1/../../../../arm-none-eabi/lib/thumb/v7e-m+fp/hard\libc_nano.a(libc_a-nano-vfprintf_i.o)
                0x08005d34                        . = ALIGN (0x4)
 *fill*         0x08005d0f        0x1 

.ARM.extab      0x08005d10        0x0
                0x08005d10                        . = ALIGN (0x4)
 *(.ARM.extab* .gnu.linkonce.armextab.*)
                0x08005d10                        . = ALIGN (0x4)

.ARM            0x08005d10        0x8
                0x08005d10                        . = ALIGN (0x4)
                0x08005d10                        __exidx_start = .
 *(.ARM.exidx*)
 .ARM.exidx     0x08005d10        0x8 D:/STM32CubeIDE_1.19.0/STM32CubeIDE/plugins/com.st.stm32cube.ide.mcu.externaltools.gnu-tools-for-stm32.13.3.rel1.win32_1.0.0.202411081344/tools/bin/../lib/gcc/arm-none-eabi/13.3.1/../../../../arm-none-eabi/lib/thumb/v7e-m+fp/hard\libc_nano.a(libc_a-memchr.o)
 .ARM.exidx     0x08005d18        0x0 D:/STM32CubeIDE_1.19.0/STM32CubeIDE/plugins/com.st.stm32cube.ide.mcu.externaltools.gnu-tools-for-stm32.13.3.rel1.win32_1.0.0.202411081344/tools/bin/../lib/gcc/arm-none-eabi/13.3.1/thumb/v7e-m+fp/hard\libgcc.a(_udivmoddi4.o)
                                  0x8 (size before relaxing)
                0x08005d18                        __exidx_end = .
                0x08005d18                        . = ALIGN (0x4)

.preinit_array  0x08005d18        0x0
                0x08005d18                        . = ALIGN (0x4)
                0x08005d18                        PROVIDE (__preinit_array_start = .)
 *(.preinit_array*)
                0x08005d18                        PROVIDE (__preinit_array_end = .)
                0x08005d18                        . = ALIGN (0x4)

.init_array     0x08005d18        0x4
                0x08005d18                        . = ALIGN (0x4)
                0x08005d18                        PROVIDE (__init_array_start = .)
 *(SORT_BY_NAME(.init_array.*))
 *(.init_array*)
 .init_array    0x08005d18        0x4 D:/STM32CubeIDE_1.19.0/STM32CubeIDE/plugins/com.st.stm32cube.ide.mcu.externaltools.gnu-tools-for-stm32.13.3.rel1.win32_1.0.0.202411081344/tools/bin/../lib/gcc/arm-none-eabi/13.3.1/thumb/v7e-m+fp/hard/crtbegin.o
                0x08005d1c                        PROVIDE (__init_array_end = .)
                0x08005d1c                        . = ALIGN (0x4)

.fini_array     0x08005d1c        0x4
                0x08005d1c                        . = ALIGN (0x4)
                [!provide]                        PROVIDE (__fini_array_start = .)
 *(SORT_BY_NAME(.fini_array.*))
 *(.fini_array*)
 .fini_array    0x08005d1c        0x4 D:/STM32CubeIDE_1.19.0/STM32CubeIDE/plugins/com.st.stm32cube.ide.mcu.externaltools.gnu-tools-for-stm32.13.3.rel1.win32_1.0.0.202411081344/tools/bin/../lib/gcc/arm-none-eabi/13.3.1/thumb/v7e-m+fp/hard/crtbegin.o
                [!provide]                        PROVIDE (__fini_array_end = .)
                0x08005d20                        . = ALIGN (0x4)
                0x08005d20                        _sidata = LOADADDR (.data)

.rel.dyn        0x08005d20        0x0
 .rel.iplt      0x08005d20        0x0 D:/STM32CubeIDE_1.19.0/STM32CubeIDE/plugins/com.st.stm32cube.ide.mcu.externaltools.gnu-tools-for-stm32.13.3.rel1.win32_1.0.0.202411081344/tools/bin/../lib/gcc/arm-none-eabi/13.3.1/thumb/v7e-m+fp/hard/crtbegin.o

.data           0x20000000       0xa4 load address 0x08005d20
                0x20000000                        . = ALIGN (0x4)
                0x20000000                        _sdata = .
 *(.data)
 *(.data*)
 .data.is_staff_mode
                0x20000000        0x1 ./Core/Src/bot.o
                0x20000000                is_staff_mode
 *fill*         0x20000001        0x3 
 .data.t3_K_pos_1
                0x20000004        0x4 ./Core/Src/ksf_arm_control.o
                0x20000004                t3_K_pos_1
 .data.t1_K_pos_1
                0x20000008        0x4 ./Core/Src/ksf_arm_control.o
                0x20000008                t1_K_pos_1
 .data.t2_K_pos_1
                0x2000000c        0x4 ./Core/Src/ksf_arm_control.o
                0x2000000c                t2_K_pos_1
 .data.t3_K_pos_2
                0x20000010        0x4 ./Core/Src/ksf_arm_control.o
                0x20000010                t3_K_pos_2
 .data.t1_K_pos_2
                0x20000014        0x4 ./Core/Src/ksf_arm_control.o
                0x20000014                t1_K_pos_2
 .data.t2_K_pos_2
                0x20000018        0x4 ./Core/Src/ksf_arm_control.o
                0x20000018                t2_K_pos_2
 .data.locomotion_max_pwm
                0x2000001c        0x4 ./Core/Src/locomotion.o
                0x2000001c                locomotion_max_pwm
 .data.staff_locomotion_max_pwm
                0x20000020        0x4 ./Core/Src/locomotion.o
                0x20000020                staff_locomotion_max_pwm
 .data.locomotion_rotation_pwm_regular_staff
                0x20000024        0x4 ./Core/Src/locomotion.o
                0x20000024                locomotion_rotation_pwm_regular_staff
 .data.locomotion_rotation_while_drive_staff
                0x20000028        0x4 ./Core/Src/locomotion.o
                0x20000028                locomotion_rotation_while_drive_staff
 .data.locomotion_rotation_pwm_regular_kfs
                0x2000002c        0x4 ./Core/Src/locomotion.o
                0x2000002c                locomotion_rotation_pwm_regular_kfs
 .data.locomotion_rotation_while_drive_kfs
                0x20000030        0x4 ./Core/Src/locomotion.o
                0x20000030                locomotion_rotation_while_drive_kfs
 .data.current_angle_p2
                0x20000034        0x4 ./Core/Src/staff_arm_control.o
                0x20000034                current_angle_p2
 .data.current_angle_p3
                0x20000038        0x4 ./Core/Src/staff_arm_control.o
                0x20000038                current_angle_p3
 .data.SystemCoreClock
                0x2000003c        0x4 ./Core/Src/system_stm32f4xx.o
                0x2000003c                SystemCoreClock
 .data.uwTickPrio
                0x20000040        0x4 ./Drivers/STM32F4xx_HAL_Driver/Src/stm32f4xx_hal.o
                0x20000040                uwTickPrio
 .data.uwTickFreq
                0x20000044        0x1 ./Drivers/STM32F4xx_HAL_Driver/Src/stm32f4xx_hal.o
                0x20000044                uwTickFreq
 *fill*         0x20000045        0x3 
 .data.__sglue  0x20000048        0xc D:/STM32CubeIDE_1.19.0/STM32CubeIDE/plugins/com.st.stm32cube.ide.mcu.externaltools.gnu-tools-for-stm32.13.3.rel1.win32_1.0.0.202411081344/tools/bin/../lib/gcc/arm-none-eabi/13.3.1/../../../../arm-none-eabi/lib/thumb/v7e-m+fp/hard\libc_nano.a(libc_a-findfp.o)
                0x20000048                __sglue
 .data._impure_ptr
                0x20000054        0x4 D:/STM32CubeIDE_1.19.0/STM32CubeIDE/plugins/com.st.stm32cube.ide.mcu.externaltools.gnu-tools-for-stm32.13.3.rel1.win32_1.0.0.202411081344/tools/bin/../lib/gcc/arm-none-eabi/13.3.1/../../../../arm-none-eabi/lib/thumb/v7e-m+fp/hard\libc_nano.a(libc_a-impure.o)
                0x20000054                _impure_ptr
 .data._impure_data
                0x20000058       0x4c D:/STM32CubeIDE_1.19.0/STM32CubeIDE/plugins/com.st.stm32cube.ide.mcu.externaltools.gnu-tools-for-stm32.13.3.rel1.win32_1.0.0.202411081344/tools/bin/../lib/gcc/arm-none-eabi/13.3.1/../../../../arm-none-eabi/lib/thumb/v7e-m+fp/hard\libc_nano.a(libc_a-impure.o)
                0x20000058                _impure_data
 *(.RamFunc)
 *(.RamFunc*)
                0x200000a4                        . = ALIGN (0x4)
                0x200000a4                        _edata = .
                0x08005dc4                        _siccmram = LOADADDR (.ccmram)

.igot.plt       0x200000a4        0x0 load address 0x08005dc4
 .igot.plt      0x200000a4        0x0 D:/STM32CubeIDE_1.19.0/STM32CubeIDE/plugins/com.st.stm32cube.ide.mcu.externaltools.gnu-tools-for-stm32.13.3.rel1.win32_1.0.0.202411081344/tools/bin/../lib/gcc/arm-none-eabi/13.3.1/thumb/v7e-m+fp/hard/crtbegin.o

.ccmram         0x10000000        0x0 load address 0x08005dc4
                0x10000000                        . = ALIGN (0x4)
                0x10000000                        _sccmram = .
 *(.ccmram)
 *(.ccmram*)
                0x10000000                        . = ALIGN (0x4)
                0x10000000                        _eccmram = .
                0x10000000                        . = ALIGN (0x4)

.bss            0x200000a4      0x400
                0x200000a4                        _sbss = .
                0x200000a4                        __bss_start__ = _sbss
 *(.bss)
 .bss           0x200000a4       0x1c D:/STM32CubeIDE_1.19.0/STM32CubeIDE/plugins/com.st.stm32cube.ide.mcu.externaltools.gnu-tools-for-stm32.13.3.rel1.win32_1.0.0.202411081344/tools/bin/../lib/gcc/arm-none-eabi/13.3.1/thumb/v7e-m+fp/hard/crtbegin.o
 *(.bss*)
 .bss.last_options_state
                0x200000c0        0x1 ./Core/Src/bot.o
 *fill*         0x200000c1        0x3 
 .bss.lastServoUpdate
                0x200000c4        0x4 ./Core/Src/ksf_arm_control.o
                0x200000c4                lastServoUpdate
 .bss.servo1_currentPos
                0x200000c8        0x4 ./Core/Src/ksf_arm_control.o
                0x200000c8                servo1_currentPos
 .bss.servo1_targetPos
                0x200000cc        0x4 ./Core/Src/ksf_arm_control.o
                0x200000cc                servo1_targetPos
 .bss.servo1_moving
                0x200000d0        0x1 ./Core/Src/ksf_arm_control.o
                0x200000d0                servo1_moving
 .bss.upper_lim_sw
                0x200000d1        0x1 ./Core/Src/ksf_arm_control.o
                0x200000d1                upper_lim_sw
 *fill*         0x200000d2        0x2 
 .bss.kfs_state
                0x200000d4        0x3 ./Core/Src/ksf_arm_control.o
                0x200000d4                kfs_state
 .bss.lastTriangle
                0x200000d7        0x1 ./Core/Src/ksf_arm_control.o
                0x200000d7                lastTriangle
 .bss.lastCross
                0x200000d8        0x1 ./Core/Src/ksf_arm_control.o
                0x200000d8                lastCross
 *fill*         0x200000d9        0x3 
 .bss.m1_pwm    0x200000dc        0x4 ./Core/Src/locomotion.o
                0x200000dc                m1_pwm
 .bss.m2_pwm    0x200000e0        0x4 ./Core/Src/locomotion.o
                0x200000e0                m2_pwm
 .bss.m3_pwm    0x200000e4        0x4 ./Core/Src/locomotion.o
                0x200000e4                m3_pwm
 .bss.m4_pwm    0x200000e8        0x4 ./Core/Src/locomotion.o
                0x200000e8                m4_pwm
 .bss.locomotion_rotation_pwm_regular
                0x200000ec        0x4 ./Core/Src/locomotion.o
                0x200000ec                locomotion_rotation_pwm_regular
 .bss.locomotion_rotation_while_drive
                0x200000f0        0x4 ./Core/Src/locomotion.o
                0x200000f0                locomotion_rotation_while_drive
 .bss.htim1     0x200000f4       0x48 ./Core/Src/main.o
                0x200000f4                htim1
 .bss.htim2     0x2000013c       0x48 ./Core/Src/main.o
                0x2000013c                htim2
 .bss.htim3     0x20000184       0x48 ./Core/Src/main.o
                0x20000184                htim3
 .bss.htim4     0x200001cc       0x48 ./Core/Src/main.o
                0x200001cc                htim4
 .bss.htim9     0x20000214       0x48 ./Core/Src/main.o
                0x20000214                htim9
 .bss.htim12    0x2000025c       0x48 ./Core/Src/main.o
                0x2000025c                htim12
 .bss.huart2    0x200002a4       0x48 ./Core/Src/main.o
                0x200002a4                huart2
 .bss.target_steps_1
                0x200002ec        0x4 ./Core/Src/staff_arm_control.o
                0x200002ec                target_steps_1
 .bss.current_steps_1
                0x200002f0        0x4 ./Core/Src/staff_arm_control.o
                0x200002f0                current_steps_1
 .bss.SERVO_ALIGN
                0x200002f4        0x4 ./Core/Src/staff_arm_control.o
                0x200002f4                SERVO_ALIGN
 .bss.STEPPER_ALIGN
                0x200002f8        0x4 ./Core/Src/staff_arm_control.o
                0x200002f8                STEPPER_ALIGN
 .bss.pneumatic_state
                0x200002fc        0x1 ./Core/Src/staff_arm_control.o
                0x200002fc                pneumatic_state
 .bss.pwm_running
                0x200002fd        0x1 ./Core/Src/staff_arm_control.o
 .bss.last_triangle.5
                0x200002fe        0x1 ./Core/Src/staff_arm_control.o
 .bss.align_state.4
                0x200002ff        0x1 ./Core/Src/staff_arm_control.o
 .bss.returnServoPending.3
                0x20000300        0x1 ./Core/Src/staff_arm_control.o
 .bss.last_square.2
                0x20000301        0x1 ./Core/Src/staff_arm_control.o
 *fill*         0x20000302        0x2 
 .bss.last_step_tick.1
                0x20000304        0x4 ./Core/Src/staff_arm_control.o
 .bss.last_circle.0
                0x20000308        0x1 ./Core/Src/staff_arm_control.o
 *fill*         0x20000309        0x3 
 .bss.__sbrk_heap_end
                0x2000030c        0x4 ./Core/Src/sysmem.o
 .bss.rx_pkt    0x20000310       0x1a ./Core/Src/user.o
                0x20000310                rx_pkt
 *fill*         0x2000032a        0x2 
 .bss.LX_usr    0x2000032c        0x4 ./Core/Src/user.o
                0x2000032c                LX_usr
 .bss.LY_usr    0x20000330        0x4 ./Core/Src/user.o
                0x20000330                LY_usr
 .bss.RX_usr    0x20000334        0x4 ./Core/Src/user.o
                0x20000334                RX_usr
 .bss.RY_usr    0x20000338        0x4 ./Core/Src/user.o
                0x20000338                RY_usr
 .bss.L2_usr    0x2000033c        0x4 ./Core/Src/user.o
                0x2000033c                L2_usr
 .bss.R2_usr    0x20000340        0x4 ./Core/Src/user.o
                0x20000340                R2_usr
 .bss.btnStatus
                0x20000344        0x2 ./Core/Src/user.o
                0x20000344                btnStatus
 .bss.uart_rx_byte
                0x20000346        0x1 ./Core/Src/user.o
 *fill*         0x20000347        0x1 
 .bss.last_valid_pkt_tick
                0x20000348        0x4 ./Core/Src/user.o
 .bss.watchdog_triggered
                0x2000034c        0x1 ./Core/Src/user.o
 .bss.rst_flag  0x2000034d        0x1 ./Core/Src/user.o
                0x2000034d                rst_flag
 .bss.rst_reason_code
                0x2000034e        0x1 ./Core/Src/user.o
                0x2000034e                rst_reason_code
 *fill*         0x2000034f        0x1 
 .bss.g_uart    0x20000350        0x4 ./Core/Src/user.o
 .bss.uwTick    0x20000354        0x4 ./Drivers/STM32F4xx_HAL_Driver/Src/stm32f4xx_hal.o
                0x20000354                uwTick
 .bss.__sf      0x20000358      0x138 D:/STM32CubeIDE_1.19.0/STM32CubeIDE/plugins/com.st.stm32cube.ide.mcu.externaltools.gnu-tools-for-stm32.13.3.rel1.win32_1.0.0.202411081344/tools/bin/../lib/gcc/arm-none-eabi/13.3.1/../../../../arm-none-eabi/lib/thumb/v7e-m+fp/hard\libc_nano.a(libc_a-findfp.o)
                0x20000358                __sf
 .bss.__stdio_exit_handler
                0x20000490        0x4 D:/STM32CubeIDE_1.19.0/STM32CubeIDE/plugins/com.st.stm32cube.ide.mcu.externaltools.gnu-tools-for-stm32.13.3.rel1.win32_1.0.0.202411081344/tools/bin/../lib/gcc/arm-none-eabi/13.3.1/../../../../arm-none-eabi/lib/thumb/v7e-m+fp/hard\libc_nano.a(libc_a-findfp.o)
                0x20000490                __stdio_exit_handler
 .bss.errno     0x20000494        0x4 D:/STM32CubeIDE_1.19.0/STM32CubeIDE/plugins/com.st.stm32cube.ide.mcu.externaltools.gnu-tools-for-stm32.13.3.rel1.win32_1.0.0.202411081344/tools/bin/../lib/gcc/arm-none-eabi/13.3.1/../../../../arm-none-eabi/lib/thumb/v7e-m+fp/hard\libc_nano.a(libc_a-reent.o)
                0x20000494                errno
 .bss.__lock___malloc_recursive_mutex
                0x20000498        0x1 D:/STM32CubeIDE_1.19.0/STM32CubeIDE/plugins/com.st.stm32cube.ide.mcu.externaltools.gnu-tools-for-stm32.13.3.rel1.win32_1.0.0.202411081344/tools/bin/../lib/gcc/arm-none-eabi/13.3.1/../../../../arm-none-eabi/lib/thumb/v7e-m+fp/hard\libc_nano.a(libc_a-lock.o)
                0x20000498                __lock___malloc_recursive_mutex
 .bss.__lock___sfp_recursive_mutex
                0x20000499        0x1 D:/STM32CubeIDE_1.19.0/STM32CubeIDE/plugins/com.st.stm32cube.ide.mcu.externaltools.gnu-tools-for-stm32.13.3.rel1.win32_1.0.0.202411081344/tools/bin/../lib/gcc/arm-none-eabi/13.3.1/../../../../arm-none-eabi/lib/thumb/v7e-m+fp/hard\libc_nano.a(libc_a-lock.o)
                0x20000499                __lock___sfp_recursive_mutex
 *fill*         0x2000049a        0x2 
 .bss.__malloc_sbrk_start
                0x2000049c        0x4 D:/STM32CubeIDE_1.19.0/STM32CubeIDE/plugins/com.st.stm32cube.ide.mcu.externaltools.gnu-tools-for-stm32.13.3.rel1.win32_1.0.0.202411081344/tools/bin/../lib/gcc/arm-none-eabi/13.3.1/../../../../arm-none-eabi/lib/thumb/v7e-m+fp/hard\libc_nano.a(libc_a-mallocr.o)
                0x2000049c                __malloc_sbrk_start
 .bss.__malloc_free_list
                0x200004a0        0x4 D:/STM32CubeIDE_1.19.0/STM32CubeIDE/plugins/com.st.stm32cube.ide.mcu.externaltools.gnu-tools-for-stm32.13.3.rel1.win32_1.0.0.202411081344/tools/bin/../lib/gcc/arm-none-eabi/13.3.1/../../../../arm-none-eabi/lib/thumb/v7e-m+fp/hard\libc_nano.a(libc_a-mallocr.o)
                0x200004a0                __malloc_free_list
 *(COMMON)
                0x200004a4                        . = ALIGN (0x4)
                0x200004a4                        _ebss = .
                0x200004a4                        __bss_end__ = _ebss

._user_heap_stack
                0x200004a4      0x604
                0x200004a8                        . = ALIGN (0x8)
 *fill*         0x200004a4        0x4 
                [!provide]                        PROVIDE (end = .)
                0x200004a8                        PROVIDE (_end = .)
                0x200006a8                        . = (. + _Min_Heap_Size)
 *fill*         0x200004a8      0x200 
                0x20000aa8                        . = (. + _Min_Stack_Size)
 *fill*         0x200006a8      0x400 
                0x20000aa8                        . = ALIGN (0x8)

/DISCARD/
 libc.a(*)
 libm.a(*)
 libgcc.a(*)

.ARM.attributes
                0x00000000       0x30
 *(.ARM.attributes)
 .ARM.attributes
                0x00000000       0x22 D:/STM32CubeIDE_1.19.0/STM32CubeIDE/plugins/com.st.stm32cube.ide.mcu.externaltools.gnu-tools-for-stm32.13.3.rel1.win32_1.0.0.202411081344/tools/bin/../lib/gcc/arm-none-eabi/13.3.1/thumb/v7e-m+fp/hard/crti.o
 .ARM.attributes
                0x00000022       0x34 D:/STM32CubeIDE_1.19.0/STM32CubeIDE/plugins/com.st.stm32cube.ide.mcu.externaltools.gnu-tools-for-stm32.13.3.rel1.win32_1.0.0.202411081344/tools/bin/../lib/gcc/arm-none-eabi/13.3.1/thumb/v7e-m+fp/hard/crtbegin.o
 .ARM.attributes
                0x00000056       0x34 ./Core/Src/bot.o
 .ARM.attributes
                0x0000008a       0x34 ./Core/Src/ksf_arm_control.o
 .ARM.attributes
                0x000000be       0x34 ./Core/Src/locomotion.o
 .ARM.attributes
                0x000000f2       0x34 ./Core/Src/main.o
 .ARM.attributes
                0x00000126       0x34 ./Core/Src/staff_arm_control.o
 .ARM.attributes
                0x0000015a       0x34 ./Core/Src/stm32f4xx_hal_msp.o
 .ARM.attributes
                0x0000018e       0x34 ./Core/Src/stm32f4xx_it.o
 .ARM.attributes
                0x000001c2       0x34 ./Core/Src/syscalls.o
 .ARM.attributes
                0x000001f6       0x34 ./Core/Src/sysmem.o
 .ARM.attributes
                0x0000022a       0x34 ./Core/Src/system_stm32f4xx.o
 .ARM.attributes
                0x0000025e       0x34 ./Core/Src/user.o
 .ARM.attributes
                0x00000292       0x21 ./Core/Startup/startup_stm32f407vetx.o
 .ARM.attributes
                0x000002b3       0x34 ./Drivers/STM32F4xx_HAL_Driver/Src/stm32f4xx_hal.o
 .ARM.attributes
                0x000002e7       0x34 ./Drivers/STM32F4xx_HAL_Driver/Src/stm32f4xx_hal_cortex.o
 .ARM.attributes
                0x0000031b       0x34 ./Drivers/STM32F4xx_HAL_Driver/Src/stm32f4xx_hal_gpio.o
 .ARM.attributes
                0x0000034f       0x34 ./Drivers/STM32F4xx_HAL_Driver/Src/stm32f4xx_hal_rcc.o
 .ARM.attributes
                0x00000383       0x34 ./Drivers/STM32F4xx_HAL_Driver/Src/stm32f4xx_hal_tim.o
 .ARM.attributes
                0x000003b7       0x34 ./Drivers/STM32F4xx_HAL_Driver/Src/stm32f4xx_hal_tim_ex.o
 .ARM.attributes
                0x000003eb       0x34 ./Drivers/STM32F4xx_HAL_Driver/Src/stm32f4xx_hal_uart.o
 .ARM.attributes
                0x0000041f       0x34 D:/STM32CubeIDE_1.19.0/STM32CubeIDE/plugins/com.st.stm32cube.ide.mcu.externaltools.gnu-tools-for-stm32.13.3.rel1.win32_1.0.0.202411081344/tools/bin/../lib/gcc/arm-none-eabi/13.3.1/../../../../arm-none-eabi/lib/thumb/v7e-m+fp/hard\libc_nano.a(libc_a-findfp.o)
 .ARM.attributes
                0x00000453       0x34 D:/STM32CubeIDE_1.19.0/STM32CubeIDE/plugins/com.st.stm32cube.ide.mcu.externaltools.gnu-tools-for-stm32.13.3.rel1.win32_1.0.0.202411081344/tools/bin/../lib/gcc/arm-none-eabi/13.3.1/../../../../arm-none-eabi/lib/thumb/v7e-m+fp/hard\libc_nano.a(libc_a-fwalk.o)
 .ARM.attributes
                0x00000487       0x34 D:/STM32CubeIDE_1.19.0/STM32CubeIDE/plugins/com.st.stm32cube.ide.mcu.externaltools.gnu-tools-for-stm32.13.3.rel1.win32_1.0.0.202411081344/tools/bin/../lib/gcc/arm-none-eabi/13.3.1/../../../../arm-none-eabi/lib/thumb/v7e-m+fp/hard\libc_nano.a(libc_a-printf.o)
 .ARM.attributes
                0x000004bb       0x34 D:/STM32CubeIDE_1.19.0/STM32CubeIDE/plugins/com.st.stm32cube.ide.mcu.externaltools.gnu-tools-for-stm32.13.3.rel1.win32_1.0.0.202411081344/tools/bin/../lib/gcc/arm-none-eabi/13.3.1/../../../../arm-none-eabi/lib/thumb/v7e-m+fp/hard\libc_nano.a(libc_a-puts.o)
 .ARM.attributes
                0x000004ef       0x34 D:/STM32CubeIDE_1.19.0/STM32CubeIDE/plugins/com.st.stm32cube.ide.mcu.externaltools.gnu-tools-for-stm32.13.3.rel1.win32_1.0.0.202411081344/tools/bin/../lib/gcc/arm-none-eabi/13.3.1/../../../../arm-none-eabi/lib/thumb/v7e-m+fp/hard\libc_nano.a(libc_a-stdio.o)
 .ARM.attributes
                0x00000523       0x34 D:/STM32CubeIDE_1.19.0/STM32CubeIDE/plugins/com.st.stm32cube.ide.mcu.externaltools.gnu-tools-for-stm32.13.3.rel1.win32_1.0.0.202411081344/tools/bin/../lib/gcc/arm-none-eabi/13.3.1/../../../../arm-none-eabi/lib/thumb/v7e-m+fp/hard\libc_nano.a(libc_a-wbuf.o)
 .ARM.attributes
                0x00000557       0x34 D:/STM32CubeIDE_1.19.0/STM32CubeIDE/plugins/com.st.stm32cube.ide.mcu.externaltools.gnu-tools-for-stm32.13.3.rel1.win32_1.0.0.202411081344/tools/bin/../lib/gcc/arm-none-eabi/13.3.1/../../../../arm-none-eabi/lib/thumb/v7e-m+fp/hard\libc_nano.a(libc_a-wsetup.o)
 .ARM.attributes
                0x0000058b       0x34 D:/STM32CubeIDE_1.19.0/STM32CubeIDE/plugins/com.st.stm32cube.ide.mcu.externaltools.gnu-tools-for-stm32.13.3.rel1.win32_1.0.0.202411081344/tools/bin/../lib/gcc/arm-none-eabi/13.3.1/../../../../arm-none-eabi/lib/thumb/v7e-m+fp/hard\libc_nano.a(libc_a-memset.o)
 .ARM.attributes
                0x000005bf       0x34 D:/STM32CubeIDE_1.19.0/STM32CubeIDE/plugins/com.st.stm32cube.ide.mcu.externaltools.gnu-tools-for-stm32.13.3.rel1.win32_1.0.0.202411081344/tools/bin/../lib/gcc/arm-none-eabi/13.3.1/../../../../arm-none-eabi/lib/thumb/v7e-m+fp/hard\libc_nano.a(libc_a-closer.o)
 .ARM.attributes
                0x000005f3       0x34 D:/STM32CubeIDE_1.19.0/STM32CubeIDE/plugins/com.st.stm32cube.ide.mcu.externaltools.gnu-tools-for-stm32.13.3.rel1.win32_1.0.0.202411081344/tools/bin/../lib/gcc/arm-none-eabi/13.3.1/../../../../arm-none-eabi/lib/thumb/v7e-m+fp/hard\libc_nano.a(libc_a-reent.o)
 .ARM.attributes
                0x00000627       0x34 D:/STM32CubeIDE_1.19.0/STM32CubeIDE/plugins/com.st.stm32cube.ide.mcu.externaltools.gnu-tools-for-stm32.13.3.rel1.win32_1.0.0.202411081344/tools/bin/../lib/gcc/arm-none-eabi/13.3.1/../../../../arm-none-eabi/lib/thumb/v7e-m+fp/hard\libc_nano.a(libc_a-impure.o)
 .ARM.attributes
                0x0000065b       0x34 D:/STM32CubeIDE_1.19.0/STM32CubeIDE/plugins/com.st.stm32cube.ide.mcu.externaltools.gnu-tools-for-stm32.13.3.rel1.win32_1.0.0.202411081344/tools/bin/../lib/gcc/arm-none-eabi/13.3.1/../../../../arm-none-eabi/lib/thumb/v7e-m+fp/hard\libc_nano.a(libc_a-lseekr.o)
 .ARM.attributes
                0x0000068f       0x34 D:/STM32CubeIDE_1.19.0/STM32CubeIDE/plugins/com.st.stm32cube.ide.mcu.externaltools.gnu-tools-for-stm32.13.3.rel1.win32_1.0.0.202411081344/tools/bin/../lib/gcc/arm-none-eabi/13.3.1/../../../../arm-none-eabi/lib/thumb/v7e-m+fp/hard\libc_nano.a(libc_a-readr.o)
 .ARM.attributes
                0x000006c3       0x34 D:/STM32CubeIDE_1.19.0/STM32CubeIDE/plugins/com.st.stm32cube.ide.mcu.externaltools.gnu-tools-for-stm32.13.3.rel1.win32_1.0.0.202411081344/tools/bin/../lib/gcc/arm-none-eabi/13.3.1/../../../../arm-none-eabi/lib/thumb/v7e-m+fp/hard\libc_nano.a(libc_a-writer.o)
 .ARM.attributes
                0x000006f7       0x34 D:/STM32CubeIDE_1.19.0/STM32CubeIDE/plugins/com.st.stm32cube.ide.mcu.externaltools.gnu-tools-for-stm32.13.3.rel1.win32_1.0.0.202411081344/tools/bin/../lib/gcc/arm-none-eabi/13.3.1/../../../../arm-none-eabi/lib/thumb/v7e-m+fp/hard\libc_nano.a(libc_a-errno.o)
 .ARM.attributes
                0x0000072b       0x34 D:/STM32CubeIDE_1.19.0/STM32CubeIDE/plugins/com.st.stm32cube.ide.mcu.externaltools.gnu-tools-for-stm32.13.3.rel1.win32_1.0.0.202411081344/tools/bin/../lib/gcc/arm-none-eabi/13.3.1/../../../../arm-none-eabi/lib/thumb/v7e-m+fp/hard\libc_nano.a(libc_a-init.o)
 .ARM.attributes
                0x0000075f       0x34 D:/STM32CubeIDE_1.19.0/STM32CubeIDE/plugins/com.st.stm32cube.ide.mcu.externaltools.gnu-tools-for-stm32.13.3.rel1.win32_1.0.0.202411081344/tools/bin/../lib/gcc/arm-none-eabi/13.3.1/../../../../arm-none-eabi/lib/thumb/v7e-m+fp/hard\libc_nano.a(libc_a-lock.o)
 .ARM.attributes
                0x00000793       0x34 D:/STM32CubeIDE_1.19.0/STM32CubeIDE/plugins/com.st.stm32cube.ide.mcu.externaltools.gnu-tools-for-stm32.13.3.rel1.win32_1.0.0.202411081344/tools/bin/../lib/gcc/arm-none-eabi/13.3.1/../../../../arm-none-eabi/lib/thumb/v7e-m+fp/hard\libc_nano.a(libc_a-freer.o)
 .ARM.attributes
                0x000007c7       0x34 D:/STM32CubeIDE_1.19.0/STM32CubeIDE/plugins/com.st.stm32cube.ide.mcu.externaltools.gnu-tools-for-stm32.13.3.rel1.win32_1.0.0.202411081344/tools/bin/../lib/gcc/arm-none-eabi/13.3.1/../../../../arm-none-eabi/lib/thumb/v7e-m+fp/hard\libc_nano.a(libc_a-mallocr.o)
 .ARM.attributes
                0x000007fb       0x34 D:/STM32CubeIDE_1.19.0/STM32CubeIDE/plugins/com.st.stm32cube.ide.mcu.externaltools.gnu-tools-for-stm32.13.3.rel1.win32_1.0.0.202411081344/tools/bin/../lib/gcc/arm-none-eabi/13.3.1/../../../../arm-none-eabi/lib/thumb/v7e-m+fp/hard\libc_nano.a(libc_a-mlock.o)
 .ARM.attributes
                0x0000082f       0x34 D:/STM32CubeIDE_1.19.0/STM32CubeIDE/plugins/com.st.stm32cube.ide.mcu.externaltools.gnu-tools-for-stm32.13.3.rel1.win32_1.0.0.202411081344/tools/bin/../lib/gcc/arm-none-eabi/13.3.1/../../../../arm-none-eabi/lib/thumb/v7e-m+fp/hard\libc_nano.a(libc_a-nano-vfprintf.o)
 .ARM.attributes
                0x00000863       0x34 D:/STM32CubeIDE_1.19.0/STM32CubeIDE/plugins/com.st.stm32cube.ide.mcu.externaltools.gnu-tools-for-stm32.13.3.rel1.win32_1.0.0.202411081344/tools/bin/../lib/gcc/arm-none-eabi/13.3.1/../../../../arm-none-eabi/lib/thumb/v7e-m+fp/hard\libc_nano.a(libc_a-nano-vfprintf_i.o)
 .ARM.attributes
                0x00000897       0x34 D:/STM32CubeIDE_1.19.0/STM32CubeIDE/plugins/com.st.stm32cube.ide.mcu.externaltools.gnu-tools-for-stm32.13.3.rel1.win32_1.0.0.202411081344/tools/bin/../lib/gcc/arm-none-eabi/13.3.1/../../../../arm-none-eabi/lib/thumb/v7e-m+fp/hard\libc_nano.a(libc_a-fflush.o)
 .ARM.attributes
                0x000008cb       0x34 D:/STM32CubeIDE_1.19.0/STM32CubeIDE/plugins/com.st.stm32cube.ide.mcu.externaltools.gnu-tools-for-stm32.13.3.rel1.win32_1.0.0.202411081344/tools/bin/../lib/gcc/arm-none-eabi/13.3.1/../../../../arm-none-eabi/lib/thumb/v7e-m+fp/hard\libc_nano.a(libc_a-makebuf.o)
 .ARM.attributes
                0x000008ff       0x34 D:/STM32CubeIDE_1.19.0/STM32CubeIDE/plugins/com.st.stm32cube.ide.mcu.externaltools.gnu-tools-for-stm32.13.3.rel1.win32_1.0.0.202411081344/tools/bin/../lib/gcc/arm-none-eabi/13.3.1/../../../../arm-none-eabi/lib/thumb/v7e-m+fp/hard\libc_nano.a(libc_a-fstatr.o)
 .ARM.attributes
                0x00000933       0x34 D:/STM32CubeIDE_1.19.0/STM32CubeIDE/plugins/com.st.stm32cube.ide.mcu.externaltools.gnu-tools-for-stm32.13.3.rel1.win32_1.0.0.202411081344/tools/bin/../lib/gcc/arm-none-eabi/13.3.1/../../../../arm-none-eabi/lib/thumb/v7e-m+fp/hard\libc_nano.a(libc_a-isattyr.o)
 .ARM.attributes
                0x00000967       0x34 D:/STM32CubeIDE_1.19.0/STM32CubeIDE/plugins/com.st.stm32cube.ide.mcu.externaltools.gnu-tools-for-stm32.13.3.rel1.win32_1.0.0.202411081344/tools/bin/../lib/gcc/arm-none-eabi/13.3.1/../../../../arm-none-eabi/lib/thumb/v7e-m+fp/hard\libc_nano.a(libc_a-sbrkr.o)
 .ARM.attributes
                0x0000099b       0x1c D:/STM32CubeIDE_1.19.0/STM32CubeIDE/plugins/com.st.stm32cube.ide.mcu.externaltools.gnu-tools-for-stm32.13.3.rel1.win32_1.0.0.202411081344/tools/bin/../lib/gcc/arm-none-eabi/13.3.1/../../../../arm-none-eabi/lib/thumb/v7e-m+fp/hard\libc_nano.a(libc_a-memchr.o)
 .ARM.attributes
                0x000009b7       0x22 D:/STM32CubeIDE_1.19.0/STM32CubeIDE/plugins/com.st.stm32cube.ide.mcu.externaltools.gnu-tools-for-stm32.13.3.rel1.win32_1.0.0.202411081344/tools/bin/../lib/gcc/arm-none-eabi/13.3.1/thumb/v7e-m+fp/hard\libgcc.a(_aeabi_uldivmod.o)
 .ARM.attributes
                0x000009d9       0x34 D:/STM32CubeIDE_1.19.0/STM32CubeIDE/plugins/com.st.stm32cube.ide.mcu.externaltools.gnu-tools-for-stm32.13.3.rel1.win32_1.0.0.202411081344/tools/bin/../lib/gcc/arm-none-eabi/13.3.1/thumb/v7e-m+fp/hard\libgcc.a(_udivmoddi4.o)
 .ARM.attributes
                0x00000a0d       0x22 D:/STM32CubeIDE_1.19.0/STM32CubeIDE/plugins/com.st.stm32cube.ide.mcu.externaltools.gnu-tools-for-stm32.13.3.rel1.win32_1.0.0.202411081344/tools/bin/../lib/gcc/arm-none-eabi/13.3.1/thumb/v7e-m+fp/hard\libgcc.a(_dvmd_tls.o)
 .ARM.attributes
                0x00000a2f       0x22 D:/STM32CubeIDE_1.19.0/STM32CubeIDE/plugins/com.st.stm32cube.ide.mcu.externaltools.gnu-tools-for-stm32.13.3.rel1.win32_1.0.0.202411081344/tools/bin/../lib/gcc/arm-none-eabi/13.3.1/thumb/v7e-m+fp/hard/crtn.o
OUTPUT(bot_ve6.elf elf32-littlearm)
LOAD linker stubs
LOAD D:/STM32CubeIDE_1.19.0/STM32CubeIDE/plugins/com.st.stm32cube.ide.mcu.externaltools.gnu-tools-for-stm32.13.3.rel1.win32_1.0.0.202411081344/tools/bin/../lib/gcc/arm-none-eabi/13.3.1/../../../../arm-none-eabi/lib/thumb/v7e-m+fp/hard\libc.a
LOAD D:/STM32CubeIDE_1.19.0/STM32CubeIDE/plugins/com.st.stm32cube.ide.mcu.externaltools.gnu-tools-for-stm32.13.3.rel1.win32_1.0.0.202411081344/tools/bin/../lib/gcc/arm-none-eabi/13.3.1/../../../../arm-none-eabi/lib/thumb/v7e-m+fp/hard\libm.a
LOAD D:/STM32CubeIDE_1.19.0/STM32CubeIDE/plugins/com.st.stm32cube.ide.mcu.externaltools.gnu-tools-for-stm32.13.3.rel1.win32_1.0.0.202411081344/tools/bin/../lib/gcc/arm-none-eabi/13.3.1/thumb/v7e-m+fp/hard\libgcc.a

.debug_info     0x00000000    0x1024a
 .debug_info    0x00000000      0xa71 ./Core/Src/bot.o
 .debug_info    0x00000a71      0xaed ./Core/Src/ksf_arm_control.o
 .debug_info    0x0000155e      0xbe0 ./Core/Src/locomotion.o
 .debug_info    0x0000213e     0x138d ./Core/Src/main.o
 .debug_info    0x000034cb      0xb36 ./Core/Src/staff_arm_control.o
 .debug_info    0x00004001      0xea2 ./Core/Src/stm32f4xx_hal_msp.o
 .debug_info    0x00004ea3      0x112 ./Core/Src/stm32f4xx_it.o
 .debug_info    0x00004fb5      0x6a3 ./Core/Src/syscalls.o
 .debug_info    0x00005658      0x168 ./Core/Src/sysmem.o
 .debug_info    0x000057c0      0x512 ./Core/Src/system_stm32f4xx.o
 .debug_info    0x00005cd2     0x112b ./Core/Src/user.o
 .debug_info    0x00006dfd       0x30 ./Core/Startup/startup_stm32f407vetx.o
 .debug_info    0x00006e2d      0x944 ./Drivers/STM32F4xx_HAL_Driver/Src/stm32f4xx_hal.o
 .debug_info    0x00007771      0xd8c ./Drivers/STM32F4xx_HAL_Driver/Src/stm32f4xx_hal_cortex.o
 .debug_info    0x000084fd      0x6c3 ./Drivers/STM32F4xx_HAL_Driver/Src/stm32f4xx_hal_gpio.o
 .debug_info    0x00008bc0      0x8c3 ./Drivers/STM32F4xx_HAL_Driver/Src/stm32f4xx_hal_rcc.o
 .debug_info    0x00009483     0x299d ./Drivers/STM32F4xx_HAL_Driver/Src/stm32f4xx_hal_tim.o
 .debug_info    0x0000be20     0x14db ./Drivers/STM32F4xx_HAL_Driver/Src/stm32f4xx_hal_tim_ex.o
 .debug_info    0x0000d2fb     0x2f4f ./Drivers/STM32F4xx_HAL_Driver/Src/stm32f4xx_hal_uart.o

.debug_abbrev   0x00000000     0x27e7
 .debug_abbrev  0x00000000      0x247 ./Core/Src/bot.o
 .debug_abbrev  0x00000247      0x225 ./Core/Src/ksf_arm_control.o
 .debug_abbrev  0x0000046c      0x248 ./Core/Src/locomotion.o
 .debug_abbrev  0x000006b4      0x2da ./Core/Src/main.o
 .debug_abbrev  0x0000098e      0x26b ./Core/Src/staff_arm_control.o
 .debug_abbrev  0x00000bf9      0x238 ./Core/Src/stm32f4xx_hal_msp.o
 .debug_abbrev  0x00000e31       0x73 ./Core/Src/stm32f4xx_it.o
 .debug_abbrev  0x00000ea4      0x1b6 ./Core/Src/syscalls.o
 .debug_abbrev  0x0000105a       0xbc ./Core/Src/sysmem.o
 .debug_abbrev  0x00001116      0x11a ./Core/Src/system_stm32f4xx.o
 .debug_abbrev  0x00001230      0x3ce ./Core/Src/user.o
 .debug_abbrev  0x000015fe       0x24 ./Core/Startup/startup_stm32f407vetx.o
 .debug_abbrev  0x00001622      0x214 ./Drivers/STM32F4xx_HAL_Driver/Src/stm32f4xx_hal.o
 .debug_abbrev  0x00001836      0x31d ./Drivers/STM32F4xx_HAL_Driver/Src/stm32f4xx_hal_cortex.o
 .debug_abbrev  0x00001b53      0x1d4 ./Drivers/STM32F4xx_HAL_Driver/Src/stm32f4xx_hal_gpio.o
 .debug_abbrev  0x00001d27      0x2b7 ./Drivers/STM32F4xx_HAL_Driver/Src/stm32f4xx_hal_rcc.o
 .debug_abbrev  0x00001fde      0x278 ./Drivers/STM32F4xx_HAL_Driver/Src/stm32f4xx_hal_tim.o
 .debug_abbrev  0x00002256      0x283 ./Drivers/STM32F4xx_HAL_Driver/Src/stm32f4xx_hal_tim_ex.o
 .debug_abbrev  0x000024d9      0x30e ./Drivers/STM32F4xx_HAL_Driver/Src/stm32f4xx_hal_uart.o

.debug_aranges  0x00000000      0xe30
 .debug_aranges
                0x00000000       0x48 ./Core/Src/bot.o
 .debug_aranges
                0x00000048       0x58 ./Core/Src/ksf_arm_control.o
 .debug_aranges
                0x000000a0       0x38 ./Core/Src/locomotion.o
 .debug_aranges
                0x000000d8       0x70 ./Core/Src/main.o
 .debug_aranges
                0x00000148       0x48 ./Core/Src/staff_arm_control.o
 .debug_aranges
                0x00000190       0x58 ./Core/Src/stm32f4xx_hal_msp.o
 .debug_aranges
                0x000001e8       0x60 ./Core/Src/stm32f4xx_it.o
 .debug_aranges
                0x00000248       0xa8 ./Core/Src/syscalls.o
 .debug_aranges
                0x000002f0       0x20 ./Core/Src/sysmem.o
 .debug_aranges
                0x00000310       0x28 ./Core/Src/system_stm32f4xx.o
 .debug_aranges
                0x00000338       0x90 ./Core/Src/user.o
 .debug_aranges
                0x000003c8       0x28 ./Core/Startup/startup_stm32f407vetx.o
 .debug_aranges
                0x000003f0       0xf0 ./Drivers/STM32F4xx_HAL_Driver/Src/stm32f4xx_hal.o
 .debug_aranges
                0x000004e0      0x130 ./Drivers/STM32F4xx_HAL_Driver/Src/stm32f4xx_hal_cortex.o
 .debug_aranges
                0x00000610       0x58 ./Drivers/STM32F4xx_HAL_Driver/Src/stm32f4xx_hal_gpio.o
 .debug_aranges
                0x00000668       0x88 ./Drivers/STM32F4xx_HAL_Driver/Src/stm32f4xx_hal_rcc.o
 .debug_aranges
                0x000006f0      0x3d0 ./Drivers/STM32F4xx_HAL_Driver/Src/stm32f4xx_hal_tim.o
 .debug_aranges
                0x00000ac0      0x168 ./Drivers/STM32F4xx_HAL_Driver/Src/stm32f4xx_hal_tim_ex.o
 .debug_aranges
                0x00000c28      0x208 ./Drivers/STM32F4xx_HAL_Driver/Src/stm32f4xx_hal_uart.o

.debug_rnglists
                0x00000000      0xb05
 .debug_rnglists
                0x00000000       0x32 ./Core/Src/bot.o
 .debug_rnglists
                0x00000032       0x3f ./Core/Src/ksf_arm_control.o
 .debug_rnglists
                0x00000071       0x29 ./Core/Src/locomotion.o
 .debug_rnglists
                0x0000009a       0x58 ./Core/Src/main.o
 .debug_rnglists
                0x000000f2       0x34 ./Core/Src/staff_arm_control.o
 .debug_rnglists
                0x00000126       0x41 ./Core/Src/stm32f4xx_hal_msp.o
 .debug_rnglists
                0x00000167       0x43 ./Core/Src/stm32f4xx_it.o
 .debug_rnglists
                0x000001aa       0x79 ./Core/Src/syscalls.o
 .debug_rnglists
                0x00000223       0x13 ./Core/Src/sysmem.o
 .debug_rnglists
                0x00000236       0x1a ./Core/Src/system_stm32f4xx.o
 .debug_rnglists
                0x00000250       0x6d ./Core/Src/user.o
 .debug_rnglists
                0x000002bd       0x19 ./Core/Startup/startup_stm32f407vetx.o
 .debug_rnglists
                0x000002d6       0xaf ./Drivers/STM32F4xx_HAL_Driver/Src/stm32f4xx_hal.o
 .debug_rnglists
                0x00000385       0xe0 ./Drivers/STM32F4xx_HAL_Driver/Src/stm32f4xx_hal_cortex.o
 .debug_rnglists
                0x00000465       0x3f ./Drivers/STM32F4xx_HAL_Driver/Src/stm32f4xx_hal_gpio.o
 .debug_rnglists
                0x000004a4       0x66 ./Drivers/STM32F4xx_HAL_Driver/Src/stm32f4xx_hal_rcc.o
 .debug_rnglists
                0x0000050a      0x31a ./Drivers/STM32F4xx_HAL_Driver/Src/stm32f4xx_hal_tim.o
 .debug_rnglists
                0x00000824      0x125 ./Drivers/STM32F4xx_HAL_Driver/Src/stm32f4xx_hal_tim_ex.o
 .debug_rnglists
                0x00000949      0x1bc ./Drivers/STM32F4xx_HAL_Driver/Src/stm32f4xx_hal_uart.o

.debug_macro    0x00000000    0x23367
 .debug_macro   0x00000000      0x365 ./Core/Src/bot.o
 .debug_macro   0x00000365      0xad8 ./Core/Src/bot.o
 .debug_macro   0x00000e3d       0x22 ./Core/Src/bot.o
 .debug_macro   0x00000e5f       0x22 ./Core/Src/bot.o
 .debug_macro   0x00000e81       0x5b ./Core/Src/bot.o
 .debug_macro   0x00000edc       0x2a ./Core/Src/bot.o
 .debug_macro   0x00000f06       0x94 ./Core/Src/bot.o
 .debug_macro   0x00000f9a       0x43 ./Core/Src/bot.o
 .debug_macro   0x00000fdd       0x34 ./Core/Src/bot.o
 .debug_macro   0x00001011      0x190 ./Core/Src/bot.o
 .debug_macro   0x000011a1       0x57 ./Core/Src/bot.o
 .debug_macro   0x000011f8      0x370 ./Core/Src/bot.o
 .debug_macro   0x00001568       0x16 ./Core/Src/bot.o
 .debug_macro   0x0000157e       0x4a ./Core/Src/bot.o
 .debug_macro   0x000015c8       0x34 ./Core/Src/bot.o
 .debug_macro   0x000015fc       0x10 ./Core/Src/bot.o
 .debug_macro   0x0000160c       0x58 ./Core/Src/bot.o
 .debug_macro   0x00001664       0x8e ./Core/Src/bot.o
 .debug_macro   0x000016f2       0x1c ./Core/Src/bot.o
 .debug_macro   0x0000170e      0x185 ./Core/Src/bot.o
 .debug_macro   0x00001893       0x10 ./Core/Src/bot.o
 .debug_macro   0x000018a3       0x3c ./Core/Src/bot.o
 .debug_macro   0x000018df       0x20 ./Core/Src/bot.o
 .debug_macro   0x000018ff       0x22 ./Core/Src/bot.o
 .debug_macro   0x00001921      0x103 ./Core/Src/bot.o
 .debug_macro   0x00001a24       0x6a ./Core/Src/bot.o
 .debug_macro   0x00001a8e      0x1df ./Core/Src/bot.o
 .debug_macro   0x00001c6d       0x16 ./Core/Src/bot.o
 .debug_macro   0x00001c83       0x16 ./Core/Src/bot.o
 .debug_macro   0x00001c99       0x29 ./Core/Src/bot.o
 .debug_macro   0x00001cc2      0x19b ./Core/Src/bot.o
 .debug_macro   0x00001e5d       0x1c ./Core/Src/bot.o
 .debug_macro   0x00001e79       0x10 ./Core/Src/bot.o
 .debug_macro   0x00001e89       0x1c ./Core/Src/bot.o
 .debug_macro   0x00001ea5       0x16 ./Core/Src/bot.o
 .debug_macro   0x00001ebb      0x146 ./Core/Src/bot.o
 .debug_macro   0x00002001      0x29b ./Core/Src/bot.o
 .debug_macro   0x0000229c       0x2e ./Core/Src/bot.o
 .debug_macro   0x000022ca       0x2f ./Core/Src/bot.o
 .debug_macro   0x000022f9       0x1c ./Core/Src/bot.o
 .debug_macro   0x00002315       0x22 ./Core/Src/bot.o
 .debug_macro   0x00002337       0xfb ./Core/Src/bot.o
 .debug_macro   0x00002432     0x1011 ./Core/Src/bot.o
 .debug_macro   0x00003443      0x11f ./Core/Src/bot.o
 .debug_macro   0x00003562    0x15ea5 ./Core/Src/bot.o
 .debug_macro   0x00019407       0x6d ./Core/Src/bot.o
 .debug_macro   0x00019474     0x3693 ./Core/Src/bot.o
 .debug_macro   0x0001cb07       0x56 ./Core/Src/bot.o
 .debug_macro   0x0001cb5d      0x980 ./Core/Src/bot.o
 .debug_macro   0x0001d4dd      0x9e9 ./Core/Src/bot.o
 .debug_macro   0x0001dec6      0x115 ./Core/Src/bot.o
 .debug_macro   0x0001dfdb      0x13e ./Core/Src/bot.o
 .debug_macro   0x0001e119       0xa5 ./Core/Src/bot.o
 .debug_macro   0x0001e1be      0x174 ./Core/Src/bot.o
 .debug_macro   0x0001e332      0x287 ./Core/Src/bot.o
 .debug_macro   0x0001e5b9       0x5f ./Core/Src/bot.o
 .debug_macro   0x0001e618      0x236 ./Core/Src/bot.o
 .debug_macro   0x0001e84e      0x12c ./Core/Src/bot.o
 .debug_macro   0x0001e97a      0x21e ./Core/Src/bot.o
 .debug_macro   0x0001eb98       0x2e ./Core/Src/bot.o
 .debug_macro   0x0001ebc6      0x127 ./Core/Src/bot.o
 .debug_macro   0x0001eced       0x7e ./Core/Src/bot.o
 .debug_macro   0x0001ed6b       0x89 ./Core/Src/bot.o
 .debug_macro   0x0001edf4      0x8ed ./Core/Src/bot.o
 .debug_macro   0x0001f6e1       0x4d ./Core/Src/bot.o
 .debug_macro   0x0001f72e      0x2aa ./Core/Src/bot.o
 .debug_macro   0x0001f9d8      0x12d ./Core/Src/bot.o
 .debug_macro   0x0001fb05       0x28 ./Core/Src/bot.o
 .debug_macro   0x0001fb2d       0x7c ./Core/Src/bot.o
 .debug_macro   0x0001fba9       0x76 ./Core/Src/bot.o
 .debug_macro   0x0001fc1f       0xa0 ./Core/Src/bot.o
 .debug_macro   0x0001fcbf      0x36b ./Core/Src/ksf_arm_control.o
 .debug_macro   0x0002002a       0x70 ./Core/Src/ksf_arm_control.o
 .debug_macro   0x0002009a      0x36b ./Core/Src/locomotion.o
 .debug_macro   0x00020405       0x8e ./Core/Src/locomotion.o
 .debug_macro   0x00020493       0x51 ./Core/Src/locomotion.o
 .debug_macro   0x000204e4       0x5c ./Core/Src/locomotion.o
 .debug_macro   0x00020540       0x61 ./Core/Src/locomotion.o
 .debug_macro   0x000205a1       0x16 ./Core/Src/locomotion.o
 .debug_macro   0x000205b7      0x371 ./Core/Src/main.o
 .debug_macro   0x00020928       0x16 ./Core/Src/main.o
 .debug_macro   0x0002093e       0x16 ./Core/Src/main.o
 .debug_macro   0x00020954      0x395 ./Core/Src/staff_arm_control.o
 .debug_macro   0x00020ce9       0x9a ./Core/Src/staff_arm_control.o
 .debug_macro   0x00020d83      0x1d8 ./Core/Src/stm32f4xx_hal_msp.o
 .debug_macro   0x00020f5b      0x1e2 ./Core/Src/stm32f4xx_it.o
 .debug_macro   0x0002113d      0x274 ./Core/Src/syscalls.o
 .debug_macro   0x000213b1       0x10 ./Core/Src/syscalls.o
 .debug_macro   0x000213c1       0x10 ./Core/Src/syscalls.o
 .debug_macro   0x000213d1       0x10 ./Core/Src/syscalls.o
 .debug_macro   0x000213e1       0x10 ./Core/Src/syscalls.o
 .debug_macro   0x000213f1       0x1c ./Core/Src/syscalls.o
 .debug_macro   0x0002140d       0x52 ./Core/Src/syscalls.o
 .debug_macro   0x0002145f       0x22 ./Core/Src/syscalls.o
 .debug_macro   0x00021481       0x10 ./Core/Src/syscalls.o
 .debug_macro   0x00021491       0x52 ./Core/Src/syscalls.o
 .debug_macro   0x000214e3       0xcf ./Core/Src/syscalls.o
 .debug_macro   0x000215b2       0x1c ./Core/Src/syscalls.o
 .debug_macro   0x000215ce       0x3d ./Core/Src/syscalls.o
 .debug_macro   0x0002160b       0x35 ./Core/Src/syscalls.o
 .debug_macro   0x00021640      0x12c ./Core/Src/syscalls.o
 .debug_macro   0x0002176c       0x10 ./Core/Src/syscalls.o
 .debug_macro   0x0002177c      0x242 ./Core/Src/syscalls.o
 .debug_macro   0x000219be       0x10 ./Core/Src/syscalls.o
 .debug_macro   0x000219ce      0x18a ./Core/Src/syscalls.o
 .debug_macro   0x00021b58       0x16 ./Core/Src/syscalls.o
 .debug_macro   0x00021b6e       0xce ./Core/Src/syscalls.o
 .debug_macro   0x00021c3c      0x112 ./Core/Src/sysmem.o
 .debug_macro   0x00021d4e      0x23c ./Core/Src/sysmem.o
 .debug_macro   0x00021f8a      0x1ce ./Core/Src/system_stm32f4xx.o
 .debug_macro   0x00022158      0x32a ./Core/Src/user.o
 .debug_macro   0x00022482      0x11c ./Core/Src/user.o
 .debug_macro   0x0002259e       0x9b ./Core/Src/user.o
 .debug_macro   0x00022639      0x22e ./Drivers/STM32F4xx_HAL_Driver/Src/stm32f4xx_hal.o
 .debug_macro   0x00022867      0x1ce ./Drivers/STM32F4xx_HAL_Driver/Src/stm32f4xx_hal_cortex.o
 .debug_macro   0x00022a35      0x1d4 ./Drivers/STM32F4xx_HAL_Driver/Src/stm32f4xx_hal_gpio.o
 .debug_macro   0x00022c09      0x1f2 ./Drivers/STM32F4xx_HAL_Driver/Src/stm32f4xx_hal_rcc.o
 .debug_macro   0x00022dfb      0x1cf ./Drivers/STM32F4xx_HAL_Driver/Src/stm32f4xx_hal_tim.o
 .debug_macro   0x00022fca      0x1ce ./Drivers/STM32F4xx_HAL_Driver/Src/stm32f4xx_hal_tim_ex.o
 .debug_macro   0x00023198      0x1cf ./Drivers/STM32F4xx_HAL_Driver/Src/stm32f4xx_hal_uart.o

.debug_line     0x00000000    0x11685
 .debug_line    0x00000000      0xa75 ./Core/Src/bot.o
 .debug_line    0x00000a75      0xc1c ./Core/Src/ksf_arm_control.o
 .debug_line    0x00001691      0xb23 ./Core/Src/locomotion.o
 .debug_line    0x000021b4      0xd41 ./Core/Src/main.o
 .debug_line    0x00002ef5      0xb3f ./Core/Src/staff_arm_control.o
 .debug_line    0x00003a34      0x96d ./Core/Src/stm32f4xx_hal_msp.o
 .debug_line    0x000043a1      0x7e9 ./Core/Src/stm32f4xx_it.o
 .debug_line    0x00004b8a      0x89d ./Core/Src/syscalls.o
 .debug_line    0x00005427      0x579 ./Core/Src/sysmem.o
 .debug_line    0x000059a0      0x7b0 ./Core/Src/system_stm32f4xx.o
 .debug_line    0x00006150      0xd35 ./Core/Src/user.o
 .debug_line    0x00006e85       0x7a ./Core/Startup/startup_stm32f407vetx.o
 .debug_line    0x00006eff      0xa2c ./Drivers/STM32F4xx_HAL_Driver/Src/stm32f4xx_hal.o
 .debug_line    0x0000792b      0xcfc ./Drivers/STM32F4xx_HAL_Driver/Src/stm32f4xx_hal_cortex.o
 .debug_line    0x00008627      0xb84 ./Drivers/STM32F4xx_HAL_Driver/Src/stm32f4xx_hal_gpio.o
 .debug_line    0x000091ab      0xe39 ./Drivers/STM32F4xx_HAL_Driver/Src/stm32f4xx_hal_rcc.o
 .debug_line    0x00009fe4     0x37a1 ./Drivers/STM32F4xx_HAL_Driver/Src/stm32f4xx_hal_tim.o
 .debug_line    0x0000d785     0x198c ./Drivers/STM32F4xx_HAL_Driver/Src/stm32f4xx_hal_tim_ex.o
 .debug_line    0x0000f111     0x2574 ./Drivers/STM32F4xx_HAL_Driver/Src/stm32f4xx_hal_uart.o

.debug_str      0x00000000    0xce710
 .debug_str     0x00000000    0xce710 ./Core/Src/bot.o
                              0xc9019 (size before relaxing)
 .debug_str     0x000ce710    0xc8f9e ./Core/Src/ksf_arm_control.o
 .debug_str     0x000ce710    0xc8fbe ./Core/Src/locomotion.o
 .debug_str     0x000ce710    0xc9534 ./Core/Src/main.o
 .debug_str     0x000ce710    0xc90a9 ./Core/Src/staff_arm_control.o
 .debug_str     0x000ce710    0xc4817 ./Core/Src/stm32f4xx_hal_msp.o
 .debug_str     0x000ce710    0xc3f2d ./Core/Src/stm32f4xx_it.o
 .debug_str     0x000ce710     0x9a02 ./Core/Src/syscalls.o
 .debug_str     0x000ce710     0x77a0 ./Core/Src/sysmem.o
 .debug_str     0x000ce710    0xc4057 ./Core/Src/system_stm32f4xx.o
 .debug_str     0x000ce710    0xc8b4b ./Core/Src/user.o
 .debug_str     0x000ce710       0xa2 ./Core/Startup/startup_stm32f407vetx.o
 .debug_str     0x000ce710    0xc4bdb ./Drivers/STM32F4xx_HAL_Driver/Src/stm32f4xx_hal.o
 .debug_str     0x000ce710    0xc4957 ./Drivers/STM32F4xx_HAL_Driver/Src/stm32f4xx_hal_cortex.o
 .debug_str     0x000ce710    0xc41d2 ./Drivers/STM32F4xx_HAL_Driver/Src/stm32f4xx_hal_gpio.o
 .debug_str     0x000ce710    0xc448b ./Drivers/STM32F4xx_HAL_Driver/Src/stm32f4xx_hal_rcc.o