../Core/Src/main.c:95:5:main	8	static
../Core/Src/main.c:179:6:SystemClock_Config	88	static
../Core/Src/main.c:221:13:MX_TIM1_Init	80	static
../Core/Src/main.c:294:13:MX_TIM2_Init	48	static
../Core/Src/main.c:351:13:MX_TIM3_Init	48	static
../Core/Src/main.c:412:13:MX_TIM4_Init	48	static
../Core/Src/main.c:461:13:MX_TIM9_Init	40	static
../Core/Src/main.c:507:13:MX_TIM12_Init	40	static
../Core/Src/main.c:549:13:MX_USART2_UART_Init	8	static
../Core/Src/main.c:582:13:MX_GPIO_Init	48	static
../Core/Src/main.c:661:6:Error_Handler	4	static,ignoring_inline_asm
