../Core/Src/user.c:73:6:uart_start_receive	16	static
../Core/Src/user.c:84:6:uart_rx_callback	32	static
../Core/Src/user.c:169:6:comm_watchdog_tick	16	static
../Core/Src/user.c:210:6:all_motors_stop	8	static
../Core/Src/user.c:224:6:parse_uart_data	4	static
../Core/Src/user.c:238:10:millis	8	static
../Core/Src/user.c:240:6:map	24	static
../Core/Src/user.c:245:6:motor_set_speed	32	static
../Core/Src/user.c:253:6:motor_set_speed255	32	static
../Core/Src/user.c:259:6:Servo_WriteAngle	16	static
../Core/Src/user.c:266:6:Servo_WriteAngle_168Mhz	32	static
../Core/Src/user.c:273:6:Bldc_writePulse	24	static
../Core/Src/user.c:278:5:bldc_maping	32	static
../Core/Src/user.c:284:6:Stepper_SetDirection	16	static
../Core/Src/user.c:289:6:Stepper_SetSpeed	32	static
