2026-02-05 17:28:51,072 [INFO] Activator:176 - 


2026-02-05 17:28:51,073 [INFO] Activator:177 - !SESSION log4j initialized
2026-02-05 17:29:01,357 [INFO] LogOutputStream:77 - [STDOUT_REDIRECT] 
2026-02-05 17:29:04,803 [INFO] ApplicationProperties:184 - Using Application install path: /home/robocon2026/ELECTO_CORE/SOFTWARE/stm32cubeide_1.9.0/plugins/com.st.stm32cube.common.mx_6.15.0.202507011659
2026-02-05 17:29:04,846 [INFO] DbMcusXml:78 - Set database path to: /home/robocon2026/ELECTO_CORE/SOFTWARE/stm32cubeide_1.9.0/plugins/com.st.stm32cube.common.mx_6.15.0.202507011659//db//mcu/
2026-02-05 17:29:04,846 [INFO] ApiDb:274 - Set plugin database path to: /home/robocon2026/ELECTO_CORE/SOFTWARE/stm32cubeide_1.9.0/plugins/com.st.stm32cube.common.mx_6.15.0.202507011659//db//plugins/boardmanager/
2026-02-05 17:29:04,846 [WARN] ApiDb:259 - Overriding images path with different value:  => /home/robocon2026/ELECTO_CORE/SOFTWARE/stm32cubeide_1.9.0/plugins/com.st.stm32cube.common.mx_6.15.0.202507011659//db//plugins/mcufinder/images/
2026-02-05 17:29:04,980 [INFO] ApiDb:250 - Set database path to: /home/robocon2026/.stmcufinder/plugins/mcufinder//mcu/
2026-02-05 17:29:04,982 [INFO] DbMcusAds:125 - Set database path to: /home/robocon2026/.stmcufinder/plugins/mcufinder//mcu/
2026-02-05 17:29:04,986 [INFO] CrossReferenceDbSqlite:203 - Set database path to: /home/robocon2026/.stmcufinder/plugins/mcufinder//mcu/cs/
2026-02-05 17:29:05,124 [INFO] RulesReader:64 - Compatibility file has been processed (317 Rules)
2026-02-05 17:29:05,279 [INFO] DbMcusXml:78 - Set database path to: /home/robocon2026/ELECTO_CORE/SOFTWARE/stm32cubeide_1.9.0/plugins/com.st.stm32cube.common.mx_6.15.0.202507011659//db//mcu/
2026-02-05 17:29:05,280 [INFO] ApiDb:274 - Set plugin database path to: /home/robocon2026/ELECTO_CORE/SOFTWARE/stm32cubeide_1.9.0/plugins/com.st.stm32cube.common.mx_6.15.0.202507011659//db//plugins/boardmanager/
2026-02-05 17:29:05,280 [INFO] ApiDb:261 - Set plugin images path to: /home/robocon2026/ELECTO_CORE/SOFTWARE/stm32cubeide_1.9.0/plugins/com.st.stm32cube.common.mx_6.15.0.202507011659//db//plugins/mcufinder/images/
2026-02-05 17:29:05,280 [WARN] DbFile:41 - Overriding database path with different value: /home/robocon2026/.stmcufinder/plugins/mcufinder/ => /home/robocon2026/.stmcufinder/plugins/mcufinder
2026-02-05 17:29:05,280 [INFO] ApiDb:250 - Set database path to: /home/robocon2026/.stmcufinder/plugins/mcufinder//mcu/
2026-02-05 17:29:05,280 [WARN] DbFile:41 - Overriding database path with different value: /home/robocon2026/.stmcufinder/plugins/mcufinder/ => /home/robocon2026/.stmcufinder/plugins/mcufinder
2026-02-05 17:29:05,280 [INFO] DbMcusAds:125 - Set database path to: /home/robocon2026/.stmcufinder/plugins/mcufinder//mcu/
2026-02-05 17:29:05,280 [WARN] DbFile:41 - Overriding database path with different value: /home/robocon2026/.stmcufinder/plugins/mcufinder/ => /home/robocon2026/.stmcufinder/plugins/mcufinder
2026-02-05 17:29:05,280 [WARN] DbFile:41 - Overriding database path with different value: /home/robocon2026/.stmcufinder/plugins/mcufinder/ => /home/robocon2026/.stmcufinder/plugins/mcufinder
2026-02-05 17:29:05,280 [INFO] CrossReferenceDbSqlite:203 - Set database path to: /home/robocon2026/.stmcufinder/plugins/mcufinder//mcu/cs/
2026-02-05 17:29:05,343 [INFO] MainPanel:274 - HeapMemory: 268435456
2026-02-05 17:29:05,586 [INFO] DbMcusXml:78 - Set database path to: /home/robocon2026/ELECTO_CORE/SOFTWARE/stm32cubeide_1.9.0/plugins/com.st.stm32cube.common.mx_6.15.0.202507011659//db//mcu/
2026-02-05 17:29:05,586 [INFO] ApiDb:274 - Set plugin database path to: /home/robocon2026/ELECTO_CORE/SOFTWARE/stm32cubeide_1.9.0/plugins/com.st.stm32cube.common.mx_6.15.0.202507011659//db//plugins/boardmanager/
2026-02-05 17:29:05,586 [INFO] ApiDb:261 - Set plugin images path to: /home/robocon2026/ELECTO_CORE/SOFTWARE/stm32cubeide_1.9.0/plugins/com.st.stm32cube.common.mx_6.15.0.202507011659//db//plugins/mcufinder/images/
2026-02-05 17:29:05,586 [WARN] DbFile:41 - Overriding database path with different value: /home/robocon2026/.stmcufinder/plugins/mcufinder/ => /home/robocon2026/.stmcufinder/plugins/mcufinder
2026-02-05 17:29:05,587 [INFO] ApiDb:250 - Set database path to: /home/robocon2026/.stmcufinder/plugins/mcufinder//mcu/
2026-02-05 17:29:05,587 [WARN] DbFile:41 - Overriding database path with different value: /home/robocon2026/.stmcufinder/plugins/mcufinder/ => /home/robocon2026/.stmcufinder/plugins/mcufinder
2026-02-05 17:29:05,587 [INFO] DbMcusAds:125 - Set database path to: /home/robocon2026/.stmcufinder/plugins/mcufinder//mcu/
2026-02-05 17:29:05,587 [WARN] DbFile:41 - Overriding database path with different value: /home/robocon2026/.stmcufinder/plugins/mcufinder/ => /home/robocon2026/.stmcufinder/plugins/mcufinder
2026-02-05 17:29:05,587 [WARN] DbFile:41 - Overriding database path with different value: /home/robocon2026/.stmcufinder/plugins/mcufinder/ => /home/robocon2026/.stmcufinder/plugins/mcufinder
2026-02-05 17:29:05,587 [INFO] CrossReferenceDbSqlite:203 - Set database path to: /home/robocon2026/.stmcufinder/plugins/mcufinder//mcu/cs/
2026-02-05 17:29:05,596 [INFO] ApplicationProperties:184 - Using Application install path: /home/robocon2026/ELECTO_CORE/SOFTWARE/stm32cubeide_1.9.0/plugins/com.st.stm32cube.common.mx_6.15.0.202507011659
2026-02-05 17:29:05,597 [INFO] PluginManage:196 - Search for loadable plugins [exclusion list=, ]
2026-02-05 17:29:05,598 [INFO] PluginManage:310 - Check plugin analytics
2026-02-05 17:29:05,741 [INFO] AnalyticsPlugin:253 - Accepted Software Licenses: STM32CubeMX.6.16.1
2026-02-05 17:29:05,742 [INFO] AnalyticsPlugin:255 - Accepted CMSIS Pack Licenses: 
2026-02-05 17:29:05,742 [INFO] AnalyticsPlugin:257 - Accepted Firmware Licenses: FW.F4.1.28.0
2026-02-05 17:29:05,743 [INFO] PluginManage:359 - Loaded plugin analytics (category:tool,tabindex:-1)
2026-02-05 17:29:05,743 [INFO] PluginManage:310 - Check plugin cadmodel
2026-02-05 17:29:05,804 [INFO] CADModel:105 - Init CAD model plugin
2026-02-05 17:29:05,804 [INFO] PluginManage:359 - Loaded plugin cadmodel (category:power,tabindex:5)
2026-02-05 17:29:05,804 [INFO] PluginManage:310 - Check plugin clock
2026-02-05 17:29:05,852 [INFO] PluginManage:359 - Loaded plugin clock (category:base,tabindex:2)
2026-02-05 17:29:05,853 [INFO] PluginManage:310 - Check plugin ddr
2026-02-05 17:29:05,864 [INFO] PluginManage:359 - Loaded plugin ddr (category:tool,tabindex:6)
2026-02-05 17:29:05,864 [INFO] PluginManage:310 - Check plugin filemanager
2026-02-05 17:29:06,021 [INFO] PluginManage:359 - Loaded plugin filemanager (category:base,tabindex:10)
2026-02-05 17:29:06,022 [INFO] PluginManage:310 - Check plugin ipmanager
2026-02-05 17:29:06,042 [INFO] PluginManage:359 - Loaded plugin ipmanager (category:base,tabindex:5)
2026-02-05 17:29:06,042 [INFO] PluginManage:310 - Check plugin lpbam
2026-02-05 17:29:06,058 [INFO] PluginManage:359 - Loaded plugin lpbam (category:base,tabindex:0)
2026-02-05 17:29:06,058 [INFO] PluginManage:310 - Check plugin memorymap
2026-02-05 17:29:06,066 [INFO] PluginManage:359 - Loaded plugin memorymap (category:base,tabindex:4)
2026-02-05 17:29:06,066 [INFO] PluginManage:310 - Check plugin pinoutandconfiguration
2026-02-05 17:29:06,083 [INFO] PluginManage:359 - Loaded plugin pinoutandconfiguration (category:base,tabindex:1)
2026-02-05 17:29:06,083 [INFO] PluginManage:310 - Check plugin pinoutconfig
2026-02-05 17:29:06,188 [WARN] SupportedApi:132 - Cannot load RTOS API schema: s4s-elt-must-match.1: The content of 'definitions' must match (annotation?, (simpleType | complexType)?, (unique | key | keyref)*)). A problem was found starting at: attribute.
2026-02-05 17:29:06,293 [INFO] PluginManage:359 - Loaded plugin pinoutconfig (category:base,tabindex:0)
2026-02-05 17:29:06,293 [INFO] PluginManage:310 - Check plugin power
2026-02-05 17:29:06,330 [INFO] PluginManage:359 - Loaded plugin power (category:power,tabindex:4)
2026-02-05 17:29:06,330 [INFO] PluginManage:310 - Check plugin projectmanager
2026-02-05 17:29:06,352 [INFO] PluginManage:359 - Loaded plugin projectmanager (category:projectmanager,tabindex:4)
2026-02-05 17:29:06,353 [INFO] PluginManage:310 - Check plugin rif
2026-02-05 17:29:06,382 [INFO] PluginManage:359 - Loaded plugin rif (category:base,tabindex:3)
2026-02-05 17:29:06,382 [INFO] PluginManage:310 - Check plugin thirdparty
2026-02-05 17:29:06,631 [INFO] PluginManage:359 - Loaded plugin thirdparty (category:base,tabindex:-1)
2026-02-05 17:29:06,632 [INFO] PluginManage:310 - Check plugin tools
2026-02-05 17:29:06,631 [WARN] IntegrityCheckThread:84 - waiting for thirdparty lock release [integrity check]
2026-02-05 17:29:06,632 [INFO] IntegrityCheckThread:86 - entering critical section [integrity check]
2026-02-05 17:29:06,632 [INFO] ThirdPartyUpdaterWithRetryManager:70 - Updater plugin not ready yet. [1/15]
2026-02-05 17:29:06,652 [INFO] PluginManage:359 - Loaded plugin tools (category:base,tabindex:7)
2026-02-05 17:29:06,652 [INFO] PluginManage:310 - Check plugin tutovideos
2026-02-05 17:29:06,843 [INFO] PluginManage:359 - Loaded plugin tutovideos (category:base,tabindex:-1)
2026-02-05 17:29:06,843 [INFO] PluginManage:310 - Check plugin updater
2026-02-05 17:29:06,871 [INFO] PluginManage:359 - Loaded plugin updater (category:base,tabindex:12)
2026-02-05 17:29:06,871 [INFO] PluginManage:310 - Check plugin userauth
2026-02-05 17:29:06,889 [INFO] UserAuth:118 - Init User Auth plugin
2026-02-05 17:29:06,890 [INFO] PluginManage:359 - Loaded plugin userauth (category:base,tabindex:14)
2026-02-05 17:29:06,891 [INFO] PluginManage:283 - PluginManage : Loaded plugins [18]
2026-02-05 17:29:07,102 [INFO] PinOutPanel:1589 - setPackage(No Configuration,No Configuration)
2026-02-05 17:29:07,189 [INFO] CADModel:165 - CPN selected for project level
2026-02-05 17:29:07,189 [INFO] CADModel:114 - Register for checkConnection events
2026-02-05 17:29:07,204 [INFO] IPUIPlugin:80 - create IPUIPlugin
2026-02-05 17:29:07,204 [INFO] PluginManager:220 - loadIPPluginJar : add can
2026-02-05 17:29:07,214 [INFO] IPUIPlugin:80 - create IPUIPlugin
2026-02-05 17:29:07,214 [INFO] PluginManager:220 - loadIPPluginJar : add ipddr
2026-02-05 17:29:07,226 [INFO] IPUIPlugin:80 - create IPUIPlugin
2026-02-05 17:29:07,227 [INFO] PluginManager:220 - loadIPPluginJar : add radio
2026-02-05 17:29:07,230 [INFO] IPUIPlugin:80 - create IPUIPlugin
2026-02-05 17:29:07,231 [INFO] PluginManager:220 - loadIPPluginJar : add dma3
2026-02-05 17:29:07,242 [INFO] IPUIPlugin:80 - create IPUIPlugin
2026-02-05 17:29:07,242 [INFO] PluginManager:220 - loadIPPluginJar : add aes
2026-02-05 17:29:07,244 [INFO] IPUIPlugin:80 - create IPUIPlugin
2026-02-05 17:29:07,244 [INFO] PluginManager:220 - loadIPPluginJar : add quadspi
2026-02-05 17:29:07,247 [INFO] IPUIPlugin:80 - create IPUIPlugin
2026-02-05 17:29:07,247 [INFO] PluginManager:220 - loadIPPluginJar : add gtzc
2026-02-05 17:29:07,248 [INFO] IPUIPlugin:80 - create IPUIPlugin
2026-02-05 17:29:07,249 [INFO] PluginManager:220 - loadIPPluginJar : add genericplugin
2026-02-05 17:29:07,252 [INFO] IPUIPlugin:80 - create IPUIPlugin
2026-02-05 17:29:07,252 [INFO] PluginManager:220 - loadIPPluginJar : add extmemmanager
2026-02-05 17:29:07,254 [INFO] IPUIPlugin:80 - create IPUIPlugin
2026-02-05 17:29:07,254 [INFO] PluginManager:220 - loadIPPluginJar : add dfsdm
2026-02-05 17:29:07,261 [INFO] IPUIPlugin:80 - create IPUIPlugin
2026-02-05 17:29:07,261 [INFO] PluginManager:220 - loadIPPluginJar : add adc
2026-02-05 17:29:07,282 [INFO] IPUIPlugin:80 - create IPUIPlugin
2026-02-05 17:29:07,282 [INFO] PluginManager:220 - loadIPPluginJar : add nvic
2026-02-05 17:29:07,284 [INFO] IPUIPlugin:80 - create IPUIPlugin
2026-02-05 17:29:07,285 [INFO] PluginManager:220 - loadIPPluginJar : add ts
2026-02-05 17:29:07,288 [INFO] IPUIPlugin:80 - create IPUIPlugin
2026-02-05 17:29:07,288 [INFO] PluginManager:220 - loadIPPluginJar : add usart
2026-02-05 17:29:07,294 [INFO] IPUIPlugin:80 - create IPUIPlugin
2026-02-05 17:29:07,294 [INFO] PluginManager:220 - loadIPPluginJar : add gic
2026-02-05 17:29:07,316 [INFO] IPUIPlugin:80 - create IPUIPlugin
2026-02-05 17:29:07,316 [INFO] PluginManager:220 - loadIPPluginJar : add resmgrutility
2026-02-05 17:29:07,328 [INFO] IPUIPlugin:80 - create IPUIPlugin
2026-02-05 17:29:07,329 [INFO] PluginManager:220 - loadIPPluginJar : add dma
2026-02-05 17:29:07,331 [INFO] IPUIPlugin:80 - create IPUIPlugin
2026-02-05 17:29:07,331 [INFO] PluginManager:220 - loadIPPluginJar : add usbx
2026-02-05 17:29:07,332 [INFO] IPUIPlugin:80 - create IPUIPlugin
2026-02-05 17:29:07,332 [INFO] PluginManager:220 - loadIPPluginJar : add tsc
2026-02-05 17:29:07,335 [INFO] IPUIPlugin:80 - create IPUIPlugin
2026-02-05 17:29:07,335 [INFO] PluginManager:220 - loadIPPluginJar : add sai
2026-02-05 17:29:07,337 [INFO] IPUIPlugin:80 - create IPUIPlugin
2026-02-05 17:29:07,337 [INFO] PluginManager:220 - loadIPPluginJar : add spi
2026-02-05 17:29:07,338 [INFO] IPUIPlugin:80 - create IPUIPlugin
2026-02-05 17:29:07,339 [INFO] PluginManager:220 - loadIPPluginJar : add gfxmmu
2026-02-05 17:29:07,343 [INFO] IPUIPlugin:80 - create IPUIPlugin
2026-02-05 17:29:07,343 [INFO] PluginManager:220 - loadIPPluginJar : add stm32_wpan
2026-02-05 17:29:07,344 [INFO] IPUIPlugin:80 - create IPUIPlugin
2026-02-05 17:29:07,344 [INFO] PluginManager:220 - loadIPPluginJar : add openamp
2026-02-05 17:29:07,346 [INFO] IPUIPlugin:80 - create IPUIPlugin
2026-02-05 17:29:07,346 [INFO] PluginManager:220 - loadIPPluginJar : add tracer_emb
2026-02-05 17:29:07,348 [INFO] IPUIPlugin:80 - create IPUIPlugin
2026-02-05 17:29:07,348 [INFO] PluginManager:220 - loadIPPluginJar : add fmc
2026-02-05 17:29:07,365 [INFO] IPUIPlugin:80 - create IPUIPlugin
2026-02-05 17:29:07,365 [INFO] PluginManager:220 - loadIPPluginJar : add gpio
2026-02-05 17:29:07,366 [INFO] IPUIPlugin:80 - create IPUIPlugin
2026-02-05 17:29:07,367 [INFO] PluginManager:220 - loadIPPluginJar : add i2s
2026-02-05 17:29:07,368 [INFO] IPUIPlugin:80 - create IPUIPlugin
2026-02-05 17:29:07,368 [INFO] PluginManager:220 - loadIPPluginJar : add i2c
2026-02-05 17:29:07,372 [INFO] IPUIPlugin:80 - create IPUIPlugin
2026-02-05 17:29:07,372 [INFO] PluginManager:220 - loadIPPluginJar : add linkedlist
2026-02-05 17:29:07,373 [INFO] IPUIPlugin:80 - create IPUIPlugin
2026-02-05 17:29:07,373 [INFO] PluginManager:220 - loadIPPluginJar : add comp
2026-02-05 17:29:07,374 [INFO] IPUIPlugin:80 - create IPUIPlugin
2026-02-05 17:29:07,374 [INFO] PluginManager:220 - loadIPPluginJar : add touchsensing
2026-02-05 17:29:07,376 [INFO] IPUIPlugin:80 - create IPUIPlugin
2026-02-05 17:29:07,376 [INFO] PluginManager:220 - loadIPPluginJar : add cryp
2026-02-05 17:29:07,377 [INFO] IPUIPlugin:80 - create IPUIPlugin
2026-02-05 17:29:07,377 [INFO] PluginManager:220 - loadIPPluginJar : add tim
2026-02-05 17:29:07,378 [INFO] IPUIPlugin:80 - create IPUIPlugin
2026-02-05 17:29:07,378 [INFO] PluginManager:220 - loadIPPluginJar : add ucpd
2026-02-05 17:29:07,409 [INFO] IPUIPlugin:80 - create IPUIPlugin
2026-02-05 17:29:07,410 [INFO] PluginManager:220 - loadIPPluginJar : add ddr_ctrl_phy
2026-02-05 17:29:07,411 [INFO] IPUIPlugin:80 - create IPUIPlugin
2026-02-05 17:29:07,411 [INFO] PluginManager:220 - loadIPPluginJar : add hash
2026-02-05 17:29:07,413 [INFO] IPUIPlugin:80 - create IPUIPlugin
2026-02-05 17:29:07,413 [INFO] PluginManager:220 - loadIPPluginJar : add opamp
2026-02-05 17:29:07,437 [INFO] IPUIPlugin:80 - create IPUIPlugin
2026-02-05 17:29:07,437 [INFO] PluginManager:220 - loadIPPluginJar : add freertos
2026-02-05 17:29:07,450 [INFO] IPUIPlugin:80 - create IPUIPlugin
2026-02-05 17:29:07,451 [INFO] PluginManager:220 - loadIPPluginJar : add plateformsettings
2026-02-05 17:29:07,453 [INFO] IPUIPlugin:80 - create IPUIPlugin
2026-02-05 17:29:07,453 [INFO] PluginManager:220 - loadIPPluginJar : add i3c
2026-02-05 17:29:07,454 [INFO] IPUIPlugin:80 - create IPUIPlugin
2026-02-05 17:29:07,454 [INFO] PluginManager:220 - loadIPPluginJar : add fatfs
2026-02-05 17:29:07,455 [INFO] IPUIPlugin:80 - create IPUIPlugin
2026-02-05 17:29:07,455 [INFO] PluginManager:220 - loadIPPluginJar : add ltdc
2026-02-05 17:29:07,457 [INFO] IPUIPlugin:80 - create IPUIPlugin
2026-02-05 17:29:07,457 [INFO] PluginManager:220 - loadIPPluginJar : add pdm2pcm
2026-02-05 17:29:07,458 [INFO] IPUIPlugin:80 - create IPUIPlugin
2026-02-05 17:29:07,458 [INFO] PluginManager:220 - loadIPPluginJar : add lorawan
2026-02-05 17:29:07,465 [INFO] IPUIPlugin:80 - create IPUIPlugin
2026-02-05 17:29:07,465 [INFO] PluginManager:220 - loadIPPluginJar : add mdma
2026-02-05 17:29:07,553 [FATAL] Updater:351 - Updater called before beeing initialized
2026-02-05 17:29:07,600 [INFO] RulesReader:64 - Compatibility file has been processed (317 Rules)
2026-02-05 17:29:07,604 [INFO] RulesReader:64 - Compatibility file has been processed (317 Rules)
2026-02-05 17:29:07,608 [INFO] CADModel:165 - CPN selected for project level
2026-02-05 17:29:07,608 [INFO] CADModel:114 - Register for checkConnection events
2026-02-05 17:29:07,608 [FATAL] Updater:351 - Updater called before beeing initialized
2026-02-05 17:29:07,608 [ERROR] CADModel:125 - Updater not yet initialized, retry later 
2026-02-05 17:29:07,700 [FATAL] Updater:351 - Updater called before beeing initialized
2026-02-05 17:29:07,702 [INFO] CADModel:165 - CPN selected for project level
2026-02-05 17:29:07,702 [INFO] CADModel:114 - Register for checkConnection events
2026-02-05 17:29:07,702 [FATAL] Updater:351 - Updater called before beeing initialized
2026-02-05 17:29:07,702 [ERROR] CADModel:125 - Updater not yet initialized, retry later 
2026-02-05 17:29:07,704 [FATAL] Updater:351 - Updater called before beeing initialized
2026-02-05 17:29:07,746 [FATAL] Updater:351 - Updater called before beeing initialized
2026-02-05 17:29:07,760 [INFO] DbMcusAds:53 - JSON generation date=Thu Jan 08 21:27:51 IST 2026 (1767887871456)
2026-02-05 17:29:07,761 [FATAL] Updater:351 - Updater called before beeing initialized
2026-02-05 17:29:07,814 [WARN] DetailPanel:346 - Failed to get advertising image, set to default
2026-02-05 17:29:07,861 [FATAL] Updater:351 - Updater called before beeing initialized
2026-02-05 17:29:07,862 [FATAL] Updater:351 - Updater called before beeing initialized
2026-02-05 17:29:07,862 [FATAL] Updater:351 - Updater called before beeing initialized
2026-02-05 17:29:07,862 [WARN] DetailPanel:346 - Failed to get advertising image, set to default
2026-02-05 17:29:07,863 [FATAL] Updater:351 - Updater called before beeing initialized
2026-02-05 17:29:07,881 [ERROR] Updater:1198 - MainUpdater not yet initialized. External WinMGr cannot be set.
2026-02-05 17:29:07,882 [INFO] Updater:1134 - Updater Version found : 6.15.0
2026-02-05 17:29:07,912 [INFO] ApplicationProperties:184 - Using Application install path: /home/robocon2026/ELECTO_CORE/SOFTWARE/stm32cubeide_1.9.0/plugins/com.st.stm32cube.common.mx_6.15.0.202507011659
2026-02-05 17:29:09,632 [INFO] ThirdPartyUpdaterWithRetryManager:70 - Updater plugin not ready yet. [2/15]
2026-02-05 17:29:10,368 [INFO] MainUpdater:2872 - connection check result : 10
2026-02-05 17:29:10,370 [INFO] MainUpdater:289 - Updater Check For Update Now.
2026-02-05 17:29:10,370 [INFO] MicroXplorer:498 - Change Database Version : DB.6.0.150
2026-02-05 17:29:10,375 [INFO] McuFinderGlobals:63 - Set McuFinder mode to 2 (CubeIDE integrated)
2026-02-05 17:29:10,375 [INFO] UserAuth:171 - activating auth plugin
2026-02-05 17:29:10,377 [INFO] UserAuth:487 - Internet connection configuration mode: 1
2026-02-05 17:29:10,502 [INFO] JxBrowserEngine:152 - Initiate JxBrowser Engine with user profile folder
2026-02-05 17:29:10,620 [INFO] CheckServerUpdateThread:120 - End of CheckServer Thread
2026-02-05 17:29:12,936 [WARN] PackLoader:240 - Cannot read IP mode file for STMicroelectronics.FP-SNS-MOTENVWB1.1.4.0
2026-02-05 17:29:12,964 [WARN] PackLoader:240 - Cannot read IP mode file for STMicroelectronics.FP-ATR-ASTRA1.2.0.2
2026-02-05 17:29:13,022 [WARN] PackLoader:240 - Cannot read IP mode file for STMicroelectronics.X-CUBE-DISPLAY.3.0.0
2026-02-05 17:29:13,041 [WARN] PackLoader:240 - Cannot read IP mode file for STMicroelectronics.FP-SNS-SMARTAG2.1.2.0
2026-02-05 17:29:13,063 [WARN] PackLoader:240 - Cannot read IP mode file for STMicroelectronics.FP-SNS-FLIGHT1.5.1.0
2026-02-05 17:29:13,105 [WARN] PackLoader:240 - Cannot read IP mode file for STMicroelectronics.X-CUBE-BLE2.3.3.0
2026-02-05 17:29:13,148 [WARN] PackLoader:240 - Cannot read IP mode file for STMicroelectronics.X-CUBE-BLE1.7.1.0
2026-02-05 17:29:13,178 [WARN] PackLoader:240 - Cannot read IP mode file for STMicroelectronics.FP-ATR-SIGFOX1.3.2.0
2026-02-05 17:29:13,204 [WARN] PackLoader:240 - Cannot read IP mode file for STMicroelectronics.X-CUBE-ISPU.2.1.0
2026-02-05 17:29:13,238 [WARN] PackLoader:240 - Cannot read IP mode file for STMicroelectronics.X-CUBE-DPower.1.3.0
2026-02-05 17:29:13,251 [WARN] PackLoader:240 - Cannot read IP mode file for STMicroelectronics.X-CUBE-ALS.1.0.2
2026-02-05 17:29:13,252 [INFO] ThirdParty:978 - Integrity check success = true
2026-02-05 17:29:13,252 [INFO] IntegrityCheckThread:100 - exiting critical section [integrity check]
2026-02-05 17:29:13,252 [INFO] IntegrityCheckThread:103 - End integrity checks thread
2026-02-05 17:29:20,152 [INFO] WebApp:169 - Instantiating new browser for Auth
2026-02-05 17:29:25,676 [INFO] WebApp:463 - Apply proxy settings
2026-02-05 17:29:25,676 [INFO] WebApp:548 - Chromium requires no authentication
2026-02-05 17:29:25,766 [INFO] WebApp:491 - Direct internet connection detected
2026-02-05 17:29:25,977 [INFO] WebApp:900 - Register for checkConnection events
2026-02-05 17:29:25,978 [INFO] WebApp:463 - Apply proxy settings
2026-02-05 17:29:25,978 [INFO] WebApp:548 - Chromium requires no authentication
2026-02-05 17:29:25,979 [INFO] WebApp:491 - Direct internet connection detected
2026-02-05 17:29:26,980 [INFO] WebApp:225 - Starting web application
2026-02-05 17:29:26,981 [INFO] WebApp:593 - Web application path used /home/robocon2026/ELECTO_CORE/SOFTWARE/stm32cubeide_1.9.0/plugins/com.st.stm32cube.common.mx_6.15.0.202507011659/db/plugins/mcufinder/reactClient1/index.html
2026-02-05 17:29:28,693 [INFO] WebApp:191 - Connection restablished
2026-02-05 17:30:22,314 [ERROR] LogOutputStream:75 - [STDERR_REDIRECT] 
