Archive member included to satisfy reference by file (symbol)

/home/robocon2026/ELECTO_CORE/SOFTWARE/stm32cubeide_1.9.0/plugins/com.st.stm32cube.ide.mcu.externaltools.gnu-tools-for-stm32.13.3.rel1.linux64_1.0.0.202410170706/tools/bin/../lib/gcc/arm-none-eabi/13.3.1/../../../../arm-none-eabi/lib/thumb/v7e-m+fp/hard/libc_nano.a(libc_a-exit.o)
                              /home/robocon2026/ELECTO_CORE/SOFTWARE/stm32cubeide_1.9.0/plugins/com.st.stm32cube.ide.mcu.externaltools.gnu-tools-for-stm32.13.3.rel1.linux64_1.0.0.202410170706/tools/bin/../lib/gcc/arm-none-eabi/13.3.1/../../../../arm-none-eabi/lib/thumb/v7e-m+fp/hard/crt0.o (exit)
/home/robocon2026/ELECTO_CORE/SOFTWARE/stm32cubeide_1.9.0/plugins/com.st.stm32cube.ide.mcu.externaltools.gnu-tools-for-stm32.13.3.rel1.linux64_1.0.0.202410170706/tools/bin/../lib/gcc/arm-none-eabi/13.3.1/../../../../arm-none-eabi/lib/thumb/v7e-m+fp/hard/libc_nano.a(libc_a-malloc.o)
                              ./Middlewares/ST/STM32_USB_Host_Library/Class/CDC/Src/usbh_cdc.o (malloc)
/home/robocon2026/ELECTO_CORE/SOFTWARE/stm32cubeide_1.9.0/plugins/com.st.stm32cube.ide.mcu.externaltools.gnu-tools-for-stm32.13.3.rel1.linux64_1.0.0.202410170706/tools/bin/../lib/gcc/arm-none-eabi/13.3.1/../../../../arm-none-eabi/lib/thumb/v7e-m+fp/hard/libc_nano.a(libc_a-mallocr.o)
                              /home/robocon2026/ELECTO_CORE/SOFTWARE/stm32cubeide_1.9.0/plugins/com.st.stm32cube.ide.mcu.externaltools.gnu-tools-for-stm32.13.3.rel1.linux64_1.0.0.202410170706/tools/bin/../lib/gcc/arm-none-eabi/13.3.1/../../../../arm-none-eabi/lib/thumb/v7e-m+fp/hard/libc_nano.a(libc_a-malloc.o) (_malloc_r)
/home/robocon2026/ELECTO_CORE/SOFTWARE/stm32cubeide_1.9.0/plugins/com.st.stm32cube.ide.mcu.externaltools.gnu-tools-for-stm32.13.3.rel1.linux64_1.0.0.202410170706/tools/bin/../lib/gcc/arm-none-eabi/13.3.1/../../../../arm-none-eabi/lib/thumb/v7e-m+fp/hard/libc_nano.a(libc_a-mlock.o)
                              /home/robocon2026/ELECTO_CORE/SOFTWARE/stm32cubeide_1.9.0/plugins/com.st.stm32cube.ide.mcu.externaltools.gnu-tools-for-stm32.13.3.rel1.linux64_1.0.0.202410170706/tools/bin/../lib/gcc/arm-none-eabi/13.3.1/../../../../arm-none-eabi/lib/thumb/v7e-m+fp/hard/libc_nano.a(libc_a-mallocr.o) (__malloc_lock)
/home/robocon2026/ELECTO_CORE/SOFTWARE/stm32cubeide_1.9.0/plugins/com.st.stm32cube.ide.mcu.externaltools.gnu-tools-for-stm32.13.3.rel1.linux64_1.0.0.202410170706/tools/bin/../lib/gcc/arm-none-eabi/13.3.1/../../../../arm-none-eabi/lib/thumb/v7e-m+fp/hard/libc_nano.a(libc_a-nano-vfprintf_float.o)
                              (_printf_float)
/home/robocon2026/ELECTO_CORE/SOFTWARE/stm32cubeide_1.9.0/plugins/com.st.stm32cube.ide.mcu.externaltools.gnu-tools-for-stm32.13.3.rel1.linux64_1.0.0.202410170706/tools/bin/../lib/gcc/arm-none-eabi/13.3.1/../../../../arm-none-eabi/lib/thumb/v7e-m+fp/hard/libc_nano.a(libc_a-nano-vfprintf_i.o)
                              /home/robocon2026/ELECTO_CORE/SOFTWARE/stm32cubeide_1.9.0/plugins/com.st.stm32cube.ide.mcu.externaltools.gnu-tools-for-stm32.13.3.rel1.linux64_1.0.0.202410170706/tools/bin/../lib/gcc/arm-none-eabi/13.3.1/../../../../arm-none-eabi/lib/thumb/v7e-m+fp/hard/libc_nano.a(libc_a-nano-vfprintf_float.o) (_printf_common)
/home/robocon2026/ELECTO_CORE/SOFTWARE/stm32cubeide_1.9.0/plugins/com.st.stm32cube.ide.mcu.externaltools.gnu-tools-for-stm32.13.3.rel1.linux64_1.0.0.202410170706/tools/bin/../lib/gcc/arm-none-eabi/13.3.1/../../../../arm-none-eabi/lib/thumb/v7e-m+fp/hard/libc_nano.a(libc_a-findfp.o)
                              /home/robocon2026/ELECTO_CORE/SOFTWARE/stm32cubeide_1.9.0/plugins/com.st.stm32cube.ide.mcu.externaltools.gnu-tools-for-stm32.13.3.rel1.linux64_1.0.0.202410170706/tools/bin/../lib/gcc/arm-none-eabi/13.3.1/../../../../arm-none-eabi/lib/thumb/v7e-m+fp/hard/libc_nano.a(libc_a-exit.o) (__stdio_exit_handler)
/home/robocon2026/ELECTO_CORE/SOFTWARE/stm32cubeide_1.9.0/plugins/com.st.stm32cube.ide.mcu.externaltools.gnu-tools-for-stm32.13.3.rel1.linux64_1.0.0.202410170706/tools/bin/../lib/gcc/arm-none-eabi/13.3.1/../../../../arm-none-eabi/lib/thumb/v7e-m+fp/hard/libc_nano.a(libc_a-fwalk.o)
                              /home/robocon2026/ELECTO_CORE/SOFTWARE/stm32cubeide_1.9.0/plugins/com.st.stm32cube.ide.mcu.externaltools.gnu-tools-for-stm32.13.3.rel1.linux64_1.0.0.202410170706/tools/bin/../lib/gcc/arm-none-eabi/13.3.1/../../../../arm-none-eabi/lib/thumb/v7e-m+fp/hard/libc_nano.a(libc_a-findfp.o) (_fwalk_sglue)
/home/robocon2026/ELECTO_CORE/SOFTWARE/stm32cubeide_1.9.0/plugins/com.st.stm32cube.ide.mcu.externaltools.gnu-tools-for-stm32.13.3.rel1.linux64_1.0.0.202410170706/tools/bin/../lib/gcc/arm-none-eabi/13.3.1/../../../../arm-none-eabi/lib/thumb/v7e-m+fp/hard/libc_nano.a(libc_a-printf.o)
                              ./Core/Src/arm.o (printf)
[...]
Memory Configuration

Name             Origin             Length             Attributes
CCMRAM           0x10000000         0x00010000         xrw
RAM              0x20000000         0x00020000         xrw
FLASH            0x08000000         0x00100000         xr
*default*        0x00000000         0xffffffff

Linker script and memory map

LOAD /home/robocon2026/ELECTO_CORE/SOFTWARE/stm32cubeide_1.9.0/plugins/com.st.stm32cube.ide.mcu.externaltools.gnu-tools-for-stm32.13.3.rel1.linux64_1.0.0.202410170706/tools/bin/../lib/gcc/arm-none-eabi/13.3.1/thumb/v7e-m+fp/hard/crti.o
LOAD /home/robocon2026/ELECTO_CORE/SOFTWARE/stm32cubeide_1.9.0/plugins/com.st.stm32cube.ide.mcu.externaltools.gnu-tools-for-stm32.13.3.rel1.linux64_1.0.0.202410170706/tools/bin/../lib/gcc/arm-none-eabi/13.3.1/thumb/v7e-m+fp/hard/crtbegin.o
LOAD /home/robocon2026/ELECTO_CORE/SOFTWARE/stm32cubeide_1.9.0/plugins/com.st.stm32cube.ide.mcu.externaltools.gnu-tools-for-stm32.13.3.rel1.linux64_1.0.0.202410170706/tools/bin/../lib/gcc/arm-none-eabi/13.3.1/../../../../arm-none-eabi/lib/thumb/v7e-m+fp/hard/crt0.o
LOAD ./Core/Src/arm.o
LOAD ./Core/Src/bot.o
LOAD ./Core/Src/locomotion.o
LOAD ./Core/Src/main.o
LOAD ./Core/Src/stm32f4xx_hal_msp.o
LOAD ./Core/Src/stm32f4xx_it.o
LOAD ./Core/Src/syscalls.o
LOAD ./Core/Src/sysmem.o
LOAD ./Core/Src/system_stm32f4xx.o
LOAD ./Core/Src/user.o
LOAD ./Core/Startup/startup_stm32f407vgtx.o
LOAD ./Drivers/STM32F4xx_HAL_Driver/Src/stm32f4xx_hal.o
LOAD ./Drivers/STM32F4xx_HAL_Driver/Src/stm32f4xx_hal_cortex.o
LOAD ./Drivers/STM32F4xx_HAL_Driver/Src/stm32f4xx_hal_dma.o
LOAD ./Drivers/STM32F4xx_HAL_Driver/Src/stm32f4xx_hal_dma_ex.o
LOAD ./Drivers/STM32F4xx_HAL_Driver/Src/stm32f4xx_hal_exti.o
LOAD ./Drivers/STM32F4xx_HAL_Driver/Src/stm32f4xx_hal_flash.o
LOAD ./Drivers/STM32F4xx_HAL_Driver/Src/stm32f4xx_hal_flash_ex.o
LOAD ./Drivers/STM32F4xx_HAL_Driver/Src/stm32f4xx_hal_flash_ramfunc.o
LOAD ./Drivers/STM32F4xx_HAL_Driver/Src/stm32f4xx_hal_gpio.o
LOAD ./Drivers/STM32F4xx_HAL_Driver/Src/stm32f4xx_hal_hcd.o
LOAD ./Drivers/STM32F4xx_HAL_Driver/Src/stm32f4xx_hal_i2c.o
LOAD ./Drivers/STM32F4xx_HAL_Driver/Src/stm32f4xx_hal_i2c_ex.o
LOAD ./Drivers/STM32F4xx_HAL_Driver/Src/stm32f4xx_hal_i2s.o
LOAD ./Drivers/STM32F4xx_HAL_Driver/Src/stm32f4xx_hal_i2s_ex.o
LOAD ./Drivers/STM32F4xx_HAL_Driver/Src/stm32f4xx_hal_pwr.o
LOAD ./Drivers/STM32F4xx_HAL_Driver/Src/stm32f4xx_hal_pwr_ex.o
LOAD ./Drivers/STM32F4xx_HAL_Driver/Src/stm32f4xx_hal_rcc.o
LOAD ./Drivers/STM32F4xx_HAL_Driver/Src/stm32f4xx_hal_rcc_ex.o
LOAD ./Drivers/STM32F4xx_HAL_Driver/Src/stm32f4xx_hal_spi.o
LOAD ./Drivers/STM32F4xx_HAL_Driver/Src/stm32f4xx_hal_tim.o
LOAD ./Drivers/STM32F4xx_HAL_Driver/Src/stm32f4xx_hal_tim_ex.o
LOAD ./Drivers/STM32F4xx_HAL_Driver/Src/stm32f4xx_hal_uart.o
LOAD ./Drivers/STM32F4xx_HAL_Driver/Src/stm32f4xx_ll_usb.o
LOAD ./Middlewares/ST/STM32_USB_Host_Library/Class/CDC/Src/usbh_cdc.o
LOAD ./Middlewares/ST/STM32_USB_Host_Library/Core/Src/usbh_core.o
LOAD ./Middlewares/ST/STM32_USB_Host_Library/Core/Src/usbh_ctlreq.o
LOAD ./Middlewares/ST/STM32_USB_Host_Library/Core/Src/usbh_ioreq.o
LOAD ./Middlewares/ST/STM32_USB_Host_Library/Core/Src/usbh_pipes.o
LOAD ./USB_HOST/App/usb_host.o
LOAD ./USB_HOST/Target/usbh_conf.o
LOAD ./USB_HOST/Target/usbh_platform.o
START GROUP
LOAD /home/robocon2026/ELECTO_CORE/SOFTWARE/stm32cubeide_1.9.0/plugins/com.st.stm32cube.ide.mcu.externaltools.gnu-tools-for-stm32.13.3.rel1.linux64_1.0.0.202410170706/tools/bin/../lib/gcc/arm-none-eabi/13.3.1/../../../../arm-none-eabi/lib/thumb/v7e-m+fp/hard/libc_nano.a
LOAD /home/robocon2026/ELECTO_CORE/SOFTWARE/stm32cubeide_1.9.0/plugins/com.st.stm32cube.ide.mcu.externaltools.gnu-tools-for-stm32.13.3.rel1.linux64_1.0.0.202410170706/tools/bin/../lib/gcc/arm-none-eabi/13.3.1/../../../../arm-none-eabi/lib/thumb/v7e-m+fp/hard/libm.a
END GROUP
START GROUP
LOAD /home/robocon2026/ELECTO_CORE/SOFTWARE/stm32cubeide_1.9.0/plugins/com.st.stm32cube.ide.mcu.externaltools.gnu-tools-for-stm32.13.3.rel1.linux64_1.0.0.202410170706/tools/bin/../lib/gcc/arm-none-eabi/13.3.1/thumb/v7e-m+fp/hard/libgcc.a
LOAD /home/robocon2026/ELECTO_CORE/SOFTWARE/stm32cubeide_1.9.0/plugins/com.st.stm32cube.ide.mcu.externaltools.gnu-tools-for-stm32.13.3.rel1.linux64_1.0.0.202410170706/tools/bin/../lib/gcc/arm-none-eabi/13.3.1/../../../../arm-none-eabi/lib/thumb/v7e-m+fp/hard/libc_nano.a
END GROUP
START GROUP
LOAD /home/robocon2026/ELECTO_CORE/SOFTWARE/stm32cubeide_1.9.0/plugins/com.st.stm32cube.ide.mcu.externaltools.gnu-tools-for-stm32.13.3.rel1.linux64_1.0.0.202410170706/tools/bin/../lib/gcc/arm-none-eabi/13.3.1/thumb/v7e-m+fp/hard/libgcc.a
LOAD /home/robocon2026/ELECTO_CORE/SOFTWARE/stm32cubeide_1.9.0/plugins/com.st.stm32cube.ide.mcu.externaltools.gnu-tools-for-stm32.13.3.rel1.linux64_1.0.0.202410170706/tools/bin/../lib/gcc/arm-none-eabi/13.3.1/../../../../arm-none-eabi/lib/thumb/v7e-m+fp/hard/libc_nano.a
LOAD /home/robocon2026/ELECTO_CORE/SOFTWARE/stm32cubeide_1.9.0/plugins/com.st.stm32cube.ide.mcu.externaltools.gnu-tools-for-stm32.13.3.rel1.linux64_1.0.0.202410170706/tools/bin/../lib/gcc/arm-none-eabi/13.3.1/../../../../arm-none-eabi/lib/thumb/v7e-m+fp/hard/libnosys.a
END GROUP
START GROUP
LOAD /home/robocon2026/ELECTO_CORE/SOFTWARE/stm32cubeide_1.9.0/plugins/com.st.stm32cube.ide.mcu.externaltools.gnu-tools-for-stm32.13.3.rel1.linux64_1.0.0.202410170706/tools/bin/../lib/gcc/arm-none-eabi/13.3.1/thumb/v7e-m+fp/hard/libgcc.a
LOAD /home/robocon2026/ELECTO_CORE/SOFTWARE/stm32cubeide_1.9.0/plugins/com.st.stm32cube.ide.mcu.externaltools.gnu-tools-for-stm32.13.3.rel1.linux64_1.0.0.202410170706/tools/bin/../lib/gcc/arm-none-eabi/13.3.1/../../../../arm-none-eabi/lib/thumb/v7e-m+fp/hard/libc_nano.a
LOAD /home/robocon2026/ELECTO_CORE/SOFTWARE/stm32cubeide_1.9.0/plugins/com.st.stm32cube.ide.mcu.externaltools.gnu-tools-for-stm32.13.3.rel1.linux64_1.0.0.202410170706/tools/bin/../lib/gcc/arm-none-eabi/13.3.1/../../../../arm-none-eabi/lib/thumb/v7e-m+fp/hard/libnosys.a
END GROUP
LOAD /home/robocon2026/ELECTO_CORE/SOFTWARE/stm32cubeide_1.9.0/plugins/com.st.stm32cube.ide.mcu.externaltools.gnu-tools-for-stm32.13.3.rel1.linux64_1.0.0.202410170706/tools/bin/../lib/gcc/arm-none-eabi/13.3.1/thumb/v7e-m+fp/hard/crtend.o
LOAD /home/robocon2026/ELECTO_CORE/SOFTWARE/stm32cubeide_1.9.0/plugins/com.st.stm32cube.ide.mcu.externaltools.gnu-tools-for-stm32.13.3.rel1.linux64_1.0.0.202410170706/tools/bin/../lib/gcc/arm-none-eabi/13.3.1/thumb/v7e-m+fp/hard/crtn.o
                0x20020000                        _estack = (ORIGIN (RAM) + LENGTH (RAM))
                0x00000200                        _Min_Heap_Size = 0x200
                0x00000400                        _Min_Stack_Size = 0x400

.isr_vector     0x08000000      0x188
                0x08000000                        . = ALIGN (0x4)
 *(.isr_vector)
 .isr_vector    0x08000000      0x188 ./Core/Startup/startup_stm32f407vgtx.o
                0x08000000                g_pfnVectors
                0x08000188                        . = ALIGN (0x4)

.text           0x08000190     0xd950
                0x08000190                        . = ALIGN (0x4)
 *(.text)
 .text          0x08000190       0x40 /home/robocon2026/ELECTO_CORE/SOFTWARE/stm32cubeide_1.9.0/plugins/com.st.stm32cube.ide.mcu.externaltools.gnu-tools-for-stm32.13.3.rel1.linux64_1.0.0.202410170706/tools/bin/../lib/gcc/arm-none-eabi/13.3.1/thumb/v7e-m+fp/hard/crtbegin.o
 .text          0x080001d0       0xa0 /home/robocon2026/ELECTO_CORE/SOFTWARE/stm32cubeide_1.9.0/plugins/com.st.stm32cube.ide.mcu.externaltools.gnu-tools-for-stm32.13.3.rel1.linux64_1.0.0.202410170706/tools/bin/../lib/gcc/arm-none-eabi/13.3.1/../../../../arm-none-eabi/lib/thumb/v7e-m+fp/hard/libc_nano.a(libc_a-memchr.o)
                0x080001d0                memchr
 .text          0x08000270       0x10 /home/robocon2026/ELECTO_CORE/SOFTWARE/stm32cubeide_1.9.0/plugins/com.st.stm32cube.ide.mcu.externaltools.gnu-tools-for-stm32.13.3.rel1.linux64_1.0.0.202410170706/tools/bin/../lib/gcc/arm-none-eabi/13.3.1/../../../../arm-none-eabi/lib/thumb/v7e-m+fp/hard/libc_nano.a(libc_a-strlen.o)
                0x08000270                strlen
 .text          0x08000280      0x378 /home/robocon2026/ELECTO_CORE/SOFTWARE/stm32cubeide_1.9.0/plugins/com.st.stm32cube.ide.mcu.externaltools.gnu-tools-for-stm32.13.3.rel1.linux64_1.0.0.202410170706/tools/bin/../lib/gcc/arm-none-eabi/13.3.1/thumb/v7e-m+fp/hard/libgcc.a(_arm_addsubdf3.o)
                0x08000280                __aeabi_drsub
                0x08000288                __aeabi_dsub
                0x08000288                __subdf3
                0x0800028c                __adddf3
                0x0800028c                __aeabi_dadd
                0x08000504                __aeabi_ui2d
                0x08000504                __floatunsidf
                0x08000524                __floatsidf
                0x08000524                __aeabi_i2d
                0x08000548                __extendsfdf2
                0x08000548                __aeabi_f2d
                0x0800058c                __aeabi_ul2d
                0x0800058c                __floatundidf
                0x0800059c                __floatdidf
                0x0800059c                __aeabi_l2d
 .text          0x080005f8      0x424 /home/robocon2026/ELECTO_CORE/SOFTWARE/stm32cubeide_1.9.0/plugins/com.st.stm32cube.ide.mcu.externaltools.gnu-tools-for-stm32.13.3.rel1.linux64_1.0.0.202410170706/tools/bin/../lib/gcc/arm-none-eabi/13.3.1/thumb/v7e-m+fp/hard/libgcc.a(_arm_muldivdf3.o)
                0x080005f8                __aeabi_dmul
                0x080005f8                __muldf3
                0x0800084c                __aeabi_ddiv
                0x0800084c                __divdf3
 .text          0x08000a1c      0x110 /home/robocon2026/ELECTO_CORE/SOFTWARE/stm32cubeide_1.9.0/plugins/com.st.stm32cube.ide.mcu.externaltools.gnu-tools-for-stm32.13.3.rel1.linux64_1.0.0.202410170706/tools/bin/../lib/gcc/arm-none-eabi/13.3.1/thumb/v7e-m+fp/hard/libgcc.a(_arm_cmpdf2.o)
                0x08000a1c                __gtdf2
                0x08000a1c                __gedf2
                0x08000a24                __ltdf2
                0x08000a24                __ledf2
                0x08000a2c                __cmpdf2
                0x08000a2c                __eqdf2
                0x08000a2c                __nedf2
                0x08000aa8                __aeabi_cdrcmple
                0x08000ab8                __aeabi_cdcmple
                0x08000ab8                __aeabi_cdcmpeq
                0x08000ac8                __aeabi_dcmpeq
                0x08000adc                __aeabi_dcmplt
                0x08000af0                __aeabi_dcmple
                0x08000b04                __aeabi_dcmpge
                0x08000b18                __aeabi_dcmpgt
 .text          0x08000b2c       0x2c /home/robocon2026/ELECTO_CORE/SOFTWARE/stm32cubeide_1.9.0/plugins/com.st.stm32cube.ide.mcu.externaltools.gnu-tools-for-stm32.13.3.rel1.linux64_1.0.0.202410170706/tools/bin/../lib/gcc/arm-none-eabi/13.3.1/thumb/v7e-m+fp/hard/libgcc.a(_arm_unorddf2.o)
                0x08000b2c                __aeabi_dcmpun
                0x08000b2c                __unorddf2
 .text          0x08000b58       0x50 /home/robocon2026/ELECTO_CORE/SOFTWARE/stm32cubeide_1.9.0/plugins/com.st.stm32cube.ide.mcu.externaltools.gnu-tools-for-stm32.13.3.rel1.linux64_1.0.0.202410170706/tools/bin/../lib/gcc/arm-none-eabi/13.3.1/thumb/v7e-m+fp/hard/libgcc.a(_arm_fixdfsi.o)
                0x08000b58                __fixdfsi
                0x08000b58                __aeabi_d2iz
 .text          0x08000ba8       0x30 /home/robocon2026/ELECTO_CORE/SOFTWARE/stm32cubeide_1.9.0/plugins/com.st.stm32cube.ide.mcu.externaltools.gnu-tools-for-stm32.13.3.rel1.linux64_1.0.0.202410170706/tools/bin/../lib/gcc/arm-none-eabi/13.3.1/thumb/v7e-m+fp/hard/libgcc.a(_aeabi_uldivmod.o)
                0x08000ba8                __aeabi_uldivmod
 .text          0x08000bd8      0x2f8 /home/robocon2026/ELECTO_CORE/SOFTWARE/stm32cubeide_1.9.0/plugins/com.st.stm32cube.ide.mcu.externaltools.gnu-tools-for-stm32.13.3.rel1.linux64_1.0.0.202410170706/tools/bin/../lib/gcc/arm-none-eabi/13.3.1/thumb/v7e-m+fp/hard/libgcc.a(_udivmoddi4.o)
                0x08000bd8                __udivmoddi4
 .text          0x08000ed0        0x4 /home/robocon2026/ELECTO_CORE/SOFTWARE/stm32cubeide_1.9.0/plugins/com.st.stm32cube.ide.mcu.externaltools.gnu-tools-for-stm32.13.3.rel1.linux64_1.0.0.202410170706/tools/bin/../lib/gcc/arm-none-eabi/13.3.1/thumb/v7e-m+fp/hard/libgcc.a(_dvmd_tls.o)
                0x08000ed0                __aeabi_ldiv0
                0x08000ed0                __aeabi_idiv0
 *(.text*)
 .text.lo_4_wheel_handler
                0x08000ed4      0x144 ./Core/Src/locomotion.o
                0x08000ed4                lo_4_wheel_handler
 .text.lo_4_wheel_calculation
                0x08001018      0x1b4 ./Core/Src/locomotion.o
                0x08001018                lo_4_wheel_calculation
 .text.lo_4_wheel_run
                0x080011cc       0x80 ./Core/Src/locomotion.o
                0x080011cc                lo_4_wheel_run
 .text.main     0x0800124c       0xb4 ./Core/Src/main.o
                0x0800124c                main
 .text.SystemClock_Config
                0x08001300       0xd4 ./Core/Src/main.o
                0x08001300                SystemClock_Config
 .text.MX_I2C1_Init
                0x080013d4       0x5c ./Core/Src/main.o
 .text.MX_I2S3_Init
                0x08001430       0x60 ./Core/Src/main.o
 .text.MX_SPI1_Init
                0x08001490       0x6c ./Core/Src/main.o
 .text.MX_TIM2_Init
                0x080014fc       0xb0 ./Core/Src/main.o
 .text.MX_TIM3_Init
                0x080015ac       0xf4 ./Core/Src/main.o
 .text.MX_USART2_UART_Init
                0x080016a0       0x54 ./Core/Src/main.o
 .text.MX_GPIO_Init
                0x080016f4      0x1fc ./Core/Src/main.o
 .text.Error_Handler
                0x080018f0        0xc ./Core/Src/main.o
                0x080018f0                Error_Handler
 .text.HAL_MspInit
                0x080018fc       0x50 ./Core/Src/stm32f4xx_hal_msp.o
                0x080018fc                HAL_MspInit
 .text.HAL_I2C_MspInit
                0x0800194c       0x90 ./Core/Src/stm32f4xx_hal_msp.o
                0x0800194c                HAL_I2C_MspInit
 .text.HAL_I2S_MspInit
                0x080019dc      0x100 ./Core/Src/stm32f4xx_hal_msp.o
                0x080019dc                HAL_I2S_MspInit
 .text.HAL_SPI_MspInit
                0x08001adc       0x90 ./Core/Src/stm32f4xx_hal_msp.o
                0x08001adc                HAL_SPI_MspInit
 .text.HAL_TIM_PWM_MspInit
                0x08001b6c       0x6c ./Core/Src/stm32f4xx_hal_msp.o
                0x08001b6c                HAL_TIM_PWM_MspInit
 .text.HAL_TIM_MspPostInit
                0x08001bd8      0x100 ./Core/Src/stm32f4xx_hal_msp.o
                0x08001bd8                HAL_TIM_MspPostInit
 .text.HAL_UART_MspInit
                0x08001cd8       0x90 ./Core/Src/stm32f4xx_hal_msp.o
                0x08001cd8                HAL_UART_MspInit
 .text.NMI_Handler
                0x08001d68        0x8 ./Core/Src/stm32f4xx_it.o
                0x08001d68                NMI_Handler
 .text.HardFault_Handler
                0x08001d70        0x8 ./Core/Src/stm32f4xx_it.o
                0x08001d70                HardFault_Handler
 .text.MemManage_Handler
                0x08001d78        0x8 ./Core/Src/stm32f4xx_it.o
                0x08001d78                MemManage_Handler
 .text.BusFault_Handler
                0x08001d80        0x8 ./Core/Src/stm32f4xx_it.o
                0x08001d80                BusFault_Handler
 .text.UsageFault_Handler
                0x08001d88        0x8 ./Core/Src/stm32f4xx_it.o
                0x08001d88                UsageFault_Handler
 .text.SVC_Handler
                0x08001d90        0xe ./Core/Src/stm32f4xx_it.o
                0x08001d90                SVC_Handler
 .text.DebugMon_Handler
                0x08001d9e        0xe ./Core/Src/stm32f4xx_it.o
                0x08001d9e                DebugMon_Handler
 .text.PendSV_Handler
                0x08001dac        0xe ./Core/Src/stm32f4xx_it.o
                0x08001dac                PendSV_Handler
 .text.SysTick_Handler
                0x08001dba        0xc ./Core/Src/stm32f4xx_it.o
                0x08001dba                SysTick_Handler
 *fill*         0x08001dc6        0x2 
 .text.OTG_FS_IRQHandler
                0x08001dc8       0x14 ./Core/Src/stm32f4xx_it.o
                0x08001dc8                OTG_FS_IRQHandler
 .text.ITM_SendChar
                0x08001ddc       0x50 ./Core/Src/syscalls.o
                0x08001ddc                ITM_SendChar
 .text._getpid  0x08001e2c       0x10 ./Core/Src/syscalls.o
                0x08001e2c                _getpid
 .text._kill    0x08001e3c       0x20 ./Core/Src/syscalls.o
                0x08001e3c                _kill
 .text._exit    0x08001e5c       0x16 ./Core/Src/syscalls.o
                0x08001e5c                _exit
 .text._read    0x08001e72       0x3a ./Core/Src/syscalls.o
                0x08001e72                _read
 .text._write   0x08001eac       0x38 ./Core/Src/syscalls.o
                0x08001eac                _write
 .text._close   0x08001ee4       0x18 ./Core/Src/syscalls.o
                0x08001ee4                _close
 .text._fstat   0x08001efc       0x20 ./Core/Src/syscalls.o
                0x08001efc                _fstat
 .text._isatty  0x08001f1c       0x16 ./Core/Src/syscalls.o
                0x08001f1c                _isatty
 .text._lseek   0x08001f32       0x1a ./Core/Src/syscalls.o
                0x08001f32                _lseek
 .text._sbrk    0x08001f4c       0x6c ./Core/Src/sysmem.o
                0x08001f4c                _sbrk
 .text.SystemInit
                0x08001fb8       0x24 ./Core/Src/system_stm32f4xx.o
                0x08001fb8                SystemInit
 .text.millis   0x08001fdc        0xe ./Core/Src/user.o
                0x08001fdc                millis
 *fill*         0x08001fea        0x2 
 .text.recieve_uart
                0x08001fec       0x64 ./Core/Src/user.o
                0x08001fec                recieve_uart
 .text.parse_uart_data
                0x08002050      0x148 ./Core/Src/user.o
                0x08002050                parse_uart_data
 .text.motor_set_speed255
                0x08002198       0x74 ./Core/Src/user.o
                0x08002198                motor_set_speed255
 .text.Bldc_writePulse
                0x0800220c       0x64 ./Core/Src/user.o
                0x0800220c                Bldc_writePulse
 .text.Reset_Handler
                0x08002270       0x50 ./Core/Startup/startup_stm32f407vgtx.o
                0x08002270                Reset_Handler
 .text.Default_Handler
                0x080022c0        0x2 ./Core/Startup/startup_stm32f407vgtx.o
                0x080022c0                RTC_Alarm_IRQHandler
                0x080022c0                HASH_RNG_IRQHandler
                0x080022c0                EXTI2_IRQHandler
                0x080022c0                TIM8_CC_IRQHandler
                0x080022c0                TIM1_CC_IRQHandler
                0x080022c0                DMA2_Stream5_IRQHandler
                0x080022c0                DMA1_Stream5_IRQHandler
                0x080022c0                PVD_IRQHandler
                0x080022c0                SDIO_IRQHandler
                0x080022c0                TAMP_STAMP_IRQHandler
                0x080022c0                CAN2_RX1_IRQHandler
                0x080022c0                EXTI3_IRQHandler
                0x080022c0                TIM8_TRG_COM_TIM14_IRQHandler
                0x080022c0                TIM1_UP_TIM10_IRQHandler
                0x080022c0                TIM8_UP_TIM13_IRQHandler
                0x080022c0                I2C3_ER_IRQHandler
                0x080022c0                EXTI0_IRQHandler
                0x080022c0                I2C2_EV_IRQHandler
                0x080022c0                DMA1_Stream2_IRQHandler
                0x080022c0                CAN1_RX0_IRQHandler
                0x080022c0                FPU_IRQHandler
                0x080022c0                OTG_HS_WKUP_IRQHandler
                0x080022c0                CAN2_SCE_IRQHandler
                0x080022c0                DMA2_Stream2_IRQHandler
                0x080022c0                SPI1_IRQHandler
                0x080022c0                TIM6_DAC_IRQHandler
                0x080022c0                TIM1_BRK_TIM9_IRQHandler
                0x080022c0                DCMI_IRQHandler
                0x080022c0                CAN2_RX0_IRQHandler
                0x080022c0                DMA2_Stream3_IRQHandler
                0x080022c0                USART6_IRQHandler
                0x080022c0                USART3_IRQHandler
                0x080022c0                CAN1_RX1_IRQHandler
                0x080022c0                UART5_IRQHandler
                0x080022c0                DMA2_Stream0_IRQHandler
                0x080022c0                TIM4_IRQHandler
                0x080022c0                I2C1_EV_IRQHandler
                0x080022c0                DMA1_Stream6_IRQHandler
                0x080022c0                DMA1_Stream1_IRQHandler
                0x080022c0                UART4_IRQHandler
                0x080022c0                TIM3_IRQHandler
                0x080022c0                RCC_IRQHandler
                0x080022c0                TIM8_BRK_TIM12_IRQHandler
                0x080022c0                Default_Handler
                0x080022c0                EXTI15_10_IRQHandler
                0x080022c0                ADC_IRQHandler
                0x080022c0                DMA1_Stream7_IRQHandler
                0x080022c0                TIM7_IRQHandler
                0x080022c0                CAN2_TX_IRQHandler
                0x080022c0                TIM5_IRQHandler
                0x080022c0                DMA2_Stream7_IRQHandler
                0x080022c0                I2C3_EV_IRQHandler
                0x080022c0                EXTI9_5_IRQHandler
                0x080022c0                RTC_WKUP_IRQHandler
                0x080022c0                ETH_WKUP_IRQHandler
                0x080022c0                SPI2_IRQHandler
                0x080022c0                OTG_HS_EP1_IN_IRQHandler
                0x080022c0                DMA1_Stream0_IRQHandler
                0x080022c0                CAN1_TX_IRQHandler
                0x080022c0                EXTI4_IRQHandler
                0x080022c0                FSMC_IRQHandler
                0x080022c0                ETH_IRQHandler
                0x080022c0                OTG_HS_EP1_OUT_IRQHandler
                0x080022c0                WWDG_IRQHandler
                0x080022c0                TIM2_IRQHandler
                0x080022c0                OTG_FS_WKUP_IRQHandler
                0x080022c0                TIM1_TRG_COM_TIM11_IRQHandler
                0x080022c0                OTG_HS_IRQHandler
                0x080022c0                EXTI1_IRQHandler
                0x080022c0                USART2_IRQHandler
                0x080022c0                I2C2_ER_IRQHandler
                0x080022c0                DMA2_Stream1_IRQHandler
                0x080022c0                CAN1_SCE_IRQHandler
                0x080022c0                FLASH_IRQHandler
                0x080022c0                DMA2_Stream4_IRQHandler
                0x080022c0                USART1_IRQHandler
                0x080022c0                SPI3_IRQHandler
                0x080022c0                DMA1_Stream4_IRQHandler
                0x080022c0                I2C1_ER_IRQHandler
                0x080022c0                DMA2_Stream6_IRQHandler
                0x080022c0                DMA1_Stream3_IRQHandler
 *fill*         0x080022c2        0x2 
 .text.HAL_Init
                0x080022c4       0x44 ./Drivers/STM32F4xx_HAL_Driver/Src/stm32f4xx_hal.o
                0x080022c4                HAL_Init
 .text.HAL_InitTick
                0x08002308       0x60 ./Drivers/STM32F4xx_HAL_Driver/Src/stm32f4xx_hal.o
                0x08002308                HAL_InitTick
 .text.HAL_IncTick
                0x08002368       0x28 ./Drivers/STM32F4xx_HAL_Driver/Src/stm32f4xx_hal.o
                0x08002368                HAL_IncTick
 .text.HAL_GetTick
                0x08002390       0x18 ./Drivers/STM32F4xx_HAL_Driver/Src/stm32f4xx_hal.o
                0x08002390                HAL_GetTick
 .text.HAL_Delay
                0x080023a8       0x48 ./Drivers/STM32F4xx_HAL_Driver/Src/stm32f4xx_hal.o
                0x080023a8                HAL_Delay
 .text.__NVIC_SetPriorityGrouping
                0x080023f0       0x48 ./Drivers/STM32F4xx_HAL_Driver/Src/stm32f4xx_hal_cortex.o
 .text.__NVIC_GetPriorityGrouping
                0x08002438       0x1c ./Drivers/STM32F4xx_HAL_Driver/Src/stm32f4xx_hal_cortex.o
 .text.__NVIC_EnableIRQ
                0x08002454       0x3c ./Drivers/STM32F4xx_HAL_Driver/Src/stm32f4xx_hal_cortex.o
 .text.__NVIC_SetPriority
                0x08002490       0x54 ./Drivers/STM32F4xx_HAL_Driver/Src/stm32f4xx_hal_cortex.o
 .text.NVIC_EncodePriority
                0x080024e4       0x66 ./Drivers/STM32F4xx_HAL_Driver/Src/stm32f4xx_hal_cortex.o
 *fill*         0x0800254a        0x2 
 .text.SysTick_Config
                0x0800254c       0x44 ./Drivers/STM32F4xx_HAL_Driver/Src/stm32f4xx_hal_cortex.o
 .text.HAL_NVIC_SetPriorityGrouping
                0x08002590       0x16 ./Drivers/STM32F4xx_HAL_Driver/Src/stm32f4xx_hal_cortex.o
                0x08002590                HAL_NVIC_SetPriorityGrouping
 .text.HAL_NVIC_SetPriority
                0x080025a6       0x38 ./Drivers/STM32F4xx_HAL_Driver/Src/stm32f4xx_hal_cortex.o
                0x080025a6                HAL_NVIC_SetPriority
 .text.HAL_NVIC_EnableIRQ
                0x080025de       0x1c ./Drivers/STM32F4xx_HAL_Driver/Src/stm32f4xx_hal_cortex.o
                0x080025de                HAL_NVIC_EnableIRQ
 .text.HAL_SYSTICK_Config
                0x080025fa       0x18 ./Drivers/STM32F4xx_HAL_Driver/Src/stm32f4xx_hal_cortex.o
                0x080025fa                HAL_SYSTICK_Config
 *fill*         0x08002612        0x2 
 .text.HAL_GPIO_Init
                0x08002614      0x338 ./Drivers/STM32F4xx_HAL_Driver/Src/stm32f4xx_hal_gpio.o
                0x08002614                HAL_GPIO_Init
 .text.HAL_GPIO_WritePin
                0x0800294c       0x32 ./Drivers/STM32F4xx_HAL_Driver/Src/stm32f4xx_hal_gpio.o
                0x0800294c                HAL_GPIO_WritePin
 .text.HAL_HCD_Init
                0x0800297e       0xce ./Drivers/STM32F4xx_HAL_Driver/Src/stm32f4xx_hal_hcd.o
                0x0800297e                HAL_HCD_Init
 .text.HAL_HCD_HC_Init
                0x08002a4c      0x170 ./Drivers/STM32F4xx_HAL_Driver/Src/stm32f4xx_hal_hcd.o
                0x08002a4c                HAL_HCD_HC_Init
 .text.HAL_HCD_HC_SubmitRequest
                0x08002bbc      0x33c ./Drivers/STM32F4xx_HAL_Driver/Src/stm32f4xx_hal_hcd.o
                0x08002bbc                HAL_HCD_HC_SubmitRequest
 .text.HAL_HCD_IRQHandler
                0x08002ef8      0x220 ./Drivers/STM32F4xx_HAL_Driver/Src/stm32f4xx_hal_hcd.o
                0x08002ef8                HAL_HCD_IRQHandler
 .text.HAL_HCD_Start
                0x08003118       0x46 ./Drivers/STM32F4xx_HAL_Driver/Src/stm32f4xx_hal_hcd.o
                0x08003118                HAL_HCD_Start
 .text.HAL_HCD_Stop
                0x0800315e       0x3a ./Drivers/STM32F4xx_HAL_Driver/Src/stm32f4xx_hal_hcd.o
                0x0800315e                HAL_HCD_Stop
 .text.HAL_HCD_ResetPort
                0x08003198       0x1c ./Drivers/STM32F4xx_HAL_Driver/Src/stm32f4xx_hal_hcd.o
                0x08003198                HAL_HCD_ResetPort
 .text.HAL_HCD_HC_GetURBState
                0x080031b4       0x2a ./Drivers/STM32F4xx_HAL_Driver/Src/stm32f4xx_hal_hcd.o
                0x080031b4                HAL_HCD_HC_GetURBState
 .text.HAL_HCD_HC_GetXferCount
                0x080031de       0x2a ./Drivers/STM32F4xx_HAL_Driver/Src/stm32f4xx_hal_hcd.o
                0x080031de                HAL_HCD_HC_GetXferCount
 .text.HAL_HCD_GetCurrentFrame
                0x08003208       0x1c ./Drivers/STM32F4xx_HAL_Driver/Src/stm32f4xx_hal_hcd.o
                0x08003208                HAL_HCD_GetCurrentFrame
 .text.HAL_HCD_GetCurrentSpeed
                0x08003224       0x1c ./Drivers/STM32F4xx_HAL_Driver/Src/stm32f4xx_hal_hcd.o
                0x08003224                HAL_HCD_GetCurrentSpeed
 .text.HAL_HCD_HC_ClearHubInfo
                0x08003240       0x6a ./Drivers/STM32F4xx_HAL_Driver/Src/stm32f4xx_hal_hcd.o
                0x08003240                HAL_HCD_HC_ClearHubInfo
 .text.HCD_HC_IN_IRQHandler
                0x080032aa      0xcd2 ./Drivers/STM32F4xx_HAL_Driver/Src/stm32f4xx_hal_hcd.o
 .text.HCD_HC_OUT_IRQHandler
                0x08003f7c      0x97e ./Drivers/STM32F4xx_HAL_Driver/Src/stm32f4xx_hal_hcd.o
 .text.HCD_RXQLVL_IRQHandler
                0x080048fa      0x1be ./Drivers/STM32F4xx_HAL_Driver/Src/stm32f4xx_hal_hcd.o
 .text.HCD_Port_IRQHandler
                0x08004ab8       0xe6 ./Drivers/STM32F4xx_HAL_Driver/Src/stm32f4xx_hal_hcd.o
 *fill*         0x08004b9e        0x2 
 .text.HAL_I2C_Init
                0x08004ba0      0x288 ./Drivers/STM32F4xx_HAL_Driver/Src/stm32f4xx_hal_i2c.o
                0x08004ba0                HAL_I2C_Init
 .text.HAL_I2S_Init
                0x08004e28      0x280 ./Drivers/STM32F4xx_HAL_Driver/Src/stm32f4xx_hal_i2s.o
                0x08004e28                HAL_I2S_Init
 .text.HAL_I2S_TxCpltCallback
                0x080050a8       0x14 ./Drivers/STM32F4xx_HAL_Driver/Src/stm32f4xx_hal_i2s.o
                0x080050a8                HAL_I2S_TxCpltCallback
 .text.HAL_I2S_RxCpltCallback
                0x080050bc       0x14 ./Drivers/STM32F4xx_HAL_Driver/Src/stm32f4xx_hal_i2s.o
                0x080050bc                HAL_I2S_RxCpltCallback
 .text.HAL_I2S_ErrorCallback
                0x080050d0       0x14 ./Drivers/STM32F4xx_HAL_Driver/Src/stm32f4xx_hal_i2s.o
                0x080050d0                HAL_I2S_ErrorCallback
 .text.I2S_Transmit_IT
                0x080050e4       0x5c ./Drivers/STM32F4xx_HAL_Driver/Src/stm32f4xx_hal_i2s.o
 .text.I2S_Receive_IT
                0x08005140       0x5e ./Drivers/STM32F4xx_HAL_Driver/Src/stm32f4xx_hal_i2s.o
 .text.I2S_IRQHandler
                0x0800519e      0x114 ./Drivers/STM32F4xx_HAL_Driver/Src/stm32f4xx_hal_i2s.o
 *fill*         0x080052b2        0x2 
 .text.HAL_I2SEx_FullDuplex_IRQHandler
                0x080052b4      0x2a8 ./Drivers/STM32F4xx_HAL_Driver/Src/stm32f4xx_hal_i2s_ex.o
                0x080052b4                HAL_I2SEx_FullDuplex_IRQHandler
 .text.HAL_I2SEx_TxRxCpltCallback
                0x0800555c       0x14 ./Drivers/STM32F4xx_HAL_Driver/Src/stm32f4xx_hal_i2s_ex.o
                0x0800555c                HAL_I2SEx_TxRxCpltCallback
 .text.I2SEx_TxISR_I2S
                0x08005570       0x62 ./Drivers/STM32F4xx_HAL_Driver/Src/stm32f4xx_hal_i2s_ex.o
 *fill*         0x080055d2        0x2 
 .text.I2SEx_TxISR_I2SExt
                0x080055d4       0x98 ./Drivers/STM32F4xx_HAL_Driver/Src/stm32f4xx_hal_i2s_ex.o
 .text.I2SEx_RxISR_I2S
                0x0800566c       0x64 ./Drivers/STM32F4xx_HAL_Driver/Src/stm32f4xx_hal_i2s_ex.o
 .text.I2SEx_RxISR_I2SExt
                0x080056d0       0x98 ./Drivers/STM32F4xx_HAL_Driver/Src/stm32f4xx_hal_i2s_ex.o
 .text.HAL_RCC_OscConfig
                0x08005768      0x4f0 ./Drivers/STM32F4xx_HAL_Driver/Src/stm32f4xx_hal_rcc.o
                0x08005768                HAL_RCC_OscConfig
 .text.HAL_RCC_ClockConfig
                0x08005c58      0x1cc ./Drivers/STM32F4xx_HAL_Driver/Src/stm32f4xx_hal_rcc.o
                0x08005c58                HAL_RCC_ClockConfig
 .text.HAL_RCC_GetSysClockFreq
                0x08005e24      0x20c ./Drivers/STM32F4xx_HAL_Driver/Src/stm32f4xx_hal_rcc.o
                0x08005e24                HAL_RCC_GetSysClockFreq
 .text.HAL_RCC_GetHCLKFreq
                0x08006030       0x18 ./Drivers/STM32F4xx_HAL_Driver/Src/stm32f4xx_hal_rcc.o
                0x08006030                HAL_RCC_GetHCLKFreq
 .text.HAL_RCC_GetPCLK1Freq
                0x08006048       0x28 ./Drivers/STM32F4xx_HAL_Driver/Src/stm32f4xx_hal_rcc.o
                0x08006048                HAL_RCC_GetPCLK1Freq
 .text.HAL_RCC_GetPCLK2Freq
                0x08006070       0x28 ./Drivers/STM32F4xx_HAL_Driver/Src/stm32f4xx_hal_rcc.o
                0x08006070                HAL_RCC_GetPCLK2Freq
 .text.HAL_RCCEx_PeriphCLKConfig
                0x08006098      0x1c4 ./Drivers/STM32F4xx_HAL_Driver/Src/stm32f4xx_hal_rcc_ex.o
                0x08006098                HAL_RCCEx_PeriphCLKConfig
 .text.HAL_RCCEx_GetPeriphCLKFreq
                0x0800625c       0xc0 ./Drivers/STM32F4xx_HAL_Driver/Src/stm32f4xx_hal_rcc_ex.o
                0x0800625c                HAL_RCCEx_GetPeriphCLKFreq
 .text.HAL_SPI_Init
                0x0800631c      0x112 ./Drivers/STM32F4xx_HAL_Driver/Src/stm32f4xx_hal_spi.o
                0x0800631c                HAL_SPI_Init
 .text.HAL_TIM_PWM_Init
                0x0800642e       0x9e ./Drivers/STM32F4xx_HAL_Driver/Src/stm32f4xx_hal_tim.o
                0x0800642e                HAL_TIM_PWM_Init
 .text.HAL_TIM_PWM_Start
                0x080064cc      0x190 ./Drivers/STM32F4xx_HAL_Driver/Src/stm32f4xx_hal_tim.o
                0x080064cc                HAL_TIM_PWM_Start
 .text.HAL_TIM_PWM_ConfigChannel
                0x0800665c      0x184 ./Drivers/STM32F4xx_HAL_Driver/Src/stm32f4xx_hal_tim.o
                0x0800665c                HAL_TIM_PWM_ConfigChannel
 .text.TIM_Base_SetConfig
                0x080067e0      0x14c ./Drivers/STM32F4xx_HAL_Driver/Src/stm32f4xx_hal_tim.o
                0x080067e0                TIM_Base_SetConfig
 .text.TIM_OC1_SetConfig
                0x0800692c       0xe0 ./Drivers/STM32F4xx_HAL_Driver/Src/stm32f4xx_hal_tim.o
 .text.TIM_OC2_SetConfig
                0x08006a0c       0xec ./Drivers/STM32F4xx_HAL_Driver/Src/stm32f4xx_hal_tim.o
                0x08006a0c                TIM_OC2_SetConfig
 .text.TIM_OC3_SetConfig
                0x08006af8       0xe8 ./Drivers/STM32F4xx_HAL_Driver/Src/stm32f4xx_hal_tim.o
 .text.TIM_OC4_SetConfig
                0x08006be0       0xac ./Drivers/STM32F4xx_HAL_Driver/Src/stm32f4xx_hal_tim.o
 .text.TIM_CCxChannelCmd
                0x08006c8c       0x4a ./Drivers/STM32F4xx_HAL_Driver/Src/stm32f4xx_hal_tim.o
                0x08006c8c                TIM_CCxChannelCmd
 *fill*         0x08006cd6        0x2 
 .text.HAL_TIMEx_MasterConfigSynchronization
                0x08006cd8       0xf8 ./Drivers/STM32F4xx_HAL_Driver/Src/stm32f4xx_hal_tim_ex.o
                0x08006cd8                HAL_TIMEx_MasterConfigSynchronization
 .text.HAL_UART_Init
                0x08006dd0       0xa0 ./Drivers/STM32F4xx_HAL_Driver/Src/stm32f4xx_hal_uart.o
                0x08006dd0                HAL_UART_Init
 .text.HAL_UART_Transmit
                0x08006e70      0x116 ./Drivers/STM32F4xx_HAL_Driver/Src/stm32f4xx_hal_uart.o
                0x08006e70                HAL_UART_Transmit
 .text.HAL_UART_Receive
                0x08006f86      0x12e ./Drivers/STM32F4xx_HAL_Driver/Src/stm32f4xx_hal_uart.o
                0x08006f86                HAL_UART_Receive
 .text.UART_WaitOnFlagUntilTimeout
                0x080070b4       0xb2 ./Drivers/STM32F4xx_HAL_Driver/Src/stm32f4xx_hal_uart.o
 .text.UART_EndRxTransfer
                0x08007166       0xc6 ./Drivers/STM32F4xx_HAL_Driver/Src/stm32f4xx_hal_uart.o
 .text.UART_SetConfig
                0x0800722c      0x4e8 ./Drivers/STM32F4xx_HAL_Driver/Src/stm32f4xx_hal_uart.o
 .text.USB_CoreInit
                0x08007714       0xc8 ./Drivers/STM32F4xx_HAL_Driver/Src/stm32f4xx_ll_usb.o
                0x08007714                USB_CoreInit
 .text.USB_EnableGlobalInt
                0x080077dc       0x22 ./Drivers/STM32F4xx_HAL_Driver/Src/stm32f4xx_ll_usb.o
                0x080077dc                USB_EnableGlobalInt
 .text.USB_DisableGlobalInt
                0x080077fe       0x22 ./Drivers/STM32F4xx_HAL_Driver/Src/stm32f4xx_ll_usb.o
                0x080077fe                USB_DisableGlobalInt
 .text.USB_SetCurrentMode
                0x08007820       0x98 ./Drivers/STM32F4xx_HAL_Driver/Src/stm32f4xx_ll_usb.o
                0x08007820                USB_SetCurrentMode
 .text.USB_FlushTxFifo
                0x080078b8       0x64 ./Drivers/STM32F4xx_HAL_Driver/Src/stm32f4xx_ll_usb.o
                0x080078b8                USB_FlushTxFifo
 .text.USB_FlushRxFifo
                0x0800791c       0x5c ./Drivers/STM32F4xx_HAL_Driver/Src/stm32f4xx_ll_usb.o
                0x0800791c                USB_FlushRxFifo
 .text.USB_WritePacket
                0x08007978       0x7c ./Drivers/STM32F4xx_HAL_Driver/Src/stm32f4xx_ll_usb.o
                0x08007978                USB_WritePacket
 .text.USB_ReadPacket
                0x080079f4       0xb0 ./Drivers/STM32F4xx_HAL_Driver/Src/stm32f4xx_ll_usb.o
                0x080079f4                USB_ReadPacket
 .text.USB_ReadInterrupts
                0x08007aa4       0x26 ./Drivers/STM32F4xx_HAL_Driver/Src/stm32f4xx_ll_usb.o
                0x08007aa4                USB_ReadInterrupts
 .text.USB_ReadChInterrupts
                0x08007aca       0x42 ./Drivers/STM32F4xx_HAL_Driver/Src/stm32f4xx_ll_usb.o
                0x08007aca                USB_ReadChInterrupts
 .text.USB_GetMode
                0x08007b0c       0x1c ./Drivers/STM32F4xx_HAL_Driver/Src/stm32f4xx_ll_usb.o
                0x08007b0c                USB_GetMode
 .text.USB_CoreReset
                0x08007b28       0x70 ./Drivers/STM32F4xx_HAL_Driver/Src/stm32f4xx_ll_usb.o
 .text.USB_HostInit
                0x08007b98      0x188 ./Drivers/STM32F4xx_HAL_Driver/Src/stm32f4xx_ll_usb.o
                0x08007b98                USB_HostInit
 .text.USB_InitFSLSPClkSel
                0x08007d20       0x7a ./Drivers/STM32F4xx_HAL_Driver/Src/stm32f4xx_ll_usb.o
                0x08007d20                USB_InitFSLSPClkSel
 .text.USB_ResetPort
                0x08007d9a       0x54 ./Drivers/STM32F4xx_HAL_Driver/Src/stm32f4xx_ll_usb.o
                0x08007d9a                USB_ResetPort
 .text.USB_DriveVbus
                0x08007dee       0x72 ./Drivers/STM32F4xx_HAL_Driver/Src/stm32f4xx_ll_usb.o
                0x08007dee                USB_DriveVbus
 .text.USB_GetHostSpeed
                0x08007e60       0x2e ./Drivers/STM32F4xx_HAL_Driver/Src/stm32f4xx_ll_usb.o
                0x08007e60                USB_GetHostSpeed
 .text.USB_GetCurrentFrame
                0x08007e8e       0x22 ./Drivers/STM32F4xx_HAL_Driver/Src/stm32f4xx_ll_usb.o
                0x08007e8e                USB_GetCurrentFrame
 .text.USB_HC_Init
                0x08007eb0      0x258 ./Drivers/STM32F4xx_HAL_Driver/Src/stm32f4xx_ll_usb.o
                0x08007eb0                USB_HC_Init
 .text.USB_HC_StartXfer
                0x08008108      0x4f4 ./Drivers/STM32F4xx_HAL_Driver/Src/stm32f4xx_ll_usb.o
                0x08008108                USB_HC_StartXfer
 .text.USB_HC_ReadInterrupt
                0x080085fc       0x22 ./Drivers/STM32F4xx_HAL_Driver/Src/stm32f4xx_ll_usb.o
                0x080085fc                USB_HC_ReadInterrupt
 .text.USB_HC_Halt
                0x0800861e      0x240 ./Drivers/STM32F4xx_HAL_Driver/Src/stm32f4xx_ll_usb.o
                0x0800861e                USB_HC_Halt
 *fill*         0x0800885e        0x2 
 .text.USB_DoPing
                0x08008860       0x78 ./Drivers/STM32F4xx_HAL_Driver/Src/stm32f4xx_ll_usb.o
                0x08008860                USB_DoPing
 .text.USB_StopHost
                0x080088d8      0x124 ./Drivers/STM32F4xx_HAL_Driver/Src/stm32f4xx_ll_usb.o
                0x080088d8                USB_StopHost
 .text.USBH_CDC_InterfaceInit
                0x080089fc      0x2ac ./Middlewares/ST/STM32_USB_Host_Library/Class/CDC/Src/usbh_cdc.o
 .text.USBH_CDC_InterfaceDeInit
                0x08008ca8       0xb2 ./Middlewares/ST/STM32_USB_Host_Library/Class/CDC/Src/usbh_cdc.o
 .text.USBH_CDC_ClassRequest
                0x08008d5a       0x3e ./Middlewares/ST/STM32_USB_Host_Library/Class/CDC/Src/usbh_cdc.o
 .text.USBH_CDC_Process
                0x08008d98      0x12c ./Middlewares/ST/STM32_USB_Host_Library/Class/CDC/Src/usbh_cdc.o
 .text.USBH_CDC_SOFProcess
                0x08008ec4       0x16 ./Middlewares/ST/STM32_USB_Host_Library/Class/CDC/Src/usbh_cdc.o
 .text.GetLineCoding
                0x08008eda       0x3e ./Middlewares/ST/STM32_USB_Host_Library/Class/CDC/Src/usbh_cdc.o
 .text.SetLineCoding
                0x08008f18       0x3e ./Middlewares/ST/STM32_USB_Host_Library/Class/CDC/Src/usbh_cdc.o
 .text.CDC_ProcessTransmission
                0x08008f56       0xec ./Middlewares/ST/STM32_USB_Host_Library/Class/CDC/Src/usbh_cdc.o
 .text.CDC_ProcessReception
                0x08009042       0xb6 ./Middlewares/ST/STM32_USB_Host_Library/Class/CDC/Src/usbh_cdc.o
 .text.USBH_CDC_TransmitCallback
                0x080090f8       0x14 ./Middlewares/ST/STM32_USB_Host_Library/Class/CDC/Src/usbh_cdc.o
                0x080090f8                USBH_CDC_TransmitCallback
 .text.USBH_CDC_ReceiveCallback
                0x0800910c       0x14 ./Middlewares/ST/STM32_USB_Host_Library/Class/CDC/Src/usbh_cdc.o
                0x0800910c                USBH_CDC_ReceiveCallback
 .text.USBH_CDC_LineCodingChanged
                0x08009120       0x14 ./Middlewares/ST/STM32_USB_Host_Library/Class/CDC/Src/usbh_cdc.o
                0x08009120                USBH_CDC_LineCodingChanged
 .text.USBH_Init
                0x08009134       0x74 ./Middlewares/ST/STM32_USB_Host_Library/Core/Src/usbh_core.o
                0x08009134                USBH_Init
 .text.DeInitStateMachine
                0x080091a8       0xe2 ./Middlewares/ST/STM32_USB_Host_Library/Core/Src/usbh_core.o
 .text.USBH_RegisterClass
                0x0800928a       0x54 ./Middlewares/ST/STM32_USB_Host_Library/Core/Src/usbh_core.o
                0x0800928a                USBH_RegisterClass
 .text.USBH_SelectInterface
                0x080092de       0x38 ./Middlewares/ST/STM32_USB_Host_Library/Core/Src/usbh_core.o
                0x080092de                USBH_SelectInterface
 .text.USBH_FindInterface
                0x08009316       0x8c ./Middlewares/ST/STM32_USB_Host_Library/Core/Src/usbh_core.o
                0x08009316                USBH_FindInterface
 .text.USBH_Start
                0x080093a2       0x20 ./Middlewares/ST/STM32_USB_Host_Library/Core/Src/usbh_core.o
                0x080093a2                USBH_Start
 *fill*         0x080093c2        0x2 
 .text.USBH_Process
                0x080093c4      0x3d4 ./Middlewares/ST/STM32_USB_Host_Library/Core/Src/usbh_core.o
                0x080093c4                USBH_Process
 .text.USBH_HandleEnum
                0x08009798      0x3c0 ./Middlewares/ST/STM32_USB_Host_Library/Core/Src/usbh_core.o
 .text.USBH_LL_SetTimer
                0x08009b58       0x1e ./Middlewares/ST/STM32_USB_Host_Library/Core/Src/usbh_core.o
                0x08009b58                USBH_LL_SetTimer
 .text.USBH_LL_IncTimer
                0x08009b76       0x24 ./Middlewares/ST/STM32_USB_Host_Library/Core/Src/usbh_core.o
                0x08009b76                USBH_LL_IncTimer
 .text.USBH_HandleSof
                0x08009b9a       0x30 ./Middlewares/ST/STM32_USB_Host_Library/Core/Src/usbh_core.o
 .text.USBH_LL_PortEnabled
                0x08009bca       0x1c ./Middlewares/ST/STM32_USB_Host_Library/Core/Src/usbh_core.o
                0x08009bca                USBH_LL_PortEnabled
 .text.USBH_LL_PortDisabled
                0x08009be6       0x24 ./Middlewares/ST/STM32_USB_Host_Library/Core/Src/usbh_core.o
                0x08009be6                USBH_LL_PortDisabled
 .text.USBH_LL_Connect
                0x08009c0a       0x2e ./Middlewares/ST/STM32_USB_Host_Library/Core/Src/usbh_core.o
                0x08009c0a                USBH_LL_Connect
 .text.USBH_LL_Disconnect
                0x08009c38       0x48 ./Middlewares/ST/STM32_USB_Host_Library/Core/Src/usbh_core.o
                0x08009c38                USBH_LL_Disconnect
 .text.USBH_Get_DevDesc
                0x08009c80       0x58 ./Middlewares/ST/STM32_USB_Host_Library/Core/Src/usbh_ctlreq.o
                0x08009c80                USBH_Get_DevDesc
 .text.USBH_Get_CfgDesc
                0x08009cd8       0x54 ./Middlewares/ST/STM32_USB_Host_Library/Core/Src/usbh_ctlreq.o
                0x08009cd8                USBH_Get_CfgDesc
 .text.USBH_Get_StringDesc
                0x08009d2c       0x68 ./Middlewares/ST/STM32_USB_Host_Library/Core/Src/usbh_ctlreq.o
                0x08009d2c                USBH_Get_StringDesc
 .text.USBH_GetDescriptor
                0x08009d94       0x6a ./Middlewares/ST/STM32_USB_Host_Library/Core/Src/usbh_ctlreq.o
                0x08009d94                USBH_GetDescriptor
 .text.USBH_SetAddress
                0x08009dfe       0x48 ./Middlewares/ST/STM32_USB_Host_Library/Core/Src/usbh_ctlreq.o
                0x08009dfe                USBH_SetAddress
 .text.USBH_SetCfg
                0x08009e46       0x46 ./Middlewares/ST/STM32_USB_Host_Library/Core/Src/usbh_ctlreq.o
                0x08009e46                USBH_SetCfg
 .text.USBH_SetFeature
                0x08009e8c       0x48 ./Middlewares/ST/STM32_USB_Host_Library/Core/Src/usbh_ctlreq.o
                0x08009e8c                USBH_SetFeature
 .text.USBH_ClrFeature
                0x08009ed4       0x48 ./Middlewares/ST/STM32_USB_Host_Library/Core/Src/usbh_ctlreq.o
                0x08009ed4                USBH_ClrFeature
 .text.USBH_ParseDevDesc
                0x08009f1c      0x160 ./Middlewares/ST/STM32_USB_Host_Library/Core/Src/usbh_ctlreq.o
 .text.USBH_ParseCfgDesc
                0x0800a07c      0x1f8 ./Middlewares/ST/STM32_USB_Host_Library/Core/Src/usbh_ctlreq.o
 .text.USBH_ParseInterfaceDesc
                0x0800a274       0x5e ./Middlewares/ST/STM32_USB_Host_Library/Core/Src/usbh_ctlreq.o
 .text.USBH_ParseEPDesc
                0x0800a2d2      0x1d0 ./Middlewares/ST/STM32_USB_Host_Library/Core/Src/usbh_ctlreq.o
 .text.USBH_ParseStringDesc
                0x0800a4a2       0x66 ./Middlewares/ST/STM32_USB_Host_Library/Core/Src/usbh_ctlreq.o
 .text.USBH_GetNextDesc
                0x0800a508       0x34 ./Middlewares/ST/STM32_USB_Host_Library/Core/Src/usbh_ctlreq.o
                0x0800a508                USBH_GetNextDesc
 .text.USBH_CtlReq
                0x0800a53c       0x7a ./Middlewares/ST/STM32_USB_Host_Library/Core/Src/usbh_ctlreq.o
                0x0800a53c                USBH_CtlReq
 *fill*         0x0800a5b6        0x2 
 .text.USBH_HandleControl
                0x0800a5b8      0x2ec ./Middlewares/ST/STM32_USB_Host_Library/Core/Src/usbh_ctlreq.o
 .text.USBH_CtlSendSetup
                0x0800a8a4       0x34 ./Middlewares/ST/STM32_USB_Host_Library/Core/Src/usbh_ioreq.o
                0x0800a8a4                USBH_CtlSendSetup
 .text.USBH_CtlSendData
                0x0800a8d8       0x4a ./Middlewares/ST/STM32_USB_Host_Library/Core/Src/usbh_ioreq.o
                0x0800a8d8                USBH_CtlSendData
 .text.USBH_CtlReceiveData
                0x0800a922       0x3c ./Middlewares/ST/STM32_USB_Host_Library/Core/Src/usbh_ioreq.o
                0x0800a922                USBH_CtlReceiveData
 .text.USBH_BulkSendData
                0x0800a95e       0x4a ./Middlewares/ST/STM32_USB_Host_Library/Core/Src/usbh_ioreq.o
                0x0800a95e                USBH_BulkSendData
 .text.USBH_BulkReceiveData
                0x0800a9a8       0x3c ./Middlewares/ST/STM32_USB_Host_Library/Core/Src/usbh_ioreq.o
                0x0800a9a8                USBH_BulkReceiveData
 .text.USBH_OpenPipe
                0x0800a9e4       0x3e ./Middlewares/ST/STM32_USB_Host_Library/Core/Src/usbh_pipes.o
                0x0800a9e4                USBH_OpenPipe
 .text.USBH_ClosePipe
                0x0800aa22       0x20 ./Middlewares/ST/STM32_USB_Host_Library/Core/Src/usbh_pipes.o
                0x0800aa22                USBH_ClosePipe
 .text.USBH_AllocPipe
                0x0800aa42       0x42 ./Middlewares/ST/STM32_USB_Host_Library/Core/Src/usbh_pipes.o
                0x0800aa42                USBH_AllocPipe
 .text.USBH_FreePipe
                0x0800aa84       0x3c ./Middlewares/ST/STM32_USB_Host_Library/Core/Src/usbh_pipes.o
                0x0800aa84                USBH_FreePipe
 .text.USBH_GetFreePipe
                0x0800aac0       0x48 ./Middlewares/ST/STM32_USB_Host_Library/Core/Src/usbh_pipes.o
 .text.MX_USB_HOST_Init
                0x0800ab08       0x4c ./USB_HOST/App/usb_host.o
                0x0800ab08                MX_USB_HOST_Init
 .text.MX_USB_HOST_Process
                0x0800ab54       0x14 ./USB_HOST/App/usb_host.o
                0x0800ab54                MX_USB_HOST_Process
 .text.USBH_UserProcess
                0x0800ab68       0x5c ./USB_HOST/App/usb_host.o
 .text.HAL_HCD_MspInit
                0x0800abc4       0xc4 ./USB_HOST/Target/usbh_conf.o
                0x0800abc4                HAL_HCD_MspInit
 .text.HAL_HCD_SOF_Callback
                0x0800ac88       0x1c ./USB_HOST/Target/usbh_conf.o
                0x0800ac88                HAL_HCD_SOF_Callback
 .text.HAL_HCD_Connect_Callback
                0x0800aca4       0x1c ./USB_HOST/Target/usbh_conf.o
                0x0800aca4                HAL_HCD_Connect_Callback
 .text.HAL_HCD_Disconnect_Callback
                0x0800acc0       0x1c ./USB_HOST/Target/usbh_conf.o
                0x0800acc0                HAL_HCD_Disconnect_Callback
 .text.HAL_HCD_HC_NotifyURBChange_Callback
                0x0800acdc       0x1c ./USB_HOST/Target/usbh_conf.o
                0x0800acdc                HAL_HCD_HC_NotifyURBChange_Callback
 .text.HAL_HCD_PortEnabled_Callback
                0x0800acf8       0x1c ./USB_HOST/Target/usbh_conf.o
                0x0800acf8                HAL_HCD_PortEnabled_Callback
 .text.HAL_HCD_PortDisabled_Callback
                0x0800ad14       0x1c ./USB_HOST/Target/usbh_conf.o
                0x0800ad14                HAL_HCD_PortDisabled_Callback
 .text.USBH_LL_Init
                0x0800ad30       0x78 ./USB_HOST/Target/usbh_conf.o
                0x0800ad30                USBH_LL_Init
 .text.USBH_LL_Start
                0x0800ada8       0x36 ./USB_HOST/Target/usbh_conf.o
                0x0800ada8                USBH_LL_Start
 .text.USBH_LL_Stop
                0x0800adde       0x36 ./USB_HOST/Target/usbh_conf.o
                0x0800adde                USBH_LL_Stop
 .text.USBH_LL_GetSpeed
                0x0800ae14       0x4e ./USB_HOST/Target/usbh_conf.o
                0x0800ae14                USBH_LL_GetSpeed
 .text.USBH_LL_ResetPort
                0x0800ae62       0x36 ./USB_HOST/Target/usbh_conf.o
                0x0800ae62                USBH_LL_ResetPort
 .text.USBH_LL_GetLastXferSize
                0x0800ae98       0x26 ./USB_HOST/Target/usbh_conf.o
                0x0800ae98                USBH_LL_GetLastXferSize
 .text.USBH_LL_OpenPipe
                0x0800aebe       0x5e ./USB_HOST/Target/usbh_conf.o
                0x0800aebe                USBH_LL_OpenPipe
 .text.USBH_LL_ClosePipe
                0x0800af1c       0x1a ./USB_HOST/Target/usbh_conf.o
                0x0800af1c                USBH_LL_ClosePipe
 .text.USBH_LL_SubmitURB
                0x0800af36       0x62 ./USB_HOST/Target/usbh_conf.o
                0x0800af36                USBH_LL_SubmitURB
 .text.USBH_LL_GetURBState
                0x0800af98       0x26 ./USB_HOST/Target/usbh_conf.o
                0x0800af98                USBH_LL_GetURBState
 .text.USBH_LL_DriverVBUS
                0x0800afbe       0x2e ./USB_HOST/Target/usbh_conf.o
                0x0800afbe                USBH_LL_DriverVBUS
 .text.USBH_LL_SetToggle
                0x0800afec       0x66 ./USB_HOST/Target/usbh_conf.o
                0x0800afec                USBH_LL_SetToggle
 .text.USBH_Delay
                0x0800b052       0x16 ./USB_HOST/Target/usbh_conf.o
                0x0800b052                USBH_Delay
 .text.USBH_Get_USB_Status
                0x0800b068       0x58 ./USB_HOST/Target/usbh_conf.o
                0x0800b068                USBH_Get_USB_Status
 .text.MX_DriverVbusFS
                0x0800b0c0       0x38 ./USB_HOST/Target/usbh_platform.o
                0x0800b0c0                MX_DriverVbusFS
 .text.malloc   0x0800b0f8       0x10 /home/robocon2026/ELECTO_CORE/SOFTWARE/stm32cubeide_1.9.0/plugins/com.st.stm32cube.ide.mcu.externaltools.gnu-tools-for-stm32.13.3.rel1.linux64_1.0.0.202410170706/tools/bin/../lib/gcc/arm-none-eabi/13.3.1/../../../../arm-none-eabi/lib/thumb/v7e-m+fp/hard/libc_nano.a(libc_a-malloc.o)
                0x0800b0f8                malloc
 .text.free     0x0800b108       0x10 /home/robocon2026/ELECTO_CORE/SOFTWARE/stm32cubeide_1.9.0/plugins/com.st.stm32cube.ide.mcu.externaltools.gnu-tools-for-stm32.13.3.rel1.linux64_1.0.0.202410170706/tools/bin/../lib/gcc/arm-none-eabi/13.3.1/../../../../arm-none-eabi/lib/thumb/v7e-m+fp/hard/libc_nano.a(libc_a-malloc.o)
                0x0800b108                free
 .text.sbrk_aligned
                0x0800b118       0x44 /home/robocon2026/ELECTO_CORE/SOFTWARE/stm32cubeide_1.9.0/plugins/com.st.stm32cube.ide.mcu.externaltools.gnu-tools-for-stm32.13.3.rel1.linux64_1.0.0.202410170706/tools/bin/../lib/gcc/arm-none-eabi/13.3.1/../../../../arm-none-eabi/lib/thumb/v7e-m+fp/hard/libc_nano.a(libc_a-mallocr.o)
 .text._malloc_r
                0x0800b15c      0x100 /home/robocon2026/ELECTO_CORE/SOFTWARE/stm32cubeide_1.9.0/plugins/com.st.stm32cube.ide.mcu.externaltools.gnu-tools-for-stm32.13.3.rel1.linux64_1.0.0.202410170706/tools/bin/../lib/gcc/arm-none-eabi/13.3.1/../../../../arm-none-eabi/lib/thumb/v7e-m+fp/hard/libc_nano.a(libc_a-mallocr.o)
                0x0800b15c                _malloc_r
 .text.__malloc_lock
                0x0800b25c        0xc /home/robocon2026/ELECTO_CORE/SOFTWARE/stm32cubeide_1.9.0/plugins/com.st.stm32cube.ide.mcu.externaltools.gnu-tools-for-stm32.13.3.rel1.linux64_1.0.0.202410170706/tools/bin/../lib/gcc/arm-none-eabi/13.3.1/../../../../arm-none-eabi/lib/thumb/v7e-m+fp/hard/libc_nano.a(libc_a-mlock.o)
                0x0800b25c                __malloc_lock
 .text.__malloc_unlock
                0x0800b268        0xc /home/robocon2026/ELECTO_CORE/SOFTWARE/stm32cubeide_1.9.0/plugins/com.st.stm32cube.ide.mcu.externaltools.gnu-tools-for-stm32.13.3.rel1.linux64_1.0.0.202410170706/tools/bin/../lib/gcc/arm-none-eabi/13.3.1/../../../../arm-none-eabi/lib/thumb/v7e-m+fp/hard/libc_nano.a(libc_a-mlock.o)
                0x0800b268                __malloc_unlock
 .text.__cvt    0x0800b274       0xca /home/robocon2026/ELECTO_CORE/SOFTWARE/stm32cubeide_1.9.0/plugins/com.st.stm32cube.ide.mcu.externaltools.gnu-tools-for-stm32.13.3.rel1.linux64_1.0.0.202410170706/tools/bin/../lib/gcc/arm-none-eabi/13.3.1/../../../../arm-none-eabi/lib/thumb/v7e-m+fp/hard/libc_nano.a(libc_a-nano-vfprintf_float.o)
                0x0800b274                __cvt
 .text.__exponent
                0x0800b33e       0x74 /home/robocon2026/ELECTO_CORE/SOFTWARE/stm32cubeide_1.9.0/plugins/com.st.stm32cube.ide.mcu.externaltools.gnu-tools-for-stm32.13.3.rel1.linux64_1.0.0.202410170706/tools/bin/../lib/gcc/arm-none-eabi/13.3.1/../../../../arm-none-eabi/lib/thumb/v7e-m+fp/hard/libc_nano.a(libc_a-nano-vfprintf_float.o)
                0x0800b33e                __exponent
 *fill*         0x0800b3b2        0x2 
 .text._printf_float
                0x0800b3b4      0x454 /home/robocon2026/ELECTO_CORE/SOFTWARE/stm32cubeide_1.9.0/plugins/com.st.stm32cube.ide.mcu.externaltools.gnu-tools-for-stm32.13.3.rel1.linux64_1.0.0.202410170706/tools/bin/../lib/gcc/arm-none-eabi/13.3.1/../../../../arm-none-eabi/lib/thumb/v7e-m+fp/hard/libc_nano.a(libc_a-nano-vfprintf_float.o)
                0x0800b3b4                _printf_float
 .text._printf_common
                0x0800b808       0xda /home/robocon2026/ELECTO_CORE/SOFTWARE/stm32cubeide_1.9.0/plugins/com.st.stm32cube.ide.mcu.externaltools.gnu-tools-for-stm32.13.3.rel1.linux64_1.0.0.202410170706/tools/bin/../lib/gcc/arm-none-eabi/13.3.1/../../../../arm-none-eabi/lib/thumb/v7e-m+fp/hard/libc_nano.a(libc_a-nano-vfprintf_i.o)
                0x0800b808                _printf_common
 *fill*         0x0800b8e2        0x2 
 .text._printf_i
                0x0800b8e4      0x23c /home/robocon2026/ELECTO_CORE/SOFTWARE/stm32cubeide_1.9.0/plugins/com.st.stm32cube.ide.mcu.externaltools.gnu-tools-for-stm32.13.3.rel1.linux64_1.0.0.202410170706/tools/bin/../lib/gcc/arm-none-eabi/13.3.1/../../../../arm-none-eabi/lib/thumb/v7e-m+fp/hard/libc_nano.a(libc_a-nano-vfprintf_i.o)
                0x0800b8e4                _printf_i
 .text.std      0x0800bb20       0x6c /home/robocon2026/ELECTO_CORE/SOFTWARE/stm32cubeide_1.9.0/plugins/com.st.stm32cube.ide.mcu.externaltools.gnu-tools-for-stm32.13.3.rel1.linux64_1.0.0.202410170706/tools/bin/../lib/gcc/arm-none-eabi/13.3.1/../../../../arm-none-eabi/lib/thumb/v7e-m+fp/hard/libc_nano.a(libc_a-findfp.o)
 .text.stdio_exit_handler
                0x0800bb8c       0x18 /home/robocon2026/ELECTO_CORE/SOFTWARE/stm32cubeide_1.9.0/plugins/com.st.stm32cube.ide.mcu.externaltools.gnu-tools-for-stm32.13.3.rel1.linux64_1.0.0.202410170706/tools/bin/../lib/gcc/arm-none-eabi/13.3.1/../../../../arm-none-eabi/lib/thumb/v7e-m+fp/hard/libc_nano.a(libc_a-findfp.o)
 .text.cleanup_stdio
                0x0800bba4       0x40 /home/robocon2026/ELECTO_CORE/SOFTWARE/stm32cubeide_1.9.0/plugins/com.st.stm32cube.ide.mcu.externaltools.gnu-tools-for-stm32.13.3.rel1.linux64_1.0.0.202410170706/tools/bin/../lib/gcc/arm-none-eabi/13.3.1/../../../../arm-none-eabi/lib/thumb/v7e-m+fp/hard/libc_nano.a(libc_a-findfp.o)
 .text.global_stdio_init.part.0
                0x0800bbe4       0x3c /home/robocon2026/ELECTO_CORE/SOFTWARE/stm32cubeide_1.9.0/plugins/com.st.stm32cube.ide.mcu.externaltools.gnu-tools-for-stm32.13.3.rel1.linux64_1.0.0.202410170706/tools/bin/../lib/gcc/arm-none-eabi/13.3.1/../../../../arm-none-eabi/lib/thumb/v7e-m+fp/hard/libc_nano.a(libc_a-findfp.o)
 .text.__sfp_lock_acquire
                0x0800bc20        0xc /home/robocon2026/ELECTO_CORE/SOFTWARE/stm32cubeide_1.9.0/plugins/com.st.stm32cube.ide.mcu.externaltools.gnu-tools-for-stm32.13.3.rel1.linux64_1.0.0.202410170706/tools/bin/../lib/gcc/arm-none-eabi/13.3.1/../../../../arm-none-eabi/lib/thumb/v7e-m+fp/hard/libc_nano.a(libc_a-findfp.o)
                0x0800bc20                __sfp_lock_acquire
 .text.__sfp_lock_release
                0x0800bc2c        0xc /home/robocon2026/ELECTO_CORE/SOFTWARE/stm32cubeide_1.9.0/plugins/com.st.stm32cube.ide.mcu.externaltools.gnu-tools-for-stm32.13.3.rel1.linux64_1.0.0.202410170706/tools/bin/../lib/gcc/arm-none-eabi/13.3.1/../../../../arm-none-eabi/lib/thumb/v7e-m+fp/hard/libc_nano.a(libc_a-findfp.o)
                0x0800bc2c                __sfp_lock_release
 .text.__sinit  0x0800bc38       0x30 /home/robocon2026/ELECTO_CORE/SOFTWARE/stm32cubeide_1.9.0/plugins/com.st.stm32cube.ide.mcu.externaltools.gnu-tools-for-stm32.13.3.rel1.linux64_1.0.0.202410170706/tools/bin/../lib/gcc/arm-none-eabi/13.3.1/../../../../arm-none-eabi/lib/thumb/v7e-m+fp/hard/libc_nano.a(libc_a-findfp.o)
                0x0800bc38                __sinit
 .text._fwalk_sglue
                0x0800bc68       0x3c /home/robocon2026/ELECTO_CORE/SOFTWARE/stm32cubeide_1.9.0/plugins/com.st.stm32cube.ide.mcu.externaltools.gnu-tools-for-stm32.13.3.rel1.linux64_1.0.0.202410170706/tools/bin/../lib/gcc/arm-none-eabi/13.3.1/../../../../arm-none-eabi/lib/thumb/v7e-m+fp/hard/libc_nano.a(libc_a-fwalk.o)
                0x0800bc68                _fwalk_sglue
 .text._puts_r  0x0800bca4       0xaa /home/robocon2026/ELECTO_CORE/SOFTWARE/stm32cubeide_1.9.0/plugins/com.st.stm32cube.ide.mcu.externaltools.gnu-tools-for-stm32.13.3.rel1.linux64_1.0.0.202410170706/tools/bin/../lib/gcc/arm-none-eabi/13.3.1/../../../../arm-none-eabi/lib/thumb/v7e-m+fp/hard/libc_nano.a(libc_a-puts.o)
                0x0800bca4                _puts_r
 *fill*         0x0800bd4e        0x2 
 .text.puts     0x0800bd50       0x10 /home/robocon2026/ELECTO_CORE/SOFTWARE/stm32cubeide_1.9.0/plugins/com.st.stm32cube.ide.mcu.externaltools.gnu-tools-for-stm32.13.3.rel1.linux64_1.0.0.202410170706/tools/bin/../lib/gcc/arm-none-eabi/13.3.1/../../../../arm-none-eabi/lib/thumb/v7e-m+fp/hard/libc_nano.a(libc_a-puts.o)
                0x0800bd50                puts
 .text.__sread  0x0800bd60       0x22 /home/robocon2026/ELECTO_CORE/SOFTWARE/stm32cubeide_1.9.0/plugins/com.st.stm32cube.ide.mcu.externaltools.gnu-tools-for-stm32.13.3.rel1.linux64_1.0.0.202410170706/tools/bin/../lib/gcc/arm-none-eabi/13.3.1/../../../../arm-none-eabi/lib/thumb/v7e-m+fp/hard/libc_nano.a(libc_a-stdio.o)
                0x0800bd60                __sread
 .text.__swrite
                0x0800bd82       0x38 /home/robocon2026/ELECTO_CORE/SOFTWARE/stm32cubeide_1.9.0/plugins/com.st.stm32cube.ide.mcu.externaltools.gnu-tools-for-stm32.13.3.rel1.linux64_1.0.0.202410170706/tools/bin/../lib/gcc/arm-none-eabi/13.3.1/../../../../arm-none-eabi/lib/thumb/v7e-m+fp/hard/libc_nano.a(libc_a-stdio.o)
                0x0800bd82                __swrite
 .text.__sseek  0x0800bdba       0x24 /home/robocon2026/ELECTO_CORE/SOFTWARE/stm32cubeide_1.9.0/plugins/com.st.stm32cube.ide.mcu.externaltools.gnu-tools-for-stm32.13.3.rel1.linux64_1.0.0.202410170706/tools/bin/../lib/gcc/arm-none-eabi/13.3.1/../../../../arm-none-eabi/lib/thumb/v7e-m+fp/hard/libc_nano.a(libc_a-stdio.o)
                0x0800bdba                __sseek
 .text.__sclose
                0x0800bdde        0x8 /home/robocon2026/ELECTO_CORE/SOFTWARE/stm32cubeide_1.9.0/plugins/com.st.stm32cube.ide.mcu.externaltools.gnu-tools-for-stm32.13.3.rel1.linux64_1.0.0.202410170706/tools/bin/../lib/gcc/arm-none-eabi/13.3.1/../../../../arm-none-eabi/lib/thumb/v7e-m+fp/hard/libc_nano.a(libc_a-stdio.o)
                0x0800bdde                __sclose
 .text.__swbuf_r
                0x0800bde6       0x7c /home/robocon2026/ELECTO_CORE/SOFTWARE/stm32cubeide_1.9.0/plugins/com.st.stm32cube.ide.mcu.externaltools.gnu-tools-for-stm32.13.3.rel1.linux64_1.0.0.202410170706/tools/bin/../lib/gcc/arm-none-eabi/13.3.1/../../../../arm-none-eabi/lib/thumb/v7e-m+fp/hard/libc_nano.a(libc_a-wbuf.o)
                0x0800bde6                __swbuf_r
 *fill*         0x0800be62        0x2 
 .text.__swsetup_r
                0x0800be64       0xac /home/robocon2026/ELECTO_CORE/SOFTWARE/stm32cubeide_1.9.0/plugins/com.st.stm32cube.ide.mcu.externaltools.gnu-tools-for-stm32.13.3.rel1.linux64_1.0.0.202410170706/tools/bin/../lib/gcc/arm-none-eabi/13.3.1/../../../../arm-none-eabi/lib/thumb/v7e-m+fp/hard/libc_nano.a(libc_a-wsetup.o)
                0x0800be64                __swsetup_r
 .text.memset   0x0800bf10       0x10 /home/robocon2026/ELECTO_CORE/SOFTWARE/stm32cubeide_1.9.0/plugins/com.st.stm32cube.ide.mcu.externaltools.gnu-tools-for-stm32.13.3.rel1.linux64_1.0.0.202410170706/tools/bin/../lib/gcc/arm-none-eabi/13.3.1/../../../../arm-none-eabi/lib/thumb/v7e-m+fp/hard/libc_nano.a(libc_a-memset.o)
                0x0800bf10                memset
 .text._localeconv_r
                0x0800bf20        0x8 /home/robocon2026/ELECTO_CORE/SOFTWARE/stm32cubeide_1.9.0/plugins/com.st.stm32cube.ide.mcu.externaltools.gnu-tools-for-stm32.13.3.rel1.linux64_1.0.0.202410170706/tools/bin/../lib/gcc/arm-none-eabi/13.3.1/../../../../arm-none-eabi/lib/thumb/v7e-m+fp/hard/libc_nano.a(libc_a-localeconv.o)
                0x0800bf20                _localeconv_r
 .text._close_r
                0x0800bf28       0x20 /home/robocon2026/ELECTO_CORE/SOFTWARE/stm32cubeide_1.9.0/plugins/com.st.stm32cube.ide.mcu.externaltools.gnu-tools-for-stm32.13.3.rel1.linux64_1.0.0.202410170706/tools/bin/../lib/gcc/arm-none-eabi/13.3.1/../../../../arm-none-eabi/lib/thumb/v7e-m+fp/hard/libc_nano.a(libc_a-closer.o)
                0x0800bf28                _close_r
 .text._lseek_r
                0x0800bf48       0x24 /home/robocon2026/ELECTO_CORE/SOFTWARE/stm32cubeide_1.9.0/plugins/com.st.stm32cube.ide.mcu.externaltools.gnu-tools-for-stm32.13.3.rel1.linux64_1.0.0.202410170706/tools/bin/../lib/gcc/arm-none-eabi/13.3.1/../../../../arm-none-eabi/lib/thumb/v7e-m+fp/hard/libc_nano.a(libc_a-lseekr.o)
                0x0800bf48                _lseek_r
 .text._read_r  0x0800bf6c       0x24 /home/robocon2026/ELECTO_CORE/SOFTWARE/stm32cubeide_1.9.0/plugins/com.st.stm32cube.ide.mcu.externaltools.gnu-tools-for-stm32.13.3.rel1.linux64_1.0.0.202410170706/tools/bin/../lib/gcc/arm-none-eabi/13.3.1/../../../../arm-none-eabi/lib/thumb/v7e-m+fp/hard/libc_nano.a(libc_a-readr.o)
                0x0800bf6c                _read_r
 .text._sbrk_r  0x0800bf90       0x20 /home/robocon2026/ELECTO_CORE/SOFTWARE/stm32cubeide_1.9.0/plugins/com.st.stm32cube.ide.mcu.externaltools.gnu-tools-for-stm32.13.3.rel1.linux64_1.0.0.202410170706/tools/bin/../lib/gcc/arm-none-eabi/13.3.1/../../../../arm-none-eabi/lib/thumb/v7e-m+fp/hard/libc_nano.a(libc_a-sbrkr.o)
                0x0800bf90                _sbrk_r
 .text._write_r
                0x0800bfb0       0x24 /home/robocon2026/ELECTO_CORE/SOFTWARE/stm32cubeide_1.9.0/plugins/com.st.stm32cube.ide.mcu.externaltools.gnu-tools-for-stm32.13.3.rel1.linux64_1.0.0.202410170706/tools/bin/../lib/gcc/arm-none-eabi/13.3.1/../../../../arm-none-eabi/lib/thumb/v7e-m+fp/hard/libc_nano.a(libc_a-writer.o)
                0x0800bfb0                _write_r
 .text.__errno  0x0800bfd4        0xc /home/robocon2026/ELECTO_CORE/SOFTWARE/stm32cubeide_1.9.0/plugins/com.st.stm32cube.ide.mcu.externaltools.gnu-tools-for-stm32.13.3.rel1.linux64_1.0.0.202410170706/tools/bin/../lib/gcc/arm-none-eabi/13.3.1/../../../../arm-none-eabi/lib/thumb/v7e-m+fp/hard/libc_nano.a(libc_a-errno.o)
                0x0800bfd4                __errno
 .text.__libc_init_array
                0x0800bfe0       0x48 /home/robocon2026/ELECTO_CORE/SOFTWARE/stm32cubeide_1.9.0/plugins/com.st.stm32cube.ide.mcu.externaltools.gnu-tools-for-stm32.13.3.rel1.linux64_1.0.0.202410170706/tools/bin/../lib/gcc/arm-none-eabi/13.3.1/../../../../arm-none-eabi/lib/thumb/v7e-m+fp/hard/libc_nano.a(libc_a-init.o)
                0x0800bfe0                __libc_init_array
 .text.__retarget_lock_init_recursive
                0x0800c028        0x2 /home/robocon2026/ELECTO_CORE/SOFTWARE/stm32cubeide_1.9.0/plugins/com.st.stm32cube.ide.mcu.externaltools.gnu-tools-for-stm32.13.3.rel1.linux64_1.0.0.202410170706/tools/bin/../lib/gcc/arm-none-eabi/13.3.1/../../../../arm-none-eabi/lib/thumb/v7e-m+fp/hard/libc_nano.a(libc_a-lock.o)
                0x0800c028                __retarget_lock_init_recursive
 .text.__retarget_lock_acquire_recursive
                0x0800c02a        0x2 /home/robocon2026/ELECTO_CORE/SOFTWARE/stm32cubeide_1.9.0/plugins/com.st.stm32cube.ide.mcu.externaltools.gnu-tools-for-stm32.13.3.rel1.linux64_1.0.0.202410170706/tools/bin/../lib/gcc/arm-none-eabi/13.3.1/../../../../arm-none-eabi/lib/thumb/v7e-m+fp/hard/libc_nano.a(libc_a-lock.o)
                0x0800c02a                __retarget_lock_acquire_recursive
 .text.__retarget_lock_release_recursive
                0x0800c02c        0x2 /home/robocon2026/ELECTO_CORE/SOFTWARE/stm32cubeide_1.9.0/plugins/com.st.stm32cube.ide.mcu.externaltools.gnu-tools-for-stm32.13.3.rel1.linux64_1.0.0.202410170706/tools/bin/../lib/gcc/arm-none-eabi/13.3.1/../../../../arm-none-eabi/lib/thumb/v7e-m+fp/hard/libc_nano.a(libc_a-lock.o)
                0x0800c02c                __retarget_lock_release_recursive
 .text.quorem   0x0800c02e      0x110 /home/robocon2026/ELECTO_CORE/SOFTWARE/stm32cubeide_1.9.0/plugins/com.st.stm32cube.ide.mcu.externaltools.gnu-tools-for-stm32.13.3.rel1.linux64_1.0.0.202410170706/tools/bin/../lib/gcc/arm-none-eabi/13.3.1/../../../../arm-none-eabi/lib/thumb/v7e-m+fp/hard/libc_nano.a(libc_a-dtoa.o)
 *fill*         0x0800c13e        0x2 
 .text._dtoa_r  0x0800c140      0xba0 /home/robocon2026/ELECTO_CORE/SOFTWARE/stm32cubeide_1.9.0/plugins/com.st.stm32cube.ide.mcu.externaltools.gnu-tools-for-stm32.13.3.rel1.linux64_1.0.0.202410170706/tools/bin/../lib/gcc/arm-none-eabi/13.3.1/../../../../arm-none-eabi/lib/thumb/v7e-m+fp/hard/libc_nano.a(libc_a-dtoa.o)
                0x0800c140                _dtoa_r
 .text._free_r  0x0800cce0       0x94 /home/robocon2026/ELECTO_CORE/SOFTWARE/stm32cubeide_1.9.0/plugins/com.st.stm32cube.ide.mcu.externaltools.gnu-tools-for-stm32.13.3.rel1.linux64_1.0.0.202410170706/tools/bin/../lib/gcc/arm-none-eabi/13.3.1/../../../../arm-none-eabi/lib/thumb/v7e-m+fp/hard/libc_nano.a(libc_a-freer.o)
                0x0800cce0                _free_r
 .text._Balloc  0x0800cd74       0x80 /home/robocon2026/ELECTO_CORE/SOFTWARE/stm32cubeide_1.9.0/plugins/com.st.stm32cube.ide.mcu.externaltools.gnu-tools-for-stm32.13.3.rel1.linux64_1.0.0.202410170706/tools/bin/../lib/gcc/arm-none-eabi/13.3.1/../../../../arm-none-eabi/lib/thumb/v7e-m+fp/hard/libc_nano.a(libc_a-mprec.o)
                0x0800cd74                _Balloc
 .text._Bfree   0x0800cdf4       0x44 /home/robocon2026/ELECTO_CORE/SOFTWARE/stm32cubeide_1.9.0/plugins/com.st.stm32cube.ide.mcu.externaltools.gnu-tools-for-stm32.13.3.rel1.linux64_1.0.0.202410170706/tools/bin/../lib/gcc/arm-none-eabi/13.3.1/../../../../arm-none-eabi/lib/thumb/v7e-m+fp/hard/libc_nano.a(libc_a-mprec.o)
                0x0800cdf4                _Bfree
 .text.__multadd
                0x0800ce38       0x8c /home/robocon2026/ELECTO_CORE/SOFTWARE/stm32cubeide_1.9.0/plugins/com.st.stm32cube.ide.mcu.externaltools.gnu-tools-for-stm32.13.3.rel1.linux64_1.0.0.202410170706/tools/bin/../lib/gcc/arm-none-eabi/13.3.1/../../../../arm-none-eabi/lib/thumb/v7e-m+fp/hard/libc_nano.a(libc_a-mprec.o)
                0x0800ce38                __multadd
 .text.__hi0bits
                0x0800cec4       0x3e /home/robocon2026/ELECTO_CORE/SOFTWARE/stm32cubeide_1.9.0/plugins/com.st.stm32cube.ide.mcu.externaltools.gnu-tools-for-stm32.13.3.rel1.linux64_1.0.0.202410170706/tools/bin/../lib/gcc/arm-none-eabi/13.3.1/../../../../arm-none-eabi/lib/thumb/v7e-m+fp/hard/libc_nano.a(libc_a-mprec.o)
                0x0800cec4                __hi0bits
 .text.__lo0bits
                0x0800cf02       0x5a /home/robocon2026/ELECTO_CORE/SOFTWARE/stm32cubeide_1.9.0/plugins/com.st.stm32cube.ide.mcu.externaltools.gnu-tools-for-stm32.13.3.rel1.linux64_1.0.0.202410170706/tools/bin/../lib/gcc/arm-none-eabi/13.3.1/../../../../arm-none-eabi/lib/thumb/v7e-m+fp/hard/libc_nano.a(libc_a-mprec.o)
                0x0800cf02                __lo0bits
 .text.__i2b    0x0800cf5c       0x2c /home/robocon2026/ELECTO_CORE/SOFTWARE/stm32cubeide_1.9.0/plugins/com.st.stm32cube.ide.mcu.externaltools.gnu-tools-for-stm32.13.3.rel1.linux64_1.0.0.202410170706/tools/bin/../lib/gcc/arm-none-eabi/13.3.1/../../../../arm-none-eabi/lib/thumb/v7e-m+fp/hard/libc_nano.a(libc_a-mprec.o)
                0x0800cf5c                __i2b
 .text.__multiply
                0x0800cf88      0x144 /home/robocon2026/ELECTO_CORE/SOFTWARE/stm32cubeide_1.9.0/plugins/com.st.stm32cube.ide.mcu.externaltools.gnu-tools-for-stm32.13.3.rel1.linux64_1.0.0.202410170706/tools/bin/../lib/gcc/arm-none-eabi/13.3.1/../../../../arm-none-eabi/lib/thumb/v7e-m+fp/hard/libc_nano.a(libc_a-mprec.o)
                0x0800cf88                __multiply
 .text.__pow5mult
                0x0800d0cc       0xb4 /home/robocon2026/ELECTO_CORE/SOFTWARE/stm32cubeide_1.9.0/plugins/com.st.stm32cube.ide.mcu.externaltools.gnu-tools-for-stm32.13.3.rel1.linux64_1.0.0.202410170706/tools/bin/../lib/gcc/arm-none-eabi/13.3.1/../../../../arm-none-eabi/lib/thumb/v7e-m+fp/hard/libc_nano.a(libc_a-mprec.o)
                0x0800d0cc                __pow5mult
 .text.__lshift
                0x0800d180       0xd8 /home/robocon2026/ELECTO_CORE/SOFTWARE/stm32cubeide_1.9.0/plugins/com.st.stm32cube.ide.mcu.externaltools.gnu-tools-for-stm32.13.3.rel1.linux64_1.0.0.202410170706/tools/bin/../lib/gcc/arm-none-eabi/13.3.1/../../../../arm-none-eabi/lib/thumb/v7e-m+fp/hard/libc_nano.a(libc_a-mprec.o)
                0x0800d180                __lshift
 .text.__mcmp   0x0800d258       0x36 /home/robocon2026/ELECTO_CORE/SOFTWARE/stm32cubeide_1.9.0/plugins/com.st.stm32cube.ide.mcu.externaltools.gnu-tools-for-stm32.13.3.rel1.linux64_1.0.0.202410170706/tools/bin/../lib/gcc/arm-none-eabi/13.3.1/../../../../arm-none-eabi/lib/thumb/v7e-m+fp/hard/libc_nano.a(libc_a-mprec.o)
                0x0800d258                __mcmp
 *fill*         0x0800d28e        0x2 
 .text.__mdiff  0x0800d290      0x128 /home/robocon2026/ELECTO_CORE/SOFTWARE/stm32cubeide_1.9.0/plugins/com.st.stm32cube.ide.mcu.externaltools.gnu-tools-for-stm32.13.3.rel1.linux64_1.0.0.202410170706/tools/bin/../lib/gcc/arm-none-eabi/13.3.1/../../../../arm-none-eabi/lib/thumb/v7e-m+fp/hard/libc_nano.a(libc_a-mprec.o)
                0x0800d290                __mdiff
 .text.__d2b    0x0800d3b8       0xb0 /home/robocon2026/ELECTO_CORE/SOFTWARE/stm32cubeide_1.9.0/plugins/com.st.stm32cube.ide.mcu.externaltools.gnu-tools-for-stm32.13.3.rel1.linux64_1.0.0.202410170706/tools/bin/../lib/gcc/arm-none-eabi/13.3.1/../../../../arm-none-eabi/lib/thumb/v7e-m+fp/hard/libc_nano.a(libc_a-mprec.o)
                0x0800d3b8                __d2b
 .text.__sfputc_r
                0x0800d468       0x2e /home/robocon2026/ELECTO_CORE/SOFTWARE/stm32cubeide_1.9.0/plugins/com.st.stm32cube.ide.mcu.externaltools.gnu-tools-for-stm32.13.3.rel1.linux64_1.0.0.202410170706/tools/bin/../lib/gcc/arm-none-eabi/13.3.1/../../../../arm-none-eabi/lib/thumb/v7e-m+fp/hard/libc_nano.a(libc_a-nano-vfprintf.o)
 .text.__sfputs_r
                0x0800d496       0x24 /home/robocon2026/ELECTO_CORE/SOFTWARE/stm32cubeide_1.9.0/plugins/com.st.stm32cube.ide.mcu.externaltools.gnu-tools-for-stm32.13.3.rel1.linux64_1.0.0.202410170706/tools/bin/../lib/gcc/arm-none-eabi/13.3.1/../../../../arm-none-eabi/lib/thumb/v7e-m+fp/hard/libc_nano.a(libc_a-nano-vfprintf.o)
                0x0800d496                __sfputs_r
 *fill*         0x0800d4ba        0x2 
 .text._vfprintf_r
                0x0800d4bc      0x230 /home/robocon2026/ELECTO_CORE/SOFTWARE/stm32cubeide_1.9.0/plugins/com.st.stm32cube.ide.mcu.externaltools.gnu-tools-for-stm32.13.3.rel1.linux64_1.0.0.202410170706/tools/bin/../lib/gcc/arm-none-eabi/13.3.1/../../../../arm-none-eabi/lib/thumb/v7e-m+fp/hard/libc_nano.a(libc_a-nano-vfprintf.o)
                0x0800d4bc                _vfiprintf_r
                0x0800d4bc                _vfprintf_r
 .text.__sflush_r
                0x0800d6ec      0x108 /home/robocon2026/ELECTO_CORE/SOFTWARE/stm32cubeide_1.9.0/plugins/com.st.stm32cube.ide.mcu.externaltools.gnu-tools-for-stm32.13.3.rel1.linux64_1.0.0.202410170706/tools/bin/../lib/gcc/arm-none-eabi/13.3.1/../../../../arm-none-eabi/lib/thumb/v7e-m+fp/hard/libc_nano.a(libc_a-fflush.o)
                0x0800d6ec                __sflush_r
 .text._fflush_r
                0x0800d7f4       0x50 /home/robocon2026/ELECTO_CORE/SOFTWARE/stm32cubeide_1.9.0/plugins/com.st.stm32cube.ide.mcu.externaltools.gnu-tools-for-stm32.13.3.rel1.linux64_1.0.0.202410170706/tools/bin/../lib/gcc/arm-none-eabi/13.3.1/../../../../arm-none-eabi/lib/thumb/v7e-m+fp/hard/libc_nano.a(libc_a-fflush.o)
                0x0800d7f4                _fflush_r
 .text.__swhatbuf_r
                0x0800d844       0x4c /home/robocon2026/ELECTO_CORE/SOFTWARE/stm32cubeide_1.9.0/plugins/com.st.stm32cube.ide.mcu.externaltools.gnu-tools-for-stm32.13.3.rel1.linux64_1.0.0.202410170706/tools/bin/../lib/gcc/arm-none-eabi/13.3.1/../../../../arm-none-eabi/lib/thumb/v7e-m+fp/hard/libc_nano.a(libc_a-makebuf.o)
                0x0800d844                __swhatbuf_r
 .text.__smakebuf_r
                0x0800d890       0x78 /home/robocon2026/ELECTO_CORE/SOFTWARE/stm32cubeide_1.9.0/plugins/com.st.stm32cube.ide.mcu.externaltools.gnu-tools-for-stm32.13.3.rel1.linux64_1.0.0.202410170706/tools/bin/../lib/gcc/arm-none-eabi/13.3.1/../../../../arm-none-eabi/lib/thumb/v7e-m+fp/hard/libc_nano.a(libc_a-makebuf.o)
                0x0800d890                __smakebuf_r
 .text._fstat_r
                0x0800d908       0x24 /home/robocon2026/ELECTO_CORE/SOFTWARE/stm32cubeide_1.9.0/plugins/com.st.stm32cube.ide.mcu.externaltools.gnu-tools-for-stm32.13.3.rel1.linux64_1.0.0.202410170706/tools/bin/../lib/gcc/arm-none-eabi/13.3.1/../../../../arm-none-eabi/lib/thumb/v7e-m+fp/hard/libc_nano.a(libc_a-fstatr.o)
                0x0800d908                _fstat_r
 .text._isatty_r
                0x0800d92c       0x20 /home/robocon2026/ELECTO_CORE/SOFTWARE/stm32cubeide_1.9.0/plugins/com.st.stm32cube.ide.mcu.externaltools.gnu-tools-for-stm32.13.3.rel1.linux64_1.0.0.202410170706/tools/bin/../lib/gcc/arm-none-eabi/13.3.1/../../../../arm-none-eabi/lib/thumb/v7e-m+fp/hard/libc_nano.a(libc_a-isattyr.o)
                0x0800d92c                _isatty_r
 .text.memcpy   0x0800d94c       0x1c /home/robocon2026/ELECTO_CORE/SOFTWARE/stm32cubeide_1.9.0/plugins/com.st.stm32cube.ide.mcu.externaltools.gnu-tools-for-stm32.13.3.rel1.linux64_1.0.0.202410170706/tools/bin/../lib/gcc/arm-none-eabi/13.3.1/../../../../arm-none-eabi/lib/thumb/v7e-m+fp/hard/libc_nano.a(libc_a-memcpy-stub.o)
                0x0800d94c                memcpy
 .text.__assert_func
                0x0800d968       0x3c /home/robocon2026/ELECTO_CORE/SOFTWARE/stm32cubeide_1.9.0/plugins/com.st.stm32cube.ide.mcu.externaltools.gnu-tools-for-stm32.13.3.rel1.linux64_1.0.0.202410170706/tools/bin/../lib/gcc/arm-none-eabi/13.3.1/../../../../arm-none-eabi/lib/thumb/v7e-m+fp/hard/libc_nano.a(libc_a-assert.o)
                0x0800d968                __assert_func
 .text._calloc_r
                0x0800d9a4       0x28 /home/robocon2026/ELECTO_CORE/SOFTWARE/stm32cubeide_1.9.0/plugins/com.st.stm32cube.ide.mcu.externaltools.gnu-tools-for-stm32.13.3.rel1.linux64_1.0.0.202410170706/tools/bin/../lib/gcc/arm-none-eabi/13.3.1/../../../../arm-none-eabi/lib/thumb/v7e-m+fp/hard/libc_nano.a(libc_a-callocr.o)
                0x0800d9a4                _calloc_r
 .text.__ascii_mbtowc
                0x0800d9cc       0x24 /home/robocon2026/ELECTO_CORE/SOFTWARE/stm32cubeide_1.9.0/plugins/com.st.stm32cube.ide.mcu.externaltools.gnu-tools-for-stm32.13.3.rel1.linux64_1.0.0.202410170706/tools/bin/../lib/gcc/arm-none-eabi/13.3.1/../../../../arm-none-eabi/lib/thumb/v7e-m+fp/hard/libc_nano.a(libc_a-mbtowc_r.o)
                0x0800d9cc                __ascii_mbtowc
 .text.__ascii_wctomb
                0x0800d9f0       0x1a /home/robocon2026/ELECTO_CORE/SOFTWARE/stm32cubeide_1.9.0/plugins/com.st.stm32cube.ide.mcu.externaltools.gnu-tools-for-stm32.13.3.rel1.linux64_1.0.0.202410170706/tools/bin/../lib/gcc/arm-none-eabi/13.3.1/../../../../arm-none-eabi/lib/thumb/v7e-m+fp/hard/libc_nano.a(libc_a-wctomb_r.o)
                0x0800d9f0                __ascii_wctomb
 *fill*         0x0800da0a        0x2 
 .text.fprintf  0x0800da0c       0x24 /home/robocon2026/ELECTO_CORE/SOFTWARE/stm32cubeide_1.9.0/plugins/com.st.stm32cube.ide.mcu.externaltools.gnu-tools-for-stm32.13.3.rel1.linux64_1.0.0.202410170706/tools/bin/../lib/gcc/arm-none-eabi/13.3.1/../../../../arm-none-eabi/lib/thumb/v7e-m+fp/hard/libc_nano.a(libc_a-fprintf.o)
                0x0800da0c                fprintf
                0x0800da0c                fiprintf
 .text.abort    0x0800da30        0xe /home/robocon2026/ELECTO_CORE/SOFTWARE/stm32cubeide_1.9.0/plugins/com.st.stm32cube.ide.mcu.externaltools.gnu-tools-for-stm32.13.3.rel1.linux64_1.0.0.202410170706/tools/bin/../lib/gcc/arm-none-eabi/13.3.1/../../../../arm-none-eabi/lib/thumb/v7e-m+fp/hard/libc_nano.a(libc_a-abort.o)
                0x0800da30                abort
 .text._raise_r
                0x0800da3e       0x50 /home/robocon2026/ELECTO_CORE/SOFTWARE/stm32cubeide_1.9.0/plugins/com.st.stm32cube.ide.mcu.externaltools.gnu-tools-for-stm32.13.3.rel1.linux64_1.0.0.202410170706/tools/bin/../lib/gcc/arm-none-eabi/13.3.1/../../../../arm-none-eabi/lib/thumb/v7e-m+fp/hard/libc_nano.a(libc_a-signal.o)
                0x0800da3e                _raise_r
 *fill*         0x0800da8e        0x2 
 .text.raise    0x0800da90       0x10 /home/robocon2026/ELECTO_CORE/SOFTWARE/stm32cubeide_1.9.0/plugins/com.st.stm32cube.ide.mcu.externaltools.gnu-tools-for-stm32.13.3.rel1.linux64_1.0.0.202410170706/tools/bin/../lib/gcc/arm-none-eabi/13.3.1/../../../../arm-none-eabi/lib/thumb/v7e-m+fp/hard/libc_nano.a(libc_a-signal.o)
                0x0800da90                raise
 .text._kill_r  0x0800daa0       0x24 /home/robocon2026/ELECTO_CORE/SOFTWARE/stm32cubeide_1.9.0/plugins/com.st.stm32cube.ide.mcu.externaltools.gnu-tools-for-stm32.13.3.rel1.linux64_1.0.0.202410170706/tools/bin/../lib/gcc/arm-none-eabi/13.3.1/../../../../arm-none-eabi/lib/thumb/v7e-m+fp/hard/libc_nano.a(libc_a-signalr.o)
                0x0800daa0                _kill_r
 .text._getpid_r
                0x0800dac4        0x4 /home/robocon2026/ELECTO_CORE/SOFTWARE/stm32cubeide_1.9.0/plugins/com.st.stm32cube.ide.mcu.externaltools.gnu-tools-for-stm32.13.3.rel1.linux64_1.0.0.202410170706/tools/bin/../lib/gcc/arm-none-eabi/13.3.1/../../../../arm-none-eabi/lib/thumb/v7e-m+fp/hard/libc_nano.a(libc_a-signalr.o)
                0x0800dac4                _getpid_r
 *(.glue_7)
 .glue_7        0x0800dac8        0x0 linker stubs
 *(.glue_7t)
 .glue_7t       0x0800dac8        0x0 linker stubs
 *(.eh_frame)
 .eh_frame      0x0800dac8        0x0 /home/robocon2026/ELECTO_CORE/SOFTWARE/stm32cubeide_1.9.0/plugins/com.st.stm32cube.ide.mcu.externaltools.gnu-tools-for-stm32.13.3.rel1.linux64_1.0.0.202410170706/tools/bin/../lib/gcc/arm-none-eabi/13.3.1/thumb/v7e-m+fp/hard/crtbegin.o
 *(.init)
 .init          0x0800dac8        0x4 /home/robocon2026/ELECTO_CORE/SOFTWARE/stm32cubeide_1.9.0/plugins/com.st.stm32cube.ide.mcu.externaltools.gnu-tools-for-stm32.13.3.rel1.linux64_1.0.0.202410170706/tools/bin/../lib/gcc/arm-none-eabi/13.3.1/thumb/v7e-m+fp/hard/crti.o
                0x0800dac8                _init
 .init          0x0800dacc        0x8 /home/robocon2026/ELECTO_CORE/SOFTWARE/stm32cubeide_1.9.0/plugins/com.st.stm32cube.ide.mcu.externaltools.gnu-tools-for-stm32.13.3.rel1.linux64_1.0.0.202410170706/tools/bin/../lib/gcc/arm-none-eabi/13.3.1/thumb/v7e-m+fp/hard/crtn.o
 *(.fini)
 .fini          0x0800dad4        0x4 /home/robocon2026/ELECTO_CORE/SOFTWARE/stm32cubeide_1.9.0/plugins/com.st.stm32cube.ide.mcu.externaltools.gnu-tools-for-stm32.13.3.rel1.linux64_1.0.0.202410170706/tools/bin/../lib/gcc/arm-none-eabi/13.3.1/thumb/v7e-m+fp/hard/crti.o
                0x0800dad4                _fini
 .fini          0x0800dad8        0x8 /home/robocon2026/ELECTO_CORE/SOFTWARE/stm32cubeide_1.9.0/plugins/com.st.stm32cube.ide.mcu.externaltools.gnu-tools-for-stm32.13.3.rel1.linux64_1.0.0.202410170706/tools/bin/../lib/gcc/arm-none-eabi/13.3.1/thumb/v7e-m+fp/hard/crtn.o
                0x0800dae0                        . = ALIGN (0x4)
                0x0800dae0                        _etext = .

.vfp11_veneer   0x0800dae0        0x0
 .vfp11_veneer  0x0800dae0        0x0 linker stubs

.v4_bx          0x0800dae0        0x0
 .v4_bx         0x0800dae0        0x0 linker stubs

.iplt           0x0800dae0        0x0
 .iplt          0x0800dae0        0x0 /home/robocon2026/ELECTO_CORE/SOFTWARE/stm32cubeide_1.9.0/plugins/com.st.stm32cube.ide.mcu.externaltools.gnu-tools-for-stm32.13.3.rel1.linux64_1.0.0.202410170706/tools/bin/../lib/gcc/arm-none-eabi/13.3.1/thumb/v7e-m+fp/hard/crtbegin.o

.rodata         0x0800dae0      0x41c
                0x0800dae0                        . = ALIGN (0x4)
 *(.rodata)
 .rodata        0x0800dae0        0xc ./Core/Src/main.o
 .rodata        0x0800daec       0x7f ./Core/Src/user.o
 *fill*         0x0800db6b        0x1 
 .rodata        0x0800db6c        0x4 ./Middlewares/ST/STM32_USB_Host_Library/Class/CDC/Src/usbh_cdc.o
 *(.rodata*)
 .rodata.AHBPrescTable
                0x0800db70       0x10 ./Core/Src/system_stm32f4xx.o
                0x0800db70                AHBPrescTable
 .rodata.APBPrescTable
                0x0800db80        0x8 ./Core/Src/system_stm32f4xx.o
                0x0800db80                APBPrescTable
 .rodata._printf_float.str1.1
                0x0800db88      0x171 /home/robocon2026/ELECTO_CORE/SOFTWARE/stm32cubeide_1.9.0/plugins/com.st.stm32cube.ide.mcu.externaltools.gnu-tools-for-stm32.13.3.rel1.linux64_1.0.0.202410170706/tools/bin/../lib/gcc/arm-none-eabi/13.3.1/../../../../arm-none-eabi/lib/thumb/v7e-m+fp/hard/libc_nano.a(libc_a-nano-vfprintf_float.o)
                                 0x12 (size before relaxing)
 .rodata._printf_i.str1.1
                0x0800dcf9       0x22 /home/robocon2026/ELECTO_CORE/SOFTWARE/stm32cubeide_1.9.0/plugins/com.st.stm32cube.ide.mcu.externaltools.gnu-tools-for-stm32.13.3.rel1.linux64_1.0.0.202410170706/tools/bin/../lib/gcc/arm-none-eabi/13.3.1/../../../../arm-none-eabi/lib/thumb/v7e-m+fp/hard/libc_nano.a(libc_a-nano-vfprintf_i.o)
 .rodata._dtoa_r.str1.1
                0x0800dcf9       0x8f /home/robocon2026/ELECTO_CORE/SOFTWARE/stm32cubeide_1.9.0/plugins/com.st.stm32cube.ide.mcu.externaltools.gnu-tools-for-stm32.13.3.rel1.linux64_1.0.0.202410170706/tools/bin/../lib/gcc/arm-none-eabi/13.3.1/../../../../arm-none-eabi/lib/thumb/v7e-m+fp/hard/libc_nano.a(libc_a-dtoa.o)
 .rodata._Balloc.str1.1
                0x0800dcf9       0x70 /home/robocon2026/ELECTO_CORE/SOFTWARE/stm32cubeide_1.9.0/plugins/com.st.stm32cube.ide.mcu.externaltools.gnu-tools-for-stm32.13.3.rel1.linux64_1.0.0.202410170706/tools/bin/../lib/gcc/arm-none-eabi/13.3.1/../../../../arm-none-eabi/lib/thumb/v7e-m+fp/hard/libc_nano.a(libc_a-mprec.o)
 .rodata.__multadd.str1.1
                0x0800dcf9       0x11 /home/robocon2026/ELECTO_CORE/SOFTWARE/stm32cubeide_1.9.0/plugins/com.st.stm32cube.ide.mcu.externaltools.gnu-tools-for-stm32.13.3.rel1.linux64_1.0.0.202410170706/tools/bin/../lib/gcc/arm-none-eabi/13.3.1/../../../../arm-none-eabi/lib/thumb/v7e-m+fp/hard/libc_nano.a(libc_a-mprec.o)
 *fill*         0x0800dcf9        0x3 
 .rodata.p05.0  0x0800dcfc        0xc /home/robocon2026/ELECTO_CORE/SOFTWARE/stm32cubeide_1.9.0/plugins/com.st.stm32cube.ide.mcu.externaltools.gnu-tools-for-stm32.13.3.rel1.linux64_1.0.0.202410170706/tools/bin/../lib/gcc/arm-none-eabi/13.3.1/../../../../arm-none-eabi/lib/thumb/v7e-m+fp/hard/libc_nano.a(libc_a-mprec.o)
 .rodata.__mprec_bigtens
                0x0800dd08       0x28 /home/robocon2026/ELECTO_CORE/SOFTWARE/stm32cubeide_1.9.0/plugins/com.st.stm32cube.ide.mcu.externaltools.gnu-tools-for-stm32.13.3.rel1.linux64_1.0.0.202410170706/tools/bin/../lib/gcc/arm-none-eabi/13.3.1/../../../../arm-none-eabi/lib/thumb/v7e-m+fp/hard/libc_nano.a(libc_a-mprec.o)
                0x0800dd08                __mprec_bigtens
 .rodata.__mprec_tens
                0x0800dd30       0xc8 /home/robocon2026/ELECTO_CORE/SOFTWARE/stm32cubeide_1.9.0/plugins/com.st.stm32cube.ide.mcu.externaltools.gnu-tools-for-stm32.13.3.rel1.linux64_1.0.0.202410170706/tools/bin/../lib/gcc/arm-none-eabi/13.3.1/../../../../arm-none-eabi/lib/thumb/v7e-m+fp/hard/libc_nano.a(libc_a-mprec.o)
                0x0800dd30                __mprec_tens
 .rodata._vfprintf_r.str1.1
                0x0800ddf8       0x11 /home/robocon2026/ELECTO_CORE/SOFTWARE/stm32cubeide_1.9.0/plugins/com.st.stm32cube.ide.mcu.externaltools.gnu-tools-for-stm32.13.3.rel1.linux64_1.0.0.202410170706/tools/bin/../lib/gcc/arm-none-eabi/13.3.1/../../../../arm-none-eabi/lib/thumb/v7e-m+fp/hard/libc_nano.a(libc_a-nano-vfprintf.o)
 .rodata._setlocale_r.str1.1
                0x0800ddf8        0x9 /home/robocon2026/ELECTO_CORE/SOFTWARE/stm32cubeide_1.9.0/plugins/com.st.stm32cube.ide.mcu.externaltools.gnu-tools-for-stm32.13.3.rel1.linux64_1.0.0.202410170706/tools/bin/../lib/gcc/arm-none-eabi/13.3.1/../../../../arm-none-eabi/lib/thumb/v7e-m+fp/hard/libc_nano.a(libc_a-locale.o)
 .rodata.str1.1
                0x0800ddf8        0x2 /home/robocon2026/ELECTO_CORE/SOFTWARE/stm32cubeide_1.9.0/plugins/com.st.stm32cube.ide.mcu.externaltools.gnu-tools-for-stm32.13.3.rel1.linux64_1.0.0.202410170706/tools/bin/../lib/gcc/arm-none-eabi/13.3.1/../../../../arm-none-eabi/lib/thumb/v7e-m+fp/hard/libc_nano.a(libc_a-locale.o)
 .rodata.__assert_func.str1.1
                0x0800ddf8       0x3d /home/robocon2026/ELECTO_CORE/SOFTWARE/stm32cubeide_1.9.0/plugins/com.st.stm32cube.ide.mcu.externaltools.gnu-tools-for-stm32.13.3.rel1.linux64_1.0.0.202410170706/tools/bin/../lib/gcc/arm-none-eabi/13.3.1/../../../../arm-none-eabi/lib/thumb/v7e-m+fp/hard/libc_nano.a(libc_a-assert.o)
 .rodata._ctype_
                0x0800ddf8      0x101 /home/robocon2026/ELECTO_CORE/SOFTWARE/stm32cubeide_1.9.0/plugins/com.st.stm32cube.ide.mcu.externaltools.gnu-tools-for-stm32.13.3.rel1.linux64_1.0.0.202410170706/tools/bin/../lib/gcc/arm-none-eabi/13.3.1/../../../../arm-none-eabi/lib/thumb/v7e-m+fp/hard/libc_nano.a(libc_a-ctype_.o)
                0x0800ddf8                _ctype_
                0x0800defc                        . = ALIGN (0x4)
 *fill*         0x0800def9        0x3 

.ARM.extab      0x0800defc        0x0
                0x0800defc                        . = ALIGN (0x4)
 *(.ARM.extab* .gnu.linkonce.armextab.*)
                0x0800defc                        . = ALIGN (0x4)

.ARM            0x0800defc        0x8
                0x0800defc                        . = ALIGN (0x4)
                0x0800defc                        __exidx_start = .
 *(.ARM.exidx*)
 .ARM.exidx     0x0800defc        0x8 /home/robocon2026/ELECTO_CORE/SOFTWARE/stm32cubeide_1.9.0/plugins/com.st.stm32cube.ide.mcu.externaltools.gnu-tools-for-stm32.13.3.rel1.linux64_1.0.0.202410170706/tools/bin/../lib/gcc/arm-none-eabi/13.3.1/../../../../arm-none-eabi/lib/thumb/v7e-m+fp/hard/libc_nano.a(libc_a-memchr.o)
 .ARM.exidx     0x0800df04        0x0 /home/robocon2026/ELECTO_CORE/SOFTWARE/stm32cubeide_1.9.0/plugins/com.st.stm32cube.ide.mcu.externaltools.gnu-tools-for-stm32.13.3.rel1.linux64_1.0.0.202410170706/tools/bin/../lib/gcc/arm-none-eabi/13.3.1/../../../../arm-none-eabi/lib/thumb/v7e-m+fp/hard/libc_nano.a(libc_a-strlen.o)
                                  0x8 (size before relaxing)
 .ARM.exidx     0x0800df04        0x0 /home/robocon2026/ELECTO_CORE/SOFTWARE/stm32cubeide_1.9.0/plugins/com.st.stm32cube.ide.mcu.externaltools.gnu-tools-for-stm32.13.3.rel1.linux64_1.0.0.202410170706/tools/bin/../lib/gcc/arm-none-eabi/13.3.1/thumb/v7e-m+fp/hard/libgcc.a(_udivmoddi4.o)
                                  0x8 (size before relaxing)
                0x0800df04                        __exidx_end = .
                0x0800df04                        . = ALIGN (0x4)

.preinit_array  0x0800df04        0x0
                0x0800df04                        . = ALIGN (0x4)
                0x0800df04                        PROVIDE (__preinit_array_start = .)
 *(.preinit_array*)
                0x0800df04                        PROVIDE (__preinit_array_end = .)
                0x0800df04                        . = ALIGN (0x4)

.init_array     0x0800df04        0x4
                0x0800df04                        . = ALIGN (0x4)
                0x0800df04                        PROVIDE (__init_array_start = .)
 *(SORT_BY_NAME(.init_array.*))
 *(.init_array*)
 .init_array    0x0800df04        0x4 /home/robocon2026/ELECTO_CORE/SOFTWARE/stm32cubeide_1.9.0/plugins/com.st.stm32cube.ide.mcu.externaltools.gnu-tools-for-stm32.13.3.rel1.linux64_1.0.0.202410170706/tools/bin/../lib/gcc/arm-none-eabi/13.3.1/thumb/v7e-m+fp/hard/crtbegin.o
                0x0800df08                        PROVIDE (__init_array_end = .)
                0x0800df08                        . = ALIGN (0x4)

.fini_array     0x0800df08        0x4
                0x0800df08                        . = ALIGN (0x4)
                [!provide]                        PROVIDE (__fini_array_start = .)
 *(SORT_BY_NAME(.fini_array.*))
 *(.fini_array*)
 .fini_array    0x0800df08        0x4 /home/robocon2026/ELECTO_CORE/SOFTWARE/stm32cubeide_1.9.0/plugins/com.st.stm32cube.ide.mcu.externaltools.gnu-tools-for-stm32.13.3.rel1.linux64_1.0.0.202410170706/tools/bin/../lib/gcc/arm-none-eabi/13.3.1/thumb/v7e-m+fp/hard/crtbegin.o
                [!provide]                        PROVIDE (__fini_array_end = .)
                0x0800df0c                        . = ALIGN (0x4)
                0x0800df0c                        _sidata = LOADADDR (.data)

.rel.dyn        0x0800df0c        0x0
 .rel.iplt      0x0800df0c        0x0 /home/robocon2026/ELECTO_CORE/SOFTWARE/stm32cubeide_1.9.0/plugins/com.st.stm32cube.ide.mcu.externaltools.gnu-tools-for-stm32.13.3.rel1.linux64_1.0.0.202410170706/tools/bin/../lib/gcc/arm-none-eabi/13.3.1/thumb/v7e-m+fp/hard/crtbegin.o

.data           0x20000000      0x1f4 load address 0x0800df0c
                0x20000000                        . = ALIGN (0x4)
                0x20000000                        _sdata = .
 *(.data)
 *(.data*)
 .data.SystemCoreClock
                0x20000000        0x4 ./Core/Src/system_stm32f4xx.o
                0x20000000                SystemCoreClock
 .data.uwTickPrio
                0x20000004        0x4 ./Drivers/STM32F4xx_HAL_Driver/Src/stm32f4xx_hal.o
                0x20000004                uwTickPrio
 .data.uwTickFreq
                0x20000008        0x1 ./Drivers/STM32F4xx_HAL_Driver/Src/stm32f4xx_hal.o
                0x20000008                uwTickFreq
 *fill*         0x20000009        0x3 
 .data.CDC_Class
                0x2000000c       0x20 ./Middlewares/ST/STM32_USB_Host_Library/Class/CDC/Src/usbh_cdc.o
                0x2000000c                CDC_Class
 .data.__sglue  0x2000002c        0xc /home/robocon2026/ELECTO_CORE/SOFTWARE/stm32cubeide_1.9.0/plugins/com.st.stm32cube.ide.mcu.externaltools.gnu-tools-for-stm32.13.3.rel1.linux64_1.0.0.202410170706/tools/bin/../lib/gcc/arm-none-eabi/13.3.1/../../../../arm-none-eabi/lib/thumb/v7e-m+fp/hard/libc_nano.a(libc_a-findfp.o)
                0x2000002c                __sglue
 .data._impure_ptr
                0x20000038        0x4 /home/robocon2026/ELECTO_CORE/SOFTWARE/stm32cubeide_1.9.0/plugins/com.st.stm32cube.ide.mcu.externaltools.gnu-tools-for-stm32.13.3.rel1.linux64_1.0.0.202410170706/tools/bin/../lib/gcc/arm-none-eabi/13.3.1/../../../../arm-none-eabi/lib/thumb/v7e-m+fp/hard/libc_nano.a(libc_a-impure.o)
                0x20000038                _impure_ptr
 .data._impure_data
                0x2000003c       0x4c /home/robocon2026/ELECTO_CORE/SOFTWARE/stm32cubeide_1.9.0/plugins/com.st.stm32cube.ide.mcu.externaltools.gnu-tools-for-stm32.13.3.rel1.linux64_1.0.0.202410170706/tools/bin/../lib/gcc/arm-none-eabi/13.3.1/../../../../arm-none-eabi/lib/thumb/v7e-m+fp/hard/libc_nano.a(libc_a-impure.o)
                0x2000003c                _impure_data
 .data.__global_locale