16:51:38 **** Incremental Build of configuration Debug for project locomotion ****
make -j12 all 
arm-none-eabi-gcc "../Core/Src/locomotion.c" -mcpu=cortex-m4 -std=gnu11 -g3 -DDEBUG -DUSE_HAL_DRIVER -DSTM32F407xx -c -I../USB_HOST/App -I../USB_HOST/Target -I../Core/Inc -I../Drivers/STM32F4xx_HAL_Driver/Inc -I../Drivers/STM32F4xx_HAL_Driver/Inc/Legacy -I../Middlewares/ST/STM32_USB_Host_Library/Core/Inc -I../Middlewares/ST/STM32_USB_Host_Library/Class/CDC/Inc -I../Drivers/CMSIS/Device/ST/STM32F4xx/Include -I../Drivers/CMSIS/Include -O0 -ffunction-sections -fdata-sections -Wall -fstack-usage -fcyclomatic-complexity -MMD -MP -MF"Core/Src/locomotion.d" -MT"Core/Src/locomotion.o" --specs=nano.specs -mfpu=fpv4-sp-d16 -mfloat-abi=hard -mthumb -o "Core/Src/locomotion.o"
arm-none-eabi-gcc -o "locomotion.elf" @"objects.list"   -mcpu=cortex-m4 -T"C:\Users\welcome\workspace_janu\ELECTRICAL-AND-EMBEDDED\STM32F407_Workspace\locomotion\STM32F407VGTX_FLASH.ld" --specs=nosys.specs -Wl,-Map="locomotion.map" -Wl,--gc-sections -static -u _printf_float --specs=nano.specs -mfpu=fpv4-sp-d16 -mfloat-abi=hard -mthumb -Wl,--start-group -lc -lm -Wl,--end-group
Finished building target: locomotion.elf
 
arm-none-eabi-size  locomotion.elf 
arm-none-eabi-objdump -h -S locomotion.elf  > "locomotion.list"
arm-none-eabi-objcopy  -O ihex locomotion.elf  "locomotion.hex"
   text	   data	    bss	    dec	    hex	filename
  57292	    500	   4540	  62332	   f37c	locomotion.elf
Finished building: default.size.stdout
 
Finished building: locomotion.hex
 
Finished building: locomotion.list
 
16:51:43 **** Incremental Build of configuration Debug for project locomotion ****
make -j12 all 
arm-none-eabi-size  locomotion.elf 
   text	   data	    bss	    dec	    hex	filename
  57292	    500	   4540	  62332	   f37c	locomotion.elf
Finished building: default.size.stdout
 
16:51:59 **** Incremental Build of configuration Debug for project locomotion ****
make -j12 all 
arm-none-eabi-size  locomotion.elf 
   text	   data	    bss	    dec	    hex	filename
  57292	    500	   4540	  62332	   f37c	locomotion.elf
Finished building: default.size.stdout
 
17:02:08 **** Incremental Build of configuration Debug for project locomotion ****
make -j12 all 
arm-none-eabi-size  locomotion.elf 
   text	   data	    bss	    dec	    hex	filename
  57292	    500	   4540	  62332	   f37c	locomotion.elf
Finished building: default.size.stdout
 
